Archive member included because of file (symbol)

../../bgdrtm/bgdrtm.a(dcbr.o)
                              main.o (mainproc)
../../bgdrtm/bgdrtm.a(sysprocs.o)
                              ../../bgdrtm/bgdrtm.a(dcbr.o) (sysprocs)
../../bgdrtm/bgdrtm.a(strings.o)
                              main.o (string_init)
../../bgdrtm/bgdrtm.a(dirs.o)
                              ../../bgdrtm/bgdrtm.a(dcbr.o) (dir_path_convert)
../../bgdrtm/bgdrtm.a(copy.o)
                              ../../bgdrtm/bgdrtm.a(sysprocs.o) (bgd_copy_struct)
../../bgdrtm/bgdrtm.a(misc.o)
                              main.o (appname)
../../bgdrtm/bgdrtm.a(instance.o)
                              main.o (instance_new)
../../bgdrtm/bgdrtm.a(interpreter.o)
                              main.o (instance_go_all)
../../bgdrtm/bgdrtm.a(files.o)
                              ../../bgdrtm/bgdrtm.a(dcbr.o) (file_eof)
../../bgdrtm/bgdrtm.a(xctype.o)
                              main.o (init_c_type)
../../bgdrtm/bgdrtm.a(mod_say.o)
                              ../../bgdrtm/bgdrtm.a(sysprocs.o) (modsay_say)
../../bgdrtm/bgdrtm.a(mod_string.o)
                              ../../bgdrtm/bgdrtm.a(sysprocs.o) (modstring_strlen)
../../bgdrtm/bgdrtm.a(mod_math.o)
                              ../../bgdrtm/bgdrtm.a(sysprocs.o) (math_abs)
../../bgdrtm/bgdrtm.a(mod_time.o)
                              ../../bgdrtm/bgdrtm.a(sysprocs.o) (modtime_get_timer)
../../bgdrtm/bgdrtm.a(mod_file.o)
                              ../../bgdrtm/bgdrtm.a(sysprocs.o) (modfile_save)
../../bgdrtm/bgdrtm.a(mod_sound.o)
                              ../../bgdrtm/bgdrtm.a(sysprocs.o) (mod_sound_globals_fixup)
../../bgdrtm/bgdrtm.a(libsdlhandler.o)
                              ../../bgdrtm/bgdrtm.a(sysprocs.o) (libsdlhandler_module_initialize)
../../bgdrtm/bgdrtm.a(libjoy.o)
                              ../../bgdrtm/bgdrtm.a(sysprocs.o) (libjoy_module_initialize)
../../bgdrtm/bgdrtm.a(mod_joy.o)
                              ../../bgdrtm/bgdrtm.a(sysprocs.o) (modjoy_num)
../../bgdrtm/bgdrtm.a(mod_proc.o)
                              ../../bgdrtm/bgdrtm.a(sysprocs.o) (mod_proc_locals_fixup)
../../bgdrtm/bgdrtm.a(mod_sort.o)
                              ../../bgdrtm/bgdrtm.a(sysprocs.o) (modsort_sort)
../../bgdrtm/bgdrtm.a(mod_timers.o)
                              ../../bgdrtm/bgdrtm.a(sysprocs.o) (mod_timers_globals_fixup)
../../bgdrtm/bgdrtm.a(mod_regex.o)
                              ../../bgdrtm/bgdrtm.a(sysprocs.o) (mod_regex_globals_fixup)
../../bgdrtm/bgdrtm.a(regex.o)
                              ../../bgdrtm/bgdrtm.a(mod_regex.o) (re_syntax_options)
../../bgdrtm/bgdrtm.a(g_conversion.o)
                              ../../bgdrtm/bgdrtm.a(sysprocs.o) (libgrbase_globals_fixup)
../../bgdrtm/bgdrtm.a(libgrbase.o)
                              ../../bgdrtm/bgdrtm.a(g_conversion.o) (sys_pixel_format)
../../bgdrtm/bgdrtm.a(varspace_file.o)
                              ../../bgdrtm/bgdrtm.a(mod_file.o) (loadtypes)
../../bgdrtm/bgdrtm.a(g_bitmap.o)
                              ../../bgdrtm/bgdrtm.a(libgrbase.o) (bitmap_create_format)
../../bgdrtm/bgdrtm.a(g_grlib.o)
                              ../../bgdrtm/bgdrtm.a(g_bitmap.o) (syslib)
../../bgdrtm/bgdrtm.a(g_pal.o)
                              ../../bgdrtm/bgdrtm.a(g_conversion.o) (default_palette)
/usr/lib/libc_nonshared.a(elf-init.oS)
                              /usr/lib/gcc/i486-linux-gnu/4.4.3/../../../../lib/crt1.o (__libc_csu_fini)
/usr/lib/libc_nonshared.a(stat.oS)
                              ../../bgdrtm/bgdrtm.a(dirs.o) (stat)

Allocating common symbols
Common symbol       size              file

c_lower             0x100             ../../bgdrtm/bgdrtm.a(xctype.o)
trans_table         0x10000           ../../bgdrtm/bgdrtm.a(g_pal.o)
colorghost          0x20000           ../../bgdrtm/bgdrtm.a(g_pal.o)
c_upper             0x100             ../../bgdrtm/bgdrtm.a(xctype.o)
default_colorequiv  0x400             ../../bgdrtm/bgdrtm.a(g_pal.o)
dcb                 0xb8              ../../bgdrtm/bgdrtm.a(dcbr.o)
c_type              0x100             ../../bgdrtm/bgdrtm.a(xctype.o)

Discarded input sections

 .note.GNU-stack
                0x0000000000000000        0x0 /usr/lib/gcc/i486-linux-gnu/4.4.3/../../../../lib/crt1.o
 .gnu_debuglink
                0x0000000000000000        0xc /usr/lib/gcc/i486-linux-gnu/4.4.3/../../../../lib/crt1.o
 .note.GNU-stack
                0x0000000000000000        0x0 /usr/lib/gcc/i486-linux-gnu/4.4.3/../../../../lib/crti.o
 .gnu_debuglink
                0x0000000000000000        0xc /usr/lib/gcc/i486-linux-gnu/4.4.3/../../../../lib/crti.o
 .note.GNU-stack
                0x0000000000000000        0x0 /usr/lib/gcc/i486-linux-gnu/4.4.3/crtbegin.o
 .note.GNU-stack
                0x0000000000000000        0x0 main.o
 .note.GNU-stack
                0x0000000000000000        0x0 ../../bgdrtm/bgdrtm.a(dcbr.o)
 .note.GNU-stack
[...]
Memory Configuration

Name             Origin             Length             Attributes
*default*        0x0000000000000000 0xffffffffffffffff

Linker script and memory map

LOAD /usr/lib/gcc/i486-linux-gnu/4.4.3/../../../../lib/crt1.o
LOAD /usr/lib/gcc/i486-linux-gnu/4.4.3/../../../../lib/crti.o
LOAD /usr/lib/gcc/i486-linux-gnu/4.4.3/crtbegin.o
LOAD main.o
LOAD ../../bgdrtm/bgdrtm.a
LOAD /usr/lib/libSDL_mixer.so
LOAD /usr/lib/libsmpeg.so
LOAD /usr/lib/libjpeg.so
LOAD /usr/lib/libpng.so
LOAD /usr/lib/libSDL.so
LOAD /usr/lib/libvorbis.so
LOAD /usr/lib/libz.so
LOAD /usr/lib/libc.so
START GROUP
LOAD /lib/libc.so.6
LOAD /usr/lib/libc_nonshared.a
LOAD /lib/ld-linux.so.2
END GROUP
LOAD /usr/lib/gcc/i486-linux-gnu/4.4.3/libstdc++.so
LOAD /usr/lib/gcc/i486-linux-gnu/4.4.3/libgcc.a
LOAD /usr/lib/gcc/i486-linux-gnu/4.4.3/libgcc_s.so
LOAD /usr/lib/libc.so
START GROUP
LOAD /lib/libc.so.6
LOAD /usr/lib/libc_nonshared.a
LOAD /lib/ld-linux.so.2
END GROUP
LOAD /usr/lib/gcc/i486-linux-gnu/4.4.3/libgcc.a
LOAD /usr/lib/gcc/i486-linux-gnu/4.4.3/libgcc_s.so
LOAD /usr/lib/gcc/i486-linux-gnu/4.4.3/crtend.o
LOAD /usr/lib/gcc/i486-linux-gnu/4.4.3/../../../../lib/crtn.o
                0x0000000008048000                PROVIDE (__executable_start, 0x8048000)
                0x0000000008048134                . = (0x8048000 + SIZEOF_HEADERS)

.interp         0x0000000008048134       0x13
 *(.interp)
 .interp        0x0000000008048134       0x13 /usr/lib/gcc/i486-linux-gnu/4.4.3/../../../../lib/crt1.o

.note.ABI-tag   0x0000000008048148       0x20
 .note.ABI-tag  0x0000000008048148       0x20 /usr/lib/gcc/i486-linux-gnu/4.4.3/../../../../lib/crt1.o

.note.gnu.build-id
                0x0000000008048168       0x24
 *(.note.gnu.build-id)
 .note.gnu.build-id
                0x0000000008048168       0x24 /usr/lib/gcc/i486-linux-gnu/4.4.3/../../../../lib/crt1.o

.hash           0x000000000804818c      0x49c
 *(.hash)
 .hash          0x000000000804818c      0x49c /usr/lib/gcc/i486-linux-gnu/4.4.3/../../../../lib/crt1.o

.gnu.hash       0x0000000008048628       0xbc
 *(.gnu.hash)
 .gnu.hash      0x0000000008048628       0xbc /usr/lib/gcc/i486-linux-gnu/4.4.3/../../../../lib/crt1.o

.dynsym         0x00000000080486e4      0xa20
 *(.dynsym)
 .dynsym        0x00000000080486e4      0xa20 /usr/lib/gcc/i486-linux-gnu/4.4.3/../../../../lib/crt1.o

.dynstr         0x0000000008049104      0x75f
 *(.dynstr)
 .dynstr        0x0000000008049104      0x75f /usr/lib/gcc/i486-linux-gnu/4.4.3/../../../../lib/crt1.o

.gnu.version    0x0000000008049864      0x144
 *(.gnu.version)
 .gnu.version   0x0000000008049864      0x144 /usr/lib/gcc/i486-linux-gnu/4.4.3/../../../../lib/crt1.o

.gnu.version_d  0x00000000080499a8        0x0
 *(.gnu.version_d)
 .gnu.version_d
                0x0000000000000000        0x0 /usr/lib/gcc/i486-linux-gnu/4.4.3/../../../../lib/crt1.o

.gnu.version_r  0x00000000080499a8       0x80
 *(.gnu.version_r)
 .gnu.version_r
                0x00000000080499a8       0x80 /usr/lib/gcc/i486-linux-gnu/4.4.3/../../../../lib/crt1.o

.rel.dyn        0x0000000008049a28       0x18
 *(.rel.init)
 *(.rel.text .rel.text.* .rel.gnu.linkonce.t.*)
 .rel.text      0x0000000000000000        0x0 /usr/lib/gcc/i486-linux-gnu/4.4.3/../../../../lib/crt1.o
 *(.rel.fini)
 *(.rel.rodata .rel.rodata.* .rel.gnu.linkonce.r.*)
 *(.rel.data.rel.ro* .rel.gnu.linkonce.d.rel.ro.*)
 *(.rel.data .rel.data.* .rel.gnu.linkonce.d.*)
 .rel.data      0x0000000000000000        0x0 /usr/lib/gcc/i486-linux-gnu/4.4.3/../../../../lib/crt1.o
 *(.rel.tdata .rel.tdata.* .rel.gnu.linkonce.td.*)
 *(.rel.tbss .rel.tbss.* .rel.gnu.linkonce.tb.*)
 *(.rel.ctors)
 *(.rel.dtors)
 *(.rel.got)
 .rel.got       0x0000000008049a28        0x8 /usr/lib/gcc/i486-linux-gnu/4.4.3/../../../../lib/crt1.o
 *(.rel.bss .rel.bss.* .rel.gnu.linkonce.b.*)
 .rel.bss       0x0000000008049a30       0x10 /usr/lib/gcc/i486-linux-gnu/4.4.3/../../../../lib/crt1.o
 *(.rel.ifunc)

.rel.plt        0x0000000008049a40      0x450
 *(.rel.plt)
 .rel.plt       0x0000000008049a40      0x450 /usr/lib/gcc/i486-linux-gnu/4.4.3/../../../../lib/crt1.o
                0x0000000008049e90                PROVIDE (__rel_iplt_start, .)
 *(.rel.iplt)
 .rel.iplt      0x0000000000000000        0x0 /usr/lib/gcc/i486-linux-gnu/4.4.3/../../../../lib/crt1.o
                0x0000000008049e90                PROVIDE (__rel_iplt_end, .)

.init           0x0000000008049e90       0x30
 *(.init)
 .init          0x0000000008049e90       0x22 /usr/lib/gcc/i486-linux-gnu/4.4.3/../../../../lib/crti.o
                0x0000000008049e90                _init
 .init          0x0000000008049eb2        0x5 /usr/lib/gcc/i486-linux-gnu/4.4.3/crtbegin.o
 .init          0x0000000008049eb7        0x5 /usr/lib/gcc/i486-linux-gnu/4.4.3/crtend.o
 .init          0x0000000008049ebc        0x4 /usr/lib/gcc/i486-linux-gnu/4.4.3/../../../../lib/crtn.o

.plt            0x0000000008049ec0      0x8b0
 *(.plt)
 .plt           0x0000000008049ec0      0x8b0 /usr/lib/gcc/i486-linux-gnu/4.4.3/../../../../lib/crt1.o
                0x0000000008049ed0                rewind@@GLIBC_2.0
                0x0000000008049ee0                strcat@@GLIBC_2.0
                0x0000000008049ef0                fread@@GLIBC_2.0
                0x0000000008049f00                Mix_Resume
                0x0000000008049f10                Mix_LoadMUS_RW
                0x0000000008049f20                mkdir@@GLIBC_2.0
                0x0000000008049f30                Mix_CloseAudio
                0x0000000008049f40                atan2@@GLIBC_2.0
                0x0000000008049f50                Mix_PlayChannelTimed
                0x0000000008049f60                Mix_SetPosition
                0x0000000008049f70                gzseek
                0x0000000008049f80                gzeof
                0x0000000008049f90                strdup@@GLIBC_2.0
                0x0000000008049fa0                SDL_PeepEvents
                0x0000000008049fb0                SDL_JoystickClose
                0x0000000008049fc0                SDL_JoystickOpen
                0x0000000008049fd0                calloc@@GLIBC_2.0
                0x0000000008049fe0                SDL_JoystickNumAxes
                0x0000000008049ff0                Mix_FreeChunk
                0x000000000804a000                SDL_JoystickName
                0x000000000804a010                strncat@@GLIBC_2.0
                0x000000000804a020                fgets@@GLIBC_2.0
                0x000000000804a030                fwrite@@GLIBC_2.0
                0x000000000804a040                memcpy@@GLIBC_2.0
                0x000000000804a050                tan@@GLIBC_2.0
                0x000000000804a060                malloc@@GLIBC_2.0
                0x000000000804a070                strlen@@GLIBC_2.0
                0x000000000804a080                fprintf@@GLIBC_2.0
                0x000000000804a090                globfree@@GLIBC_2.0
                0x000000000804a0a0                getcwd@@GLIBC_2.0
                0x000000000804a0b0                SDL_WasInit
                0x000000000804a0c0                atof@@GLIBC_2.0
                0x000000000804a0d0                gztell
                0x000000000804a0e0                SDL_AllocRW
                0x000000000804a0f0                sprintf@@GLIBC_2.0
                0x000000000804a100                SDL_NumJoysticks
                0x000000000804a110                __xstat@@GLIBC_2.0
                0x000000000804a120                Mix_FadeInMusic
                0x000000000804a130                Mix_OpenAudio
                0x000000000804a140                Mix_PlayingMusic
                0x000000000804a150                __isnan@@GLIBC_2.0
                0x000000000804a160                strcmp@@GLIBC_2.0
                0x000000000804a170                SDL_GetError
                0x000000000804a180                toupper@@GLIBC_2.0
                0x000000000804a190                time@@GLIBC_2.0
                0x000000000804a1a0                memchr@@GLIBC_2.0
                0x000000000804a1b0                tolower@@GLIBC_2.0
                0x000000000804a1c0                strncpy@@GLIBC_2.0
                0x000000000804a1d0                fflush@@GLIBC_2.0
                0x000000000804a1e0                Mix_VolumeMusic
                0x000000000804a1f0                memcmp@@GLIBC_2.0
                0x000000000804a200                Mix_SetPanning
                0x000000000804a210                Mix_PauseMusic
                0x000000000804a220                SDL_PumpEvents
                0x000000000804a230                Mix_SetDistance
                0x000000000804a240                __strcpy_chk@@GLIBC_2.3.4
                0x000000000804a250                strrchr@@GLIBC_2.0
                0x000000000804a260                fseek@@GLIBC_2.0
                0x000000000804a270                fputs@@GLIBC_2.0
                0x000000000804a280                Mix_FreeMusic
                0x000000000804a290                SDL_JoystickEventState
                0x000000000804a2a0                acos@@GLIBC_2.0
                0x000000000804a2b0                sin@@GLIBC_2.0
                0x000000000804a2c0                SDL_JoystickNumHats
                0x000000000804a2d0                SDL_InitSubSystem
                0x000000000804a2e0                SDL_FreeRW
                0x000000000804a2f0                strchr@@GLIBC_2.0
                0x000000000804a300                Mix_ResumeMusic
                0x000000000804a310                rename@@GLIBC_2.0
                0x000000000804a320                SDL_JoystickGetAxis
                0x000000000804a330                __libc_start_main@@GLIBC_2.0
                0x000000000804a340                SDL_JoystickNumBalls
                0x000000000804a350                chdir@@GLIBC_2.0
                0x000000000804a360                glob@@GLIBC_2.0
                0x000000000804a370                __strcat_chk@@GLIBC_2.3.4
                0x000000000804a380                Mix_FadeOutMusic
                0x000000000804a390                atan@@GLIBC_2.0
                0x000000000804a3a0                SDL_GetTicks
                0x000000000804a3b0                Mix_HaltMusic
                0x000000000804a3c0                SDL_JoystickGetHat
                0x000000000804a3d0                SDL_JoystickNumButtons
                0x000000000804a3e0                __ctype_b_loc@@GLIBC_2.3
                0x000000000804a3f0                __stack_chk_fail@@GLIBC_2.4
                0x000000000804a400                gzrewind
                0x000000000804a410                sqrt@@GLIBC_2.0
                0x000000000804a420                Mix_SetReverseStereo
                0x000000000804a430                SDL_QuitSubSystem
                0x000000000804a440                Mix_AllocateChannels
                0x000000000804a450                free@@GLIBC_2.0
                0x000000000804a460                Mix_Volume
                0x000000000804a470                strncmp@@GLIBC_2.0
                0x000000000804a480                qsort@@GLIBC_2.0
                0x000000000804a490                __isinf@@GLIBC_2.0
                0x000000000804a4a0                Mix_QuerySpec
                0x000000000804a4b0                bcopy@@GLIBC_2.0
                0x000000000804a4c0                exit@@GLIBC_2.0
                0x000000000804a4d0                printf@@GLIBC_2.0
                0x000000000804a4e0                gzwrite
                0x000000000804a4f0                gzopen
                0x000000000804a500                asin@@GLIBC_2.0
                0x000000000804a510                feof@@GLIBC_2.0
                0x000000000804a520                puts@@GLIBC_2.0
                0x000000000804a530                Mix_VolumeChunk
                0x000000000804a540                atoi@@GLIBC_2.0
                0x000000000804a550                Mix_ReserveChannels
                0x000000000804a560                Mix_PlayMusic
                0x000000000804a570                SDL_JoystickGetButton
                0x000000000804a580                cos@@GLIBC_2.0
                0x000000000804a590                memset@@GLIBC_2.0
                0x000000000804a5a0                putchar@@GLIBC_2.0
                0x000000000804a5b0                strftime@@GLIBC_2.0
                0x000000000804a5c0                remove@@GLIBC_2.0
                0x000000000804a5d0                SDL_JoystickUpdate
                0x000000000804a5e0                gzclose
                0x000000000804a5f0                gzgets
                0x000000000804a600                snprintf@@GLIBC_2.0
                0x000000000804a610                __strdup@@GLIBC_2.0
                0x000000000804a620                Mix_HaltChannel
                0x000000000804a630                Mix_Playing
                0x000000000804a640                abort@@GLIBC_2.0
                0x000000000804a650                pow@@GLIBC_2.0
                0x000000000804a660                fclose@@GLIBC_2.1
                0x000000000804a670                Mix_Pause
                0x000000000804a680                memmove@@GLIBC_2.0
                0x000000000804a690                rmdir@@GLIBC_2.0
                0x000000000804a6a0                unlink@@GLIBC_2.0
                0x000000000804a6b0                gzread
                0x000000000804a6c0                Mix_LoadWAV_RW
                0x000000000804a6e0                strcpy@@GLIBC_2.0
                0x000000000804a6f0                localtime@@GLIBC_2.0
                0x000000000804a700                __assert_fail@@GLIBC_2.0
                0x000000000804a710                SDL_JoystickGetBall
                0x000000000804a720                bzero@@GLIBC_2.0
                0x000000000804a730                bcmp@@GLIBC_2.0
                0x000000000804a740                realloc@@GLIBC_2.0
                0x000000000804a750                fopen@@GLIBC_2.1
                0x000000000804a760                ftell@@GLIBC_2.0
 *(.iplt)
 .iplt          0x0000000000000000        0x0 /usr/lib/gcc/i486-linux-gnu/4.4.3/../../../../lib/crt1.o

.text           0x000000000804a770    0x1e26c
 *(.text.unlikely .text.*_unlikely)
 *(.text .stub .text.* .gnu.linkonce.t.*)
 .text          0x000000000804a770       0x24 /usr/lib/gcc/i486-linux-gnu/4.4.3/../../../../lib/crt1.o
                0x000000000804a770                _start
 .text          0x000000000804a794        0x0 /usr/lib/gcc/i486-linux-gnu/4.4.3/../../../../lib/crti.o
 *fill*         0x000000000804a794        0xc 90909090
 .text          0x000000000804a7a0       0x83 /usr/lib/gcc/i486-linux-gnu/4.4.3/crtbegin.o
 *fill*         0x000000000804a823        0x1 90909090
 .text          0x000000000804a824      0x538 main.o
                0x000000000804a824                main
 .text          0x000000000804ad5c     0x18e4 ../../bgdrtm/bgdrtm.a(dcbr.o)
                0x000000000804ad5c                sysprocs_fixup
                0x000000000804ae22                procdef_get
                0x000000000804ae54                procdef_get_by_name
                0x000000000804b13a                dcb_load
                0x000000000804b1b0                read_and_arrange_varspace
                0x000000000804b226                dcb_load_from
                0x000000000804c5a2                getid_name
                0x000000000804c5ea                getid
 .text          0x000000000804c640     0x18c2 ../../bgdrtm/bgdrtm.a(sysprocs.o)
                0x000000000804d360                compare_priority
                0x000000000804d375                sysproc_add
                0x000000000804d485                sysproc_get
                0x000000000804d499                sysproc_add_tab
                0x000000000804d4e6                sysproc_init
                0x000000000804dead                sysproc_name
 *fill*         0x000000000804df02        0x2 90909090
 .text          0x000000000804df04     0x1b9c ../../bgdrtm/bgdrtm.a(strings.o)
                0x000000000804df04                _string_ptoa
                0x000000000804e07e                _string_ntoa
                0x000000000804e127                _string_utoa
                0x000000000804e2c8                string_init
                0x000000000804e2fa                string_dump
                0x000000000804e4ee                string_get
                0x000000000804e539                string_load
                0x000000000804e758                string_use
                0x000000000804e771                string_discard
                0x000000000804eb08                string_new
                0x000000000804eb79                string_newa
                0x000000000804ec12                string_concat
                0x000000000804ed20                string_add
                0x000000000804ee5b                string_ptoa
                0x000000000804eedf                string_ftoa
                0x000000000804efca                string_itoa
                0x000000000804f04e                string_uitoa
                0x000000000804f0d2                string_comp
                0x000000000804f108                string_char
                0x000000000804f17a                string_substr
                0x000000000804f2bb                string_find
                0x000000000804f3f8                string_ucase
                0x000000000804f4e3                string_lcase
                0x000000000804f5ce                string_strip
                0x000000000804f6c9                string_format
                0x000000000804f8aa                string_casecmp
                0x000000000804f943                string_pad
 .text          0x000000000804faa0      0x6ed ../../bgdrtm/bgdrtm.a(dirs.o)
                0x000000000804faa0                dir_path_convert
                0x000000000804fadf                dir_current
                0x000000000804fafb                dir_change
                0x000000000804fb2d                dir_create
                0x000000000804fb67                dir_delete
                0x000000000804fb99                dir_deletefile
                0x000000000804fbd2                dir_open
                0x000000000804fd7e                dir_close
                0x000000000804fdac                dir_read
 *fill*         0x000000000805018d        0x3 90909090
 .text          0x0000000008050190      0x2f5 ../../bgdrtm/bgdrtm.a(copy.o)
                0x0000000008050190                copyvars
                0x00000000080501e0                copytypes
                0x00000000080503ff                bgd_copy_struct
                0x000000000805044f                bgd_internal_memcopy
 *fill*         0x0000000008050485        0x3 90909090
 .text          0x0000000008050488      0x150 ../../bgdrtm/bgdrtm.a(misc.o)
                0x0000000008050488                strncmpi
                0x0000000008050516                bgdrtm_entry
                0x0000000008050596                bgdrtm_exit
 .text          0x00000000080505d8     0x1391 ../../bgdrtm/bgdrtm.a(instance.o)
                0x00000000080505d8                instance_add_to_list_by_id
                0x000000000805061b                instance_remove_from_list_by_id
                0x0000000008050639                instance_add_to_list_by_instance
                0x00000000080506b9                instance_remove_from_list_by_instance
                0x000000000805072b                instance_add_to_list_by_type
                0x00000000080507a8                instance_remove_from_list_by_type
                0x0000000008050817                instance_add_to_list_by_priority
                0x00000000080508fe                instance_remove_from_list_by_priority
                0x0000000008050a2d                instance_dirty
                0x0000000008050a59                instance_get
                0x0000000008050a89                instance_getid
                0x0000000008050bfb                instance_duplicate
                0x000000000805103c                instance_new
                0x0000000008051466                instance_getfather
                0x0000000008051480                instance_getson
                0x000000000805149a                instance_getbigbro
                0x00000000080514b4                instance_getsmallbro
                0x00000000080514ce                instance_destroy_all
                0x0000000008051508                instance_destroy
                0x00000000080517ae                instance_exists
                0x000000000805180c                instance_next_by_priority
                0x00000000080518cb                instance_get_by_type
 *fill*         0x0000000008051969        0x3 90909090
 .text          0x000000000805196c     0x4a98 ../../bgdrtm/bgdrtm.a(interpreter.o)
                0x000000000805196c                instance_go_all
                0x0000000008051c0c                instance_go
 *fill*         0x0000000008056404        0xc 90909090
 .text          0x0000000008056410     0x14b2 ../../bgdrtm/bgdrtm.a(files.o)
                0x0000000008056410                file_fp
                0x0000000008056460                file_eof
                0x00000000080564c0                file_move
                0x00000000080564d0                file_remove
                0x00000000080564e0                file_addp
                0x00000000080565e0                file_close
                0x0000000008056640                xfile_init
                0x0000000008056670                file_add_xfile
                0x0000000008056810                file_open
                0x0000000008056b50                file_exists
                0x0000000008056b80                file_rewind
                0x0000000008056bd0                file_seek
                0x0000000008056d20                file_pos
                0x0000000008056d70                file_write
                0x0000000008056e90                file_writeSint32A
                0x0000000008056ec0                file_writeUint32A
                0x0000000008056ed0                file_writeSint16A
                0x0000000008056f00                file_writeUint16A
                0x0000000008056f10                file_writeUint8A
                0x0000000008056f20                file_writeSint8A
                0x0000000008056f30                file_writeSint32
                0x0000000008056f60                file_writeUint32
                0x0000000008056f70                file_writeSint16
                0x0000000008056fa0                file_writeUint16
                0x0000000008056fb0                file_writeUint8
                0x0000000008056fe0                file_writeSint8
                0x0000000008057010                file_puts
                0x0000000008057040                file_qputs
                0x0000000008057140                file_gets
                0x0000000008057320                file_qgets
                0x0000000008057530                file_read
                0x0000000008057670                file_size
                0x0000000008057750                file_readSint32A
                0x0000000008057780                file_readUint32A
                0x0000000008057790                file_readSint16A
                0x00000000080577c0                file_readUint16A
                0x00000000080577d0                file_readUint8A
                0x00000000080577e0                file_readSint8A
                0x00000000080577f0                file_readSint32
                0x0000000008057820                file_readUint32
                0x0000000008057830                file_readSint16
                0x0000000008057860                file_readUint16
                0x0000000008057870                file_readUint8
                0x00000000080578a0                file_readSint8
 *fill*         0x00000000080578c2        0xe 90909090
 .text          0x00000000080578d0      0x470 ../../bgdrtm/bgdrtm.a(xctype.o)
                0x00000000080578d0                convert
                0x00000000080578f0                init_c_type
 .text          0x0000000008057d40       0x6b ../../bgdrtm/bgdrtm.a(mod_say.o)
                0x0000000008057d40                modsay_say
                0x0000000008057d7c                modsay_say_fast
 *fill*         0x0000000008057dab        0x1 90909090
 .text          0x0000000008057dac      0x5b3 ../../bgdrtm/bgdrtm.a(mod_string.o)
                0x0000000008057dac                modstring_strlen
                0x0000000008057def                modstring_strupper
                0x0000000008057e22                modstring_strlower
                0x0000000008057e55                modstring_strcasecmp
                0x0000000008057e99                modstring_substr
                0x0000000008057efd                modstring_substr2
                0x0000000008057f44                modstring_strfind
                0x0000000008057f90                modstring_strfindSSI
                0x0000000008057fe0                modstring_lpad
                0x0000000008058027                modstring_rpad
                0x000000000805806e                modstring_itos
                0x0000000008058094                modstring_ftos
                0x00000000080580ba                modstring_stoi
                0x00000000080580fd                modstring_stof
                0x0000000008058145                modstring_asc
                0x0000000008058186                modstring_chr
                0x00000000080581bd                modstring_trim
                0x000000000805824d                modstring_strrev
                0x000000000805829b                modstring_formatI
                0x00000000080582df                modstring_formatF
                0x000000000805831d                modstring_formatFI
 *fill*         0x000000000805835f        0x1 90909090
 .text          0x0000000008058360      0x563 ../../bgdrtm/bgdrtm.a(mod_math.o)
                0x0000000008058360                math_abs
                0x0000000008058395                math_pow
                0x00000000080583c6                math_sqrt
                0x0000000008058400                math_cos
                0x0000000008058439                math_sin
                0x0000000008058472                math_tan
                0x00000000080584ab                math_acos
                0x00000000080584e4                math_asin
                0x000000000805851d                math_atan
                0x0000000008058556                math_atan2
                0x00000000080585a3                math_isinf
                0x00000000080585be                math_isnan
                0x00000000080585d9                math_finite
                0x0000000008058604                math_get_disty
                0x0000000008058664                math_fget_angle
                0x000000000805872e                math_fget_dist
                0x00000000080587a0                math_near_angle
                0x0000000008058865                math_get_distx
 *fill*         0x00000000080588c3        0x1 90909090
 .text          0x00000000080588c4      0x161 ../../bgdrtm/bgdrtm.a(mod_time.o)
                0x00000000080588c4                modtime_get_timer
                0x00000000080588d1                modtime_time
                0x00000000080588e5                modtime_ftime
                0x00000000080589dd                mod_time_module_initialize
                0x0000000008058a01                mod_time_module_finalize
 *fill*         0x0000000008058a25        0x3 90909090
 .text          0x0000000008058a28      0x6d8 ../../bgdrtm/bgdrtm.a(mod_file.o)
                0x0000000008058a28                modfile_save
                0x0000000008058ac7                modfile_load
                0x0000000008058b66                modfile_fopen
                0x0000000008058bd0                modfile_fclose
                0x0000000008058bea                modfile_fread
                0x0000000008058c34                modfile_fwrite
                0x0000000008058c7e                modfile_freadC
                0x0000000008058cad                modfile_fwriteC
                0x0000000008058cdc                modfile_fseek
                0x0000000008058d09                modfile_frewind
                0x0000000008058d23                modfile_ftell
                0x0000000008058d38                modfile_filelength
                0x0000000008058d4d                modfile_fputs
                0x0000000008058dbf                modfile_fgets
                0x0000000008058f0d                modfile_file
                0x0000000008059030                modfile_feof
                0x0000000008059045                modfile_exists
                0x0000000008059075                modfile_remove
                0x00000000080590a5                modfile_move
 .text          0x0000000008059100      0xd1a ../../bgdrtm/bgdrtm.a(mod_sound.o)
                0x0000000008059a54                modsound_load_song
                0x0000000008059a97                modsound_play_song
                0x0000000008059ac9                modsound_unload_song
                0x0000000008059aef                modsound_stop_song
                0x0000000008059afc                modsound_pause_song
                0x0000000008059b09                modsound_resume_song
                0x0000000008059b16                modsound_is_playing_song
                0x0000000008059b23                modsound_set_song_volume
                0x0000000008059b38                modsound_fade_music_in
                0x0000000008059b76                modsound_fade_music_off
                0x0000000008059b8b                modsound_load_wav
                0x0000000008059bce                modsound_play_wav
                0x0000000008059c08                modsound_play_wav_channel
                0x0000000008059c46                modsound_unload_wav
                0x0000000008059c6c                modsound_stop_wav
                0x0000000008059c81                modsound_pause_wav
                0x0000000008059c96                modsound_resume_wav
                0x0000000008059cab                modsound_is_playing_wav
                0x0000000008059cc0                modsound_set_channel_volume
                0x0000000008059ce1                modsound_reserve_channels
                0x0000000008059cf6                modsound_set_wav_volume
                0x0000000008059d17                modsound_set_panning
                0x0000000008059d44                modsound_set_position
                0x0000000008059d71                modsound_set_distance
                0x0000000008059d92                modsound_reverse_stereo
                0x0000000008059db3                modsound_init
                0x0000000008059dc0                modsound_close
                0x0000000008059dd2                mod_sound_module_initialize
                0x0000000008059df6                mod_sound_module_finalize
 *fill*         0x0000000008059e1a        0x2 90909090
 .text          0x0000000008059e1c       0x7c ../../bgdrtm/bgdrtm.a(libsdlhandler.o)
                0x0000000008059e50                libsdlhandler_module_initialize
                0x0000000008059e74                libsdlhandler_module_finalize
 .text          0x0000000008059e98      0x5da ../../bgdrtm/bgdrtm.a(libjoy.o)
                0x0000000008059e98                libjoy_num
                0x0000000008059ea2                libjoy_name
                0x0000000008059ece                libjoy_select
                0x0000000008059ee0                libjoy_buttons
                0x0000000008059f1b                libjoy_axes
                0x0000000008059f56                libjoy_get_button
                0x0000000008059f9b                libjoy_get_position
                0x0000000008059fde                libjoy_hats
                0x000000000805a019                libjoy_balls
                0x000000000805a054                libjoy_get_hat
                0x000000000805a0b8                libjoy_get_ball
                0x000000000805a125                libjoy_buttons_specific
                0x000000000805a156                libjoy_axes_specific
                0x000000000805a187                libjoy_get_button_specific
                0x000000000805a1df                libjoy_get_position_specific
                0x000000000805a235                libjoy_hats_specific
                0x000000000805a266                libjoy_balls_specific
                0x000000000805a297                libjoy_get_hat_specific
                0x000000000805a2ef                libjoy_get_ball_specific
                0x000000000805a352                libjoy_module_initialize
                0x000000000805a417                libjoy_module_finalize
 *fill*         0x000000000805a472        0x2 90909090
 .text          0x000000000805a474      0x1d4 ../../bgdrtm/bgdrtm.a(mod_joy.o)
                0x000000000805a474                modjoy_num
                0x000000000805a481                modjoy_name
                0x000000000805a496                modjoy_select
                0x000000000805a4ab                modjoy_buttons
                0x000000000805a4b8                modjoy_axes
                0x000000000805a4c5                modjoy_get_button
                0x000000000805a4da                modjoy_get_position
                0x000000000805a4ef                modjoy_hats
                0x000000000805a4fc                modjoy_balls
                0x000000000805a509                modjoy_get_hat
                0x000000000805a51e                modjoy_get_ball
                0x000000000805a54f                modjoy_buttons_specific
                0x000000000805a564                modjoy_axes_specific
                0x000000000805a579                modjoy_get_button_specific
                0x000000000805a59a                modjoy_get_position_specific
                0x000000000805a5bb                modjoy_hats_specific
                0x000000000805a5d0                modjoy_balls_specific
                0x000000000805a5e5                modjoy_get_hat_specific
                0x000000000805a606                modjoy_get_ball_specific
 .text          0x000000000805a648      0xd6b ../../bgdrtm/bgdrtm.a(mod_proc.o)
                0x000000000805a648                mod_proc_process_exec_hook
                0x000000000805a6c2                modproc_exit_0
                0x000000000805a6e0                modproc_exit_1
                0x000000000805a73c                modproc_exit
                0x000000000805a7a0                modproc_running
                0x000000000805a84f                modproc_signal
                0x000000000805ace5                modproc_signal_action
                0x000000000805b085                modproc_signal_action3
                0x000000000805b149                modproc_let_me_alone
                0x000000000805b1e3                modproc_get_id
                0x000000000805b374                modproc_get_status
 *fill*         0x000000000805b3b3        0x1 90909090
 .text          0x000000000805b3b4      0xe4d ../../bgdrtm/bgdrtm.a(mod_sort.o)
                0x000000000805b7de                modsort_sort
                0x000000000805b963                modsort_ksort
                0x000000000805bb72                modsort_sort_n
                0x000000000805bd09                modsort_ksort_n
                0x000000000805c1c3                modsort_quicksort
 *fill*         0x000000000805c201        0x3 90909090
 .text          0x000000000805c204       0xa7 ../../bgdrtm/bgdrtm.a(mod_timers.o)
                0x000000000805c204                _advance_timers
 *fill*         0x000000000805c2ab        0x1 90909090
 .text          0x000000000805c2ac      0xca2 ../../bgdrtm/bgdrtm.a(mod_regex.o)
                0x000000000805c2ac                modregex_regex
                0x000000000805c4b6                modregex_regex_replace
                0x000000000805cb79                modregex_split
                0x000000000805cdd2                modregex_join
 *fill*         0x000000000805cf4e        0x2 90909090
 .text          0x000000000805cf50     0x7e4c ../../bgdrtm/bgdrtm.a(regex.o)
                0x000000000805cfd6                re_set_syntax
                0x0000000008061074                re_compile_fastmap
                0x0000000008061616                re_set_registers
                0x0000000008061679                re_search
                0x00000000080616c6                re_search_2
                0x0000000008061988                re_match
                0x00000000080619ce                re_match_2
                0x000000000806490a                re_compile_pattern
                0x0000000008064968                regcomp
                0x0000000008064ad3                regexec
                0x0000000008064c7d                regerror
                0x0000000008064d10                regfree
 .text          0x0000000008064d9c      0xcea ../../bgdrtm/bgdrtm.a(g_conversion.o)
                0x000000000806552b                gr_convert16_565ToScreen
                0x0000000008065576                gr_convert16_ScreenTo565
                0x00000000080655c1                gr_fade16
                0x0000000008065a32                gr_alpha16
                0x0000000008065a5c                gr_alpha8
 *fill*         0x0000000008065a86        0x2 90909090
 .text          0x0000000008065a88       0x40 ../../bgdrtm/bgdrtm.a(libgrbase.o)
                0x0000000008065a88                libgrbase_module_initialize
 .text          0x0000000008065ac8      0x579 ../../bgdrtm/bgdrtm.a(varspace_file.o)
                0x0000000008065ac8                loadvars
                0x0000000008065b19                loadtypes
                0x0000000008065b6a                savevars
                0x0000000008065bbb                savetypes
                0x0000000008065c0c                savetype
                0x0000000008065dea                loadtype
 *fill*         0x0000000008066041        0x3 90909090
 .text          0x0000000008066044      0xd21 ../../bgdrtm/bgdrtm.a(g_bitmap.o)
                0x0000000008066044                bitmap_create_format
                0x0000000008066331                bitmap_new_ex
                0x0000000008066415                bitmap_new
                0x0000000008066542                bitmap_clone
                0x00000000080666af                bitmap_add_cpoint
                0x000000000806671f                bitmap_set_cpoint
                0x00000000080667de                bitmap_destroy
                0x00000000080668d4                bitmap_analize
                0x0000000008066a55                bitmap_next_code
                0x0000000008066cfc                bitmap_new_syslib
 *fill*         0x0000000008066d65        0x3 90909090
 .text          0x0000000008066d68      0x6d4 ../../bgdrtm/bgdrtm.a(g_grlib.o)
                0x0000000008066d68                grlib_newid
                0x000000000806704d                grlib_new
                0x00000000080670f6                grlib_get
                0x0000000008067121                grlib_destroy
                0x00000000080671e3                grlib_unload_map
                0x000000000806727a                grlib_add_map
                0x00000000080673a0                bitmap_get
                0x0000000008067421                grlib_init
 .text          0x000000000806743c     0x14c1 ../../bgdrtm/bgdrtm.a(g_pal.o)
                0x000000000806743c                find_nearest_color
                0x0000000008067522                gr_map_rgb
                0x0000000008067615                gr_map_rgba
                0x0000000008067709                pal_refresh
                0x00000000080678cc                pal_use
                0x00000000080678ec                pal_discard
                0x0000000008067929                pal_new
                0x0000000008067a40                pal_new_rgb
                0x0000000008067ae4                pal_destroy
                0x0000000008067b74                pal_get
                0x0000000008067c66                pal_set
                0x0000000008067d58                pal_map_assign
                0x0000000008067dd6                pal_map_remove
                0x0000000008067e45                gr_roll_palette
                0x0000000008068063                gr_rgb
                0x0000000008068138                gr_rgba
                0x0000000008068215                gr_get_rgb
                0x0000000008068348                gr_get_rgba
                0x00000000080684c0                gr_find_nearest_color
                0x00000000080684fc                gr_get_color
                0x0000000008068538                gr_make_trans_table
                0x00000000080686e4                gr_set_rgb
                0x000000000806876b                gr_get_colors
                0x000000000806882e                gr_set_colors
 *fill*         0x00000000080688fd        0x3 90909090
 .text          0x0000000008068900       0x6a /usr/lib/libc_nonshared.a(elf-init.oS)
                0x0000000008068900                __libc_csu_fini
                0x0000000008068910                __libc_csu_init
 .text.__i686.get_pc_thunk.bx
                0x000000000806896a        0x4 /usr/lib/libc_nonshared.a(elf-init.oS)
                0x000000000806896a                __i686.get_pc_thunk.bx
 *fill*         0x000000000806896e        0x2 90909090
 .text          0x0000000008068970       0x32 /usr/lib/libc_nonshared.a(stat.oS)
                0x0000000008068970                __stat
                0x0000000008068970                stat
 *fill*         0x00000000080689a2        0xe 90909090
 .text          0x00000000080689b0       0x2a /usr/lib/gcc/i486-linux-gnu/4.4.3/crtend.o
 *fill*         0x00000000080689da        0x2 90909090
 .text          0x00000000080689dc        0x0 /usr/lib/gcc/i486-linux-gnu/4.4.3/../../../../lib/crtn.o
 *(.gnu.warning)

.fini           0x00000000080689dc       0x1c
 *(.fini)
 .fini          0x00000000080689dc       0x13 /usr/lib/gcc/i486-linux-gnu/4.4.3/../../../../lib/crti.o
                0x00000000080689dc                _fini
 .fini          0x00000000080689ef        0x5 /usr/lib/gcc/i486-linux-gnu/4.4.3/crtbegin.o
 .fini          0x00000000080689f4        0x4 /usr/lib/gcc/i486-linux-gnu/4.4.3/../../../../lib/crtn.o
                0x00000000080689f8                PROVIDE (__etext, .)
                0x00000000080689f8                PROVIDE (_etext, .)
                0x00000000080689f8                PROVIDE (etext, .)

.rodata         0x00000000080689f8     0x4c78
 *(.rodata .rodata.* .gnu.linkonce.r.*)
 .rodata        0x00000000080689f8        0x4 /usr/lib/gcc/i486-linux-gnu/4.4.3/../../../../lib/crt1.o
                0x00000000080689f8                _fp_hw
 .rodata.cst4   0x00000000080689fc        0x4 /usr/lib/gcc/i486-linux-gnu/4.4.3/../../../../lib/crt1.o
                0x00000000080689fc                _IO_stdin_used
 .rodata        0x0000000008068a00      0x30a main.o
 *fill*         0x0000000008068d0a        0x2 00
 .rodata        0x0000000008068d0c       0x78 ../../bgdrtm/bgdrtm.a(dcbr.o)
 .rodata        0x0000000008068d84      0x971 ../../bgdrtm/bgdrtm.a(sysprocs.o)
 *fill*         0x00000000080696f5        0x3 00
 .rodata        0x00000000080696f8      0x2c3 ../../bgdrtm/bgdrtm.a(strings.o)
 .rodata        0x00000000080699bb        0x2 ../../bgdrtm/bgdrtm.a(dirs.o)
 *fill*         0x00000000080699bd        0x3 00
 .rodata        0x00000000080699c0       0x80 ../../bgdrtm/bgdrtm.a(copy.o)
 .rodata        0x0000000008069a40       0x5e ../../bgdrtm/bgdrtm.a(instance.o)
 *fill*         0x0000000008069a9e        0x2 00
 .rodata        0x0000000008069aa0     0x2e80 ../../bgdrtm/bgdrtm.a(interpreter.o)
 .rodata.str1.1
                0x000000000806c920       0x5d ../../bgdrtm/bgdrtm.a(files.o)
                                         0x61 (size before relaxing)
 .rodata        0x000000000806c97d       0x2d ../../bgdrtm/bgdrtm.a(files.o)
 .rodata.str1.1
                0x000000000806c9aa       0x3d ../../bgdrtm/bgdrtm.a(xctype.o)
 *fill*         0x000000000806c9e7        0x1 00
 .rodata.str1.4
                0x000000000806c9e8       0xa8 ../../bgdrtm/bgdrtm.a(xctype.o)
 .rodata        0x000000000806ca90        0x2 ../../bgdrtm/bgdrtm.a(mod_string.o)
 *fill*         0x000000000806ca92        0x6 00
 .rodata        0x000000000806ca98       0x18 ../../bgdrtm/bgdrtm.a(mod_math.o)
 .rodata        0x000000000806cab0       0x18 ../../bgdrtm/bgdrtm.a(mod_file.o)
 .rodata        0x000000000806cac8       0x95 ../../bgdrtm/bgdrtm.a(mod_sound.o)
 *fill*         0x000000000806cb5d        0x3 00
 .rodata        0x000000000806cb60       0x5f ../../bgdrtm/bgdrtm.a(libjoy.o)
 *fill*         0x000000000806cbbf        0x1 00
 .rodata        0x000000000806cbc0      0x304 ../../bgdrtm/bgdrtm.a(mod_proc.o)
 .rodata        0x000000000806cec4       0x94 ../../bgdrtm/bgdrtm.a(mod_sort.o)
 .rodata        0x000000000806cf58        0x6 ../../bgdrtm/bgdrtm.a(mod_timers.o)
 .rodata        0x000000000806cf5e        0xa ../../bgdrtm/bgdrtm.a(mod_regex.o)
 .rodata        0x000000000806cf68      0x640 ../../bgdrtm/bgdrtm.a(regex.o)
 .rodata        0x000000000806d5a8        0xc ../../bgdrtm/bgdrtm.a(g_conversion.o)
 .rodata        0x000000000806d5b4       0xbc ../../bgdrtm/bgdrtm.a(varspace_file.o)

.rodata1
 *(.rodata1)

.eh_frame_hdr
 *(.eh_frame_hdr)

.eh_frame       0x000000000806d670        0x4
 *(.eh_frame)
 .eh_frame      0x000000000806d670        0x4 /usr/lib/gcc/i486-linux-gnu/4.4.3/crtend.o

.gcc_except_table
 *(.gcc_except_table .gcc_except_table.*)
                0x000000000806d674                . = (ALIGN (0x1000) - ((0x1000 - .) & 0xfff))
                0x000000000806eec4                . = (0x1000 DATA_SEGMENT_ALIGN 0x1000)

.eh_frame
 *(.eh_frame)

.gcc_except_table
 *(.gcc_except_table .gcc_except_table.*)

.tdata
 *(.tdata .tdata.* .gnu.linkonce.td.*)

.tbss
 *(.tbss .tbss.* .gnu.linkonce.tb.*)
 *(.tcommon)

.preinit_array  0x000000000806eec4        0x0
                0x000000000806eec4                PROVIDE (__preinit_array_start, .)
 *(.preinit_array)
                0x000000000806eec4                PROVIDE (__preinit_array_end, .)

.init_array     0x000000000806eec4        0x0
                0x000000000806eec4                PROVIDE (__init_array_start, .)
 *(SORT(.init_array.*))
 *(.init_array)
                0x000000000806eec4                PROVIDE (__init_array_end, .)

.fini_array     0x000000000806eec4        0x0
                0x000000000806eec4                PROVIDE (__fini_array_start, .)
 *(.fini_array)
 *(SORT(.fini_array.*))
                0x000000000806eec4                PROVIDE (__fini_array_end, .)

.ctors          0x000000000806eec4        0x8
 *crtbegin.o(.ctors)
 .ctors         0x000000000806eec4        0x4 /usr/lib/gcc/i486-linux-gnu/4.4.3/crtbegin.o
 *crtbegin?.o(.ctors)
 *(EXCLUDE_FILE(*crtend?.o *crtend.o) .ctors)
 *(SORT(.ctors.*))
 *(.ctors)
 .ctors         0x000000000806eec8        0x4 /usr/lib/gcc/i486-linux-gnu/4.4.3/crtend.o

.dtors          0x000000000806eecc        0x8
 *crtbegin.o(.dtors)
 .dtors         0x000000000806eecc        0x4 /usr/lib/gcc/i486-linux-gnu/4.4.3/crtbegin.o
 *crtbegin?.o(.dtors)
 *(EXCLUDE_FILE(*crtend?.o *crtend.o) .dtors)
 *(SORT(.dtors.*))
 *(.dtors)
 .dtors         0x000000000806eed0        0x4 /usr/lib/gcc/i486-linux-gnu/4.4.3/crtend.o
                0x000000000806eed0                __DTOR_END__

.jcr            0x000000000806eed4        0x4
 *(.jcr)
 .jcr           0x000000000806eed4        0x0 /usr/lib/gcc/i486-linux-gnu/4.4.3/crtbegin.o
 .jcr           0x000000000806eed4        0x4 /usr/lib/gcc/i486-linux-gnu/4.4.3/crtend.o

.data.rel.ro
 *(.data.rel.ro.local* .gnu.linkonce.d.rel.ro.local.*)
 *(.data.rel.ro* .gnu.linkonce.d.rel.ro.*)

.dynamic        0x000000000806eed8      0x118
 *(.dynamic)
 .dynamic       0x000000000806eed8      0x118 /usr/lib/gcc/i486-linux-gnu/4.4.3/../../../../lib/crt1.o
                0x000000000806eed8                _DYNAMIC

.got            0x000000000806eff0        0x4
 *(.got)
 .got           0x000000000806eff0        0x4 /usr/lib/gcc/i486-linux-gnu/4.4.3/../../../../lib/crt1.o
 *(.igot)
                0x000000000806eff4                . = (. DATA_SEGMENT_RELRO_END 0xc)

.got.plt        0x000000000806eff4      0x234
 *(.got.plt)
 .got.plt       0x000000000806eff4      0x234 /usr/lib/gcc/i486-linux-gnu/4.4.3/../../../../lib/crt1.o
                0x000000000806eff4                _GLOBAL_OFFSET_TABLE_
 *(.igot.plt)
 .igot.plt      0x0000000000000000        0x0 /usr/lib/gcc/i486-linux-gnu/4.4.3/../../../../lib/crt1.o

.data           0x000000000806f240    0x16920
 *(.data .data.* .gnu.linkonce.d.*)
 .data          0x000000000806f240        0x4 /usr/lib/gcc/i486-linux-gnu/4.4.3/../../../../lib/crt1.o
                0x000000000806f240                data_start
                0x000000000806f240                __data_start
 .data          0x000000000806f244        0x0 /usr/lib/gcc/i486-linux-gnu/4.4.3/../../../../lib/crti.o
 .data          0x000000000806f244        0x4 /usr/lib/gcc/i486-linux-gnu/4.4.3/crtbegin.o
                0x000000000806f244                __dso_handle
 .data          0x000000000806f248       0x10 main.o
 .data          0x000000000806f258        0x0 ../../bgdrtm/bgdrtm.a(dcbr.o)
 *fill*         0x000000000806f258        0x8 00
 .data          0x000000000806f260    0x16140 ../../bgdrtm/bgdrtm.a(sysprocs.o)
                0x000000000806f260                libjoy_constants_def
                0x000000000806f2d8                libjoy_modules_dependency
                0x000000000806f2e0                mod_say_functions_exports
                0x000000000806f320                mod_string_functions_exports
                0x000000000806f490                mod_math_constants_def
                0x000000000806f4c0                mod_math_functions_exports
                0x000000000806f600                mod_time_functions_exports
                0x000000000806f640                mod_file_constants_def
                0x000000000806f6c0                mod_file_functions_exports
                0x000000000806f820                mod_sound_constants_def
                0x000000000806f860                mod_sound_globals_def
                0x000000000806f8c0                mod_sound_functions_exports
                0x000000000806fa80                mod_joy_functions_exports
                0x000000000806fc90                mod_joy_modules_dependency
                0x000000000806fca0                mod_proc_constants_def
                0x000000000806fdc0                mod_proc_locals_def
                0x000000000806fe40                mod_proc_functions_exports
                0x000000000806ff00                mod_sort_functions_exports
                0x000000000806ff60                mod_timers_globals_def
                0x000000000806ff6b                mod_regex_globals_def
                0x000000000806ffa0                mod_regex_functions_exports
                0x000000000806fff0                libgrbase_globals_def
                0x0000000008070020                symbol_list
                0x00000000080701e0                symbol_list_runtime
                0x00000000080703a0                sysprocs
 .data          0x00000000080853a0        0x4 ../../bgdrtm/bgdrtm.a(strings.o)
 .data          0x00000000080853a4        0x0 ../../bgdrtm/bgdrtm.a(dirs.o)
 .data          0x00000000080853a4        0x0 ../../bgdrtm/bgdrtm.a(copy.o)
 .data          0x00000000080853a4        0x0 ../../bgdrtm/bgdrtm.a(misc.o)
 .data          0x00000000080853a4       0x10 ../../bgdrtm/bgdrtm.a(instance.o)
 .data          0x00000000080853b4        0x4 ../../bgdrtm/bgdrtm.a(interpreter.o)
                0x00000000080853b4                trace_sentence
 *fill*         0x00000000080853b8        0x8 00
 .data          0x00000000080853c0       0x80 ../../bgdrtm/bgdrtm.a(files.o)
                0x00000000080853c0                possible_paths
 .data          0x0000000008085440      0x200 ../../bgdrtm/bgdrtm.a(xctype.o)
                0x0000000008085440                dos_to_win
                0x0000000008085540                win_to_dos
 .data          0x0000000008085640        0x0 ../../bgdrtm/bgdrtm.a(mod_say.o)
 .data          0x0000000008085640        0x0 ../../bgdrtm/bgdrtm.a(mod_string.o)
 .data          0x0000000008085640        0x0 ../../bgdrtm/bgdrtm.a(mod_math.o)
 .data          0x0000000008085640        0x0 ../../bgdrtm/bgdrtm.a(mod_time.o)
 .data          0x0000000008085640       0x14 ../../bgdrtm/bgdrtm.a(mod_file.o)
 *fill*         0x0000000008085654        0xc 00
 .data          0x0000000008085660       0x40 ../../bgdrtm/bgdrtm.a(mod_sound.o)
                0x0000000008085660                mod_sound_globals_fixup
 .data          0x00000000080856a0       0x10 ../../bgdrtm/bgdrtm.a(libsdlhandler.o)
                0x00000000080856a0                libsdlhandler_handler_hooks
 .data          0x00000000080856b0        0x4 ../../bgdrtm/bgdrtm.a(libjoy.o)
 .data          0x00000000080856b4        0x0 ../../bgdrtm/bgdrtm.a(mod_joy.o)
 *fill*         0x00000000080856b4        0xc 00
 .data          0x00000000080856c0       0x80 ../../bgdrtm/bgdrtm.a(mod_proc.o)
                0x00000000080856c0                mod_proc_locals_fixup
 .data          0x0000000008085740        0x0 ../../bgdrtm/bgdrtm.a(mod_sort.o)
 .data          0x0000000008085740       0x68 ../../bgdrtm/bgdrtm.a(mod_timers.o)
                0x0000000008085740                mod_timers_globals_fixup
                0x0000000008085760                mod_timers_handler_hooks
 *fill*         0x00000000080857a8       0x18 00
 .data          0x00000000080857c0       0x20 ../../bgdrtm/bgdrtm.a(mod_regex.o)
                0x00000000080857c0                mod_regex_globals_fixup
 .data          0x00000000080857e0       0x48 ../../bgdrtm/bgdrtm.a(regex.o)
                0x0000000008085824                re_max_failures
 *fill*         0x0000000008085828       0x18 00
 .data          0x0000000008085840       0x20 ../../bgdrtm/bgdrtm.a(g_conversion.o)
                0x0000000008085840                libgrbase_globals_fixup
 .data          0x0000000008085860        0x0 ../../bgdrtm/bgdrtm.a(libgrbase.o)
 .data          0x0000000008085860        0x0 ../../bgdrtm/bgdrtm.a(varspace_file.o)
 .data          0x0000000008085860        0x0 ../../bgdrtm/bgdrtm.a(g_bitmap.o)
 .data          0x0000000008085860        0x0 ../../bgdrtm/bgdrtm.a(g_grlib.o)
 .data          0x0000000008085860      0x300 ../../bgdrtm/bgdrtm.a(g_pal.o)
                0x0000000008085860                default_palette
 .data          0x0000000008085b60        0x0 /usr/lib/libc_nonshared.a(elf-init.oS)
 .data          0x0000000008085b60        0x0 /usr/lib/libc_nonshared.a(stat.oS)
 .data          0x0000000008085b60        0x0 /usr/lib/gcc/i486-linux-gnu/4.4.3/crtend.o
 .data          0x0000000008085b60        0x0 /usr/lib/gcc/i486-linux-gnu/4.4.3/../../../../lib/crtn.o

.data1
 *(.data1)
                0x0000000008085b60                _edata = .
                0x0000000008085b60                PROVIDE (edata, .)
                0x0000000008085b60                __bss_start = .

.bss            0x0000000008085b60    0x31460
 *(.dynbss)
 .dynbss        0x0000000008085b60        0x8 /usr/lib/gcc/i486-linux-gnu/4.4.3/../../../../lib/crt1.o
                0x0000000008085b60                stdout@@GLIBC_2.0
                0x0000000008085b64                stderr@@GLIBC_2.0
 *(.bss .bss.* .gnu.linkonce.b.*)
 .bss           0x0000000008085b68        0x0 /usr/lib/gcc/i486-linux-gnu/4.4.3/../../../../lib/crt1.o
 .bss           0x0000000008085b68        0x0 /usr/lib/gcc/i486-linux-gnu/4.4.3/../../../../lib/crti.o
 .bss           0x0000000008085b68        0x8 /usr/lib/gcc/i486-linux-gnu/4.4.3/crtbegin.o
 .bss           0x0000000008085b70        0x8 main.o
 .bss           0x0000000008085b78       0x24 ../../bgdrtm/bgdrtm.a(dcbr.o)
                0x0000000008085b78                globaldata
                0x0000000008085b7c                localdata
                0x0000000008085b80                local_size
                0x0000000008085b84                localstr
                0x0000000008085b88                local_strings
                0x0000000008085b8c                procs
                0x0000000008085b90                mainproc
                0x0000000008085b94                procdef_count
                0x0000000008085b98                sysproc_code_ref
 *fill*         0x0000000008085b9c        0x4 00
 .bss           0x0000000008085ba0      0x114 ../../bgdrtm/bgdrtm.a(sysprocs.o)
                0x0000000008085ba0                handler_hook_list
                0x0000000008085ba4                handler_hook_allocated
                0x0000000008085ba8                handler_hook_count
                0x0000000008085bac                instance_create_hook_list
                0x0000000008085bb0                instance_create_hook_allocated
                0x0000000008085bb4                instance_create_hook_count
                0x0000000008085bb8                instance_destroy_hook_list
                0x0000000008085bbc                instance_destroy_hook_allocated
                0x0000000008085bc0                instance_destroy_hook_count
                0x0000000008085bc4                instance_pre_execute_hook_list
                0x0000000008085bc8                instance_pre_execute_hook_allocated
                0x0000000008085bcc                instance_pre_execute_hook_count
                0x0000000008085bd0                instance_pos_execute_hook_list
                0x0000000008085bd4                instance_pos_execute_hook_allocated
                0x0000000008085bd8                instance_pos_execute_hook_count
                0x0000000008085bdc                process_exec_hook_list
                0x0000000008085be0                process_exec_hook_allocated
                0x0000000008085be4                process_exec_hook_count
                0x0000000008085be8                module_initialize_list
                0x0000000008085bec                module_initialize_allocated
                0x0000000008085bf0                module_initialize_count
                0x0000000008085bf4                module_finalize_list
                0x0000000008085bf8                module_finalize_allocated
                0x0000000008085bfc                module_finalize_count
 .bss           0x0000000008085cb4       0x1c ../../bgdrtm/bgdrtm.a(strings.o)
 .bss           0x0000000008085cd0        0x0 ../../bgdrtm/bgdrtm.a(dirs.o)
 .bss           0x0000000008085cd0        0x0 ../../bgdrtm/bgdrtm.a(copy.o)
 .bss           0x0000000008085cd0        0x8 ../../bgdrtm/bgdrtm.a(misc.o)
                0x0000000008085cd0                appname
                0x0000000008085cd4                debug
 .bss           0x0000000008085cd8       0x18 ../../bgdrtm/bgdrtm.a(instance.o)
                0x0000000008085cd8                hashed_by_id
                0x0000000008085cdc                hashed_by_instance
                0x0000000008085ce0                hashed_by_type
                0x0000000008085ce4                hashed_by_priority
                0x0000000008085ce8                first_instance
 .bss           0x0000000008085cf0       0x2c ../../bgdrtm/bgdrtm.a(interpreter.o)
                0x0000000008085cf0                debug_mode
                0x0000000008085cf4                exit_value
                0x0000000008085cf8                must_exit
                0x0000000008085cfc                force_debug
                0x0000000008085d00                debug_next
                0x0000000008085d04                trace_instance
 .bss           0x0000000008085d1c       0x10 ../../bgdrtm/bgdrtm.a(files.o)
                0x0000000008085d1c                opened_files
                0x0000000008085d20                x_file
                0x0000000008085d24                max_x_files
                0x0000000008085d28                x_files_count
 .bss           0x0000000008085d2c        0x8 ../../bgdrtm/bgdrtm.a(xctype.o)
                0x0000000008085d2c                dos_chars
                0x0000000008085d30                c_type_initialized
 .bss           0x0000000008085d34        0x0 ../../bgdrtm/bgdrtm.a(mod_say.o)
 .bss           0x0000000008085d34        0x0 ../../bgdrtm/bgdrtm.a(mod_string.o)
 .bss           0x0000000008085d34        0x0 ../../bgdrtm/bgdrtm.a(mod_math.o)
 .bss           0x0000000008085d34        0x0 ../../bgdrtm/bgdrtm.a(mod_time.o)
 .bss           0x0000000008085d34        0x0 ../../bgdrtm/bgdrtm.a(mod_file.o)
 .bss           0x0000000008085d34        0x4 ../../bgdrtm/bgdrtm.a(mod_sound.o)
 .bss           0x0000000008085d38        0x0 ../../bgdrtm/bgdrtm.a(libsdlhandler.o)
 *fill*         0x0000000008085d38        0x8 00
 .bss           0x0000000008085d40       0xa0 ../../bgdrtm/bgdrtm.a(libjoy.o)
 .bss           0x0000000008085de0        0x0 ../../bgdrtm/bgdrtm.a(mod_joy.o)
 .bss           0x0000000008085de0        0x0 ../../bgdrtm/bgdrtm.a(mod_proc.o)
 .bss           0x0000000008085de0        0x4 ../../bgdrtm/bgdrtm.a(mod_sort.o)
 *fill*         0x0000000008085de4       0x1c 00
 .bss           0x0000000008085e00       0x28 ../../bgdrtm/bgdrtm.a(mod_timers.o)
 .bss           0x0000000008085e28        0x0 ../../bgdrtm/bgdrtm.a(mod_regex.o)
 *fill*         0x0000000008085e28       0x18 00
 .bss           0x0000000008085e40      0x124 ../../bgdrtm/bgdrtm.a(regex.o)
                0x0000000008085e40                re_syntax_options
 *fill*         0x0000000008085f64       0x1c 00
 .bss           0x0000000008085f80      0x828 ../../bgdrtm/bgdrtm.a(g_conversion.o)
 .bss           0x00000000080867a8       0x18 ../../bgdrtm/bgdrtm.a(libgrbase.o)
                0x00000000080867a8                std_pixel_format8
                0x00000000080867ac                std_pixel_format16
                0x00000000080867b0                std_pixel_format32
                0x00000000080867b4                sys_pixel_format
                0x00000000080867b8                background
                0x00000000080867bc                scrbitmap
 .bss           0x00000000080867c0        0x0 ../../bgdrtm/bgdrtm.a(varspace_file.o)
 .bss           0x00000000080867c0        0xc ../../bgdrtm/bgdrtm.a(g_bitmap.o)
                0x00000000080867c0                map_code_bmp
                0x00000000080867c4                map_code_allocated
                0x00000000080867c8                map_code_last
 .bss           0x00000000080867cc       0x14 ../../bgdrtm/bgdrtm.a(g_grlib.o)
                0x00000000080867cc                syslib
 .bss           0x00000000080867e0        0xc ../../bgdrtm/bgdrtm.a(g_pal.o)
                0x00000000080867e0                first_palette
                0x00000000080867e4                palette_changed
                0x00000000080867e8                trans_table_updated
 .bss           0x00000000080867ec        0x0 /usr/lib/libc_nonshared.a(elf-init.oS)
 .bss           0x00000000080867ec        0x0 /usr/lib/libc_nonshared.a(stat.oS)
 .bss           0x00000000080867ec        0x0 /usr/lib/gcc/i486-linux-gnu/4.4.3/crtend.o
 .bss           0x00000000080867ec        0x0 /usr/lib/gcc/i486-linux-gnu/4.4.3/../../../../lib/crtn.o
 *(COMMON)
 *fill*         0x00000000080867ec       0x14 00
 COMMON         0x0000000008086800       0xb8 ../../bgdrtm/bgdrtm.a(dcbr.o)
                0x0000000008086800                dcb
 *fill*         0x00000000080868b8        0x8 00
 COMMON         0x00000000080868c0      0x300 ../../bgdrtm/bgdrtm.a(xctype.o)
                0x00000000080868c0                c_lower
                0x00000000080869c0                c_upper
                0x0000000008086ac0                c_type
 COMMON         0x0000000008086bc0    0x30400 ../../bgdrtm/bgdrtm.a(g_pal.o)
                0x0000000008086bc0                trans_table
                0x0000000008096bc0                colorghost
                0x00000000080b6bc0                default_colorequiv
                0x00000000080b6fc0                . = ALIGN ((. != 0x0)?0x4:0x1)
                0x00000000080b6fc0                . = ALIGN (0x4)
                0x00000000080b6fc0                . = ALIGN (0x4)
                0x00000000080b6fc0                _end = .
                0x00000000080b6fc0                PROVIDE (end, .)
                0x00000000080b6fc0                . = DATA_SEGMENT_END (.)

.stab
 *(.stab)

.stabstr
 *(.stabstr)

.stab.excl
 *(.stab.excl)

.stab.exclstr
 *(.stab.exclstr)

.stab.index
 *(.stab.index)

.stab.indexstr
 *(.stab.indexstr)

.comment        0x0000000000000000       0x23
 *(.comment)
 .comment       0x0000000000000000       0x23 /usr/lib/gcc/i486-linux-gnu/4.4.3/crtbegin.o
                                         0x24 (size before relaxing)
 .comment       0x0000000000000000       0x24 main.o
 .comment       0x0000000000000000       0x24 ../../bgdrtm/bgdrtm.a(dcbr.o)
 .comment       0x0000000000000000       0x24 ../../bgdrtm/bgdrtm.a(sysprocs.o)
 .comment       0x0000000000000000       0x24 ../../bgdrtm/bgdrtm.a(strings.o)
 .comment       0x0000000000000000       0x24 ../../bgdrtm/bgdrtm.a(dirs.o)
 .comment       0x0000000000000000       0x24 ../../bgdrtm/bgdrtm.a(copy.o)
 .comment       0x0000000000000000       0x24 ../../bgdrtm/bgdrtm.a(misc.o)
 .comment       0x0000000000000000       0x24 ../../bgdrtm/bgdrtm.a(instance.o)
 .comment       0x0000000000000000       0x24 ../../bgdrtm/bgdrtm.a(interpreter.o)
 .comment       0x0000000000000000       0x24 ../../bgdrtm/bgdrtm.a(files.o)
 .comment       0x0000000000000000       0x24 ../../bgdrtm/bgdrtm.a(xctype.o)
 .comment       0x0000000000000000       0x24 ../../bgdrtm/bgdrtm.a(mod_say.o)
 .comment       0x0000000000000000       0x24 ../../bgdrtm/bgdrtm.a(mod_string.o)
 .comment       0x0000000000000000       0x24 ../../bgdrtm/bgdrtm.a(mod_math.o)
 .comment       0x0000000000000000       0x24 ../../bgdrtm/bgdrtm.a(mod_time.o)
 .comment       0x0000000000000000       0x24 ../../bgdrtm/bgdrtm.a(mod_file.o)
 .comment       0x0000000000000000       0x24 ../../bgdrtm/bgdrtm.a(mod_sound.o)
 .comment       0x0000000000000000       0x24 ../../bgdrtm/bgdrtm.a(libsdlhandler.o)
 .comment       0x0000000000000000       0x24 ../../bgdrtm/bgdrtm.a(libjoy.o)
 .comment       0x0000000000000000       0x24 ../../bgdrtm/bgdrtm.a(mod_joy.o)
 .comment       0x0000000000000000       0x24 ../../bgdrtm/bgdrtm.a(mod_proc.o)
 .comment       0x0000000000000000       0x24 ../../bgdrtm/bgdrtm.a(mod_sort.o)
 .comment       0x0000000000000000       0x24 ../../bgdrtm/bgdrtm.a(mod_timers.o)
 .comment       0x0000000000000000       0x24 ../../bgdrtm/bgdrtm.a(mod_regex.o)
 .comment       0x0000000000000000       0x24 ../../bgdrtm/bgdrtm.a(regex.o)
 .comment       0x0000000000000000       0x24 ../../bgdrtm/bgdrtm.a(g_conversion.o)
 .comment       0x0000000000000000       0x24 ../../bgdrtm/bgdrtm.a(libgrbase.o)
 .comment       0x0000000000000000       0x24 ../../bgdrtm/bgdrtm.a(varspace_file.o)
 .comment       0x0000000000000000       0x24 ../../bgdrtm/bgdrtm.a(g_bitmap.o)
 .comment       0x0000000000000000       0x24 ../../bgdrtm/bgdrtm.a(g_grlib.o)
 .comment       0x0000000000000000       0x24 ../../bgdrtm/bgdrtm.a(g_pal.o)
 .comment       0x0000000000000000       0x24 /usr/lib/libc_nonshared.a(elf-init.oS)
 .comment       0x0000000000000000       0x24 /usr/lib/libc_nonshared.a(stat.oS)
 .comment       0x0000000000000000       0x24 /usr/lib/gcc/i486-linux-gnu/4.4.3/crtend.o

.debug
 *(.debug)

.line
 *(.line)

.debug_srcinfo
 *(.debug_srcinfo)

.debug_sfnames
 *(.debug_sfnames)

.debug_aranges  0x0000000000000000      0x3e0
 *(.debug_aranges)
 .debug_aranges
                0x0000000000000000       0x20 main.o
 .debug_aranges
                0x0000000000000020       0x20 ../../bgdrtm/bgdrtm.a(dcbr.o)
 .debug_aranges
                0x0000000000000040       0x20 ../../bgdrtm/bgdrtm.a(sysprocs.o)
 .debug_aranges
                0x0000000000000060       0x20 ../../bgdrtm/bgdrtm.a(strings.o)
 .debug_aranges
                0x0000000000000080       0x20 ../../bgdrtm/bgdrtm.a(dirs.o)
 .debug_aranges
                0x00000000000000a0       0x20 ../../bgdrtm/bgdrtm.a(copy.o)
 .debug_aranges
                0x00000000000000c0       0x20 ../../bgdrtm/bgdrtm.a(misc.o)
 .debug_aranges
                0x00000000000000e0       0x20 ../../bgdrtm/bgdrtm.a(instance.o)
 .debug_aranges
                0x0000000000000100       0x20 ../../bgdrtm/bgdrtm.a(interpreter.o)
 .debug_aranges
                0x0000000000000120       0x20 ../../bgdrtm/bgdrtm.a(files.o)
 .debug_aranges
                0x0000000000000140       0x20 ../../bgdrtm/bgdrtm.a(xctype.o)
 .debug_aranges
                0x0000000000000160       0x20 ../../bgdrtm/bgdrtm.a(mod_say.o)
 .debug_aranges
                0x0000000000000180       0x20 ../../bgdrtm/bgdrtm.a(mod_string.o)
 .debug_aranges
                0x00000000000001a0       0x20 ../../bgdrtm/bgdrtm.a(mod_math.o)
 .debug_aranges
                0x00000000000001c0       0x20 ../../bgdrtm/bgdrtm.a(mod_time.o)
 .debug_aranges
                0x00000000000001e0       0x20 ../../bgdrtm/bgdrtm.a(mod_file.o)
 .debug_aranges
                0x0000000000000200       0x20 ../../bgdrtm/bgdrtm.a(mod_sound.o)
 .debug_aranges
                0x0000000000000220       0x20 ../../bgdrtm/bgdrtm.a(libsdlhandler.o)
 .debug_aranges
                0x0000000000000240       0x20 ../../bgdrtm/bgdrtm.a(libjoy.o)
 .debug_aranges
                0x0000000000000260       0x20 ../../bgdrtm/bgdrtm.a(mod_joy.o)
 .debug_aranges
                0x0000000000000280       0x20 ../../bgdrtm/bgdrtm.a(mod_proc.o)
 .debug_aranges
                0x00000000000002a0       0x20 ../../bgdrtm/bgdrtm.a(mod_sort.o)
 .debug_aranges
                0x00000000000002c0       0x20 ../../bgdrtm/bgdrtm.a(mod_timers.o)
 .debug_aranges
                0x00000000000002e0       0x20 ../../bgdrtm/bgdrtm.a(mod_regex.o)
 .debug_aranges
                0x0000000000000300       0x20 ../../bgdrtm/bgdrtm.a(regex.o)
 .debug_aranges
                0x0000000000000320       0x20 ../../bgdrtm/bgdrtm.a(g_conversion.o)
 .debug_aranges
                0x0000000000000340       0x20 ../../bgdrtm/bgdrtm.a(libgrbase.o)
 .debug_aranges
                0x0000000000000360       0x20 ../../bgdrtm/bgdrtm.a(varspace_file.o)
 .debug_aranges
                0x0000000000000380       0x20 ../../bgdrtm/bgdrtm.a(g_bitmap.o)
 .debug_aranges
                0x00000000000003a0       0x20 ../../bgdrtm/bgdrtm.a(g_grlib.o)
 .debug_aranges
                0x00000000000003c0       0x20 ../../bgdrtm/bgdrtm.a(g_pal.o)

.debug_pubnames
                0x0000000000000000     0x274f
 *(.debug_pubnames)
 .debug_pubnames
                0x0000000000000000       0x1b main.o
 .debug_pubnames
                0x000000000000001b      0x134 ../../bgdrtm/bgdrtm.a(dcbr.o)
 .debug_pubnames
                0x000000000000014f      0x616 ../../bgdrtm/bgdrtm.a(sysprocs.o)
 .debug_pubnames
                0x0000000000000765      0x1d0 ../../bgdrtm/bgdrtm.a(strings.o)
 .debug_pubnames
                0x0000000000000935       0x9f ../../bgdrtm/bgdrtm.a(dirs.o)
 .debug_pubnames
                0x00000000000009d4       0x5a ../../bgdrtm/bgdrtm.a(copy.o)
 .debug_pubnames
                0x0000000000000a2e       0x56 ../../bgdrtm/bgdrtm.a(misc.o)
 .debug_pubnames
                0x0000000000000a84      0x2d2 ../../bgdrtm/bgdrtm.a(instance.o)
 .debug_pubnames
                0x0000000000000d56       0xa7 ../../bgdrtm/bgdrtm.a(interpreter.o)
 .debug_pubnames
                0x0000000000000dfd      0x377 ../../bgdrtm/bgdrtm.a(files.o)
 .debug_pubnames
                0x0000000000001174       0x94 ../../bgdrtm/bgdrtm.a(xctype.o)
 .debug_pubnames
                0x0000000000001208       0x35 ../../bgdrtm/bgdrtm.a(mod_say.o)
 .debug_pubnames
                0x000000000000123d      0x1c9 ../../bgdrtm/bgdrtm.a(mod_string.o)
 .debug_pubnames
                0x0000000000001406      0x129 ../../bgdrtm/bgdrtm.a(mod_math.o)
 .debug_pubnames
                0x000000000000152f       0x87 ../../bgdrtm/bgdrtm.a(mod_time.o)
 .debug_pubnames
                0x00000000000015b6      0x171 ../../bgdrtm/bgdrtm.a(mod_file.o)
 .debug_pubnames
                0x0000000000001727      0x317 ../../bgdrtm/bgdrtm.a(mod_sound.o)
 .debug_pubnames
                0x0000000000001a3e       0x78 ../../bgdrtm/bgdrtm.a(libsdlhandler.o)
 .debug_pubnames
                0x0000000000001ab6      0x1f5 ../../bgdrtm/bgdrtm.a(libjoy.o)
 .debug_pubnames
                0x0000000000001cab      0x1bd ../../bgdrtm/bgdrtm.a(mod_joy.o)
 .debug_pubnames
                0x0000000000001e68      0x121 ../../bgdrtm/bgdrtm.a(mod_proc.o)
 .debug_pubnames
                0x0000000000001f89       0x72 ../../bgdrtm/bgdrtm.a(mod_sort.o)
 .debug_pubnames
                0x0000000000001ffb       0x60 ../../bgdrtm/bgdrtm.a(mod_timers.o)
 .debug_pubnames
                0x000000000000205b       0x81 ../../bgdrtm/bgdrtm.a(mod_regex.o)
 .debug_pubnames
                0x00000000000020dc       0xfc ../../bgdrtm/bgdrtm.a(regex.o)
 .debug_pubnames
                0x00000000000021d8       0x93 ../../bgdrtm/bgdrtm.a(g_conversion.o)
 .debug_pubnames
                0x000000000000226b       0xa8 ../../bgdrtm/bgdrtm.a(libgrbase.o)
 .debug_pubnames
                0x0000000000002313       0x62 ../../bgdrtm/bgdrtm.a(varspace_file.o)
 .debug_pubnames
                0x0000000000002375      0x114 ../../bgdrtm/bgdrtm.a(g_bitmap.o)
 .debug_pubnames
                0x0000000000002489       0xa0 ../../bgdrtm/bgdrtm.a(g_grlib.o)
 .debug_pubnames
                0x0000000000002529      0x226 ../../bgdrtm/bgdrtm.a(g_pal.o)

.debug_info     0x0000000000000000    0x17179
 *(.debug_info .gnu.linkonce.wi.*)
 .debug_info    0x0000000000000000      0xe67 main.o
 .debug_info    0x0000000000000e67     0x12d2 ../../bgdrtm/bgdrtm.a(dcbr.o)
 .debug_info    0x0000000000002139     0x1ba4 ../../bgdrtm/bgdrtm.a(sysprocs.o)
 .debug_info    0x0000000000003cdd     0x10e4 ../../bgdrtm/bgdrtm.a(strings.o)
 .debug_info    0x0000000000004dc1      0x71b ../../bgdrtm/bgdrtm.a(dirs.o)
 .debug_info    0x00000000000054dc      0xe78 ../../bgdrtm/bgdrtm.a(copy.o)
 .debug_info    0x0000000000006354      0x1b5 ../../bgdrtm/bgdrtm.a(misc.o)
 .debug_info    0x0000000000006509      0xa20 ../../bgdrtm/bgdrtm.a(instance.o)
 .debug_info    0x0000000000006f29      0xfbc ../../bgdrtm/bgdrtm.a(interpreter.o)
 .debug_info    0x0000000000007ee5     0x1583 ../../bgdrtm/bgdrtm.a(files.o)
 .debug_info    0x0000000000009468      0x74a ../../bgdrtm/bgdrtm.a(xctype.o)
 .debug_info    0x0000000000009bb2      0x619 ../../bgdrtm/bgdrtm.a(mod_say.o)
 .debug_info    0x000000000000a1cb      0x9bc ../../bgdrtm/bgdrtm.a(mod_string.o)
 .debug_info    0x000000000000ab87      0x90d ../../bgdrtm/bgdrtm.a(mod_math.o)
 .debug_info    0x000000000000b494      0x54f ../../bgdrtm/bgdrtm.a(mod_time.o)
 .debug_info    0x000000000000b9e3      0xbe5 ../../bgdrtm/bgdrtm.a(mod_file.o)
 .debug_info    0x000000000000c5c8     0x178d ../../bgdrtm/bgdrtm.a(mod_sound.o)
 .debug_info    0x000000000000dd55      0xdde ../../bgdrtm/bgdrtm.a(libsdlhandler.o)
 .debug_info    0x000000000000eb33      0x541 ../../bgdrtm/bgdrtm.a(libjoy.o)
 .debug_info    0x000000000000f074      0x781 ../../bgdrtm/bgdrtm.a(mod_joy.o)
 .debug_info    0x000000000000f7f5      0x9bd ../../bgdrtm/bgdrtm.a(mod_proc.o)
 .debug_info    0x00000000000101b2     0x115c ../../bgdrtm/bgdrtm.a(mod_sort.o)
 .debug_info    0x000000000001130e      0x277 ../../bgdrtm/bgdrtm.a(mod_timers.o)
 .debug_info    0x0000000000011585      0x926 ../../bgdrtm/bgdrtm.a(mod_regex.o)
 .debug_info    0x0000000000011eab     0x1d87 ../../bgdrtm/bgdrtm.a(regex.o)
 .debug_info    0x0000000000013c32      0x8b9 ../../bgdrtm/bgdrtm.a(g_conversion.o)
 .debug_info    0x00000000000144eb      0x3f4 ../../bgdrtm/bgdrtm.a(libgrbase.o)
 .debug_info    0x00000000000148df      0xdd1 ../../bgdrtm/bgdrtm.a(varspace_file.o)
 .debug_info    0x00000000000156b0      0x7cf ../../bgdrtm/bgdrtm.a(g_bitmap.o)
 .debug_info    0x0000000000015e7f      0x678 ../../bgdrtm/bgdrtm.a(g_grlib.o)
 .debug_info    0x00000000000164f7      0xc82 ../../bgdrtm/bgdrtm.a(g_pal.o)

.debug_abbrev   0x0000000000000000     0x324c
 *(.debug_abbrev)
 .debug_abbrev  0x0000000000000000      0x176 main.o
 .debug_abbrev  0x0000000000000176      0x239 ../../bgdrtm/bgdrtm.a(dcbr.o)
 .debug_abbrev  0x00000000000003af      0x2b8 ../../bgdrtm/bgdrtm.a(sysprocs.o)
 .debug_abbrev  0x0000000000000667      0x216 ../../bgdrtm/bgdrtm.a(strings.o)
 .debug_abbrev  0x000000000000087d      0x1aa ../../bgdrtm/bgdrtm.a(dirs.o)
 .debug_abbrev  0x0000000000000a27      0x191 ../../bgdrtm/bgdrtm.a(copy.o)
 .debug_abbrev  0x0000000000000bb8       0xe3 ../../bgdrtm/bgdrtm.a(misc.o)
 .debug_abbrev  0x0000000000000c9b      0x1b3 ../../bgdrtm/bgdrtm.a(instance.o)
 .debug_abbrev  0x0000000000000e4e      0x1d8 ../../bgdrtm/bgdrtm.a(interpreter.o)
 .debug_abbrev  0x0000000000001026      0x35f ../../bgdrtm/bgdrtm.a(files.o)
 .debug_abbrev  0x0000000000001385      0x1b1 ../../bgdrtm/bgdrtm.a(xctype.o)
 .debug_abbrev  0x0000000000001536       0xf1 ../../bgdrtm/bgdrtm.a(mod_say.o)
 .debug_abbrev  0x0000000000001627      0x15f ../../bgdrtm/bgdrtm.a(mod_string.o)
 .debug_abbrev  0x0000000000001786       0xe9 ../../bgdrtm/bgdrtm.a(mod_math.o)
 .debug_abbrev  0x000000000000186f      0x10d ../../bgdrtm/bgdrtm.a(mod_time.o)
 .debug_abbrev  0x000000000000197c      0x13f ../../bgdrtm/bgdrtm.a(mod_file.o)
 .debug_abbrev  0x0000000000001abb      0x275 ../../bgdrtm/bgdrtm.a(mod_sound.o)
 .debug_abbrev  0x0000000000001d30      0x14b ../../bgdrtm/bgdrtm.a(libsdlhandler.o)
 .debug_abbrev  0x0000000000001e7b      0x132 ../../bgdrtm/bgdrtm.a(libjoy.o)
 .debug_abbrev  0x0000000000001fad      0x102 ../../bgdrtm/bgdrtm.a(mod_joy.o)
 .debug_abbrev  0x00000000000020af      0x1c2 ../../bgdrtm/bgdrtm.a(mod_proc.o)
 .debug_abbrev  0x0000000000002271      0x212 ../../bgdrtm/bgdrtm.a(mod_sort.o)
 .debug_abbrev  0x0000000000002483       0xf0 ../../bgdrtm/bgdrtm.a(mod_timers.o)
 .debug_abbrev  0x0000000000002573      0x1c7 ../../bgdrtm/bgdrtm.a(mod_regex.o)
 .debug_abbrev  0x000000000000273a      0x202 ../../bgdrtm/bgdrtm.a(regex.o)
 .debug_abbrev  0x000000000000293c      0x1a7 ../../bgdrtm/bgdrtm.a(g_conversion.o)
 .debug_abbrev  0x0000000000002ae3       0xc2 ../../bgdrtm/bgdrtm.a(libgrbase.o)
 .debug_abbrev  0x0000000000002ba5      0x1e3 ../../bgdrtm/bgdrtm.a(varspace_file.o)
 .debug_abbrev  0x0000000000002d88      0x1a6 ../../bgdrtm/bgdrtm.a(g_bitmap.o)
 .debug_abbrev  0x0000000000002f2e      0x1ba ../../bgdrtm/bgdrtm.a(g_grlib.o)
 .debug_abbrev  0x00000000000030e8      0x164 ../../bgdrtm/bgdrtm.a(g_pal.o)

.debug_line     0x0000000000000000     0x54e7
 *(.debug_line)
 .debug_line    0x0000000000000000      0x23e main.o
 .debug_line    0x000000000000023e      0x383 ../../bgdrtm/bgdrtm.a(dcbr.o)
 .debug_line    0x00000000000005c1      0x8ba ../../bgdrtm/bgdrtm.a(sysprocs.o)
 .debug_line    0x0000000000000e7b      0x41e ../../bgdrtm/bgdrtm.a(strings.o)
 .debug_line    0x0000000000001299      0x1c5 ../../bgdrtm/bgdrtm.a(dirs.o)
 .debug_line    0x000000000000145e      0x1bf ../../bgdrtm/bgdrtm.a(copy.o)
 .debug_line    0x000000000000161d      0x11f ../../bgdrtm/bgdrtm.a(misc.o)
 .debug_line    0x000000000000173c      0x326 ../../bgdrtm/bgdrtm.a(instance.o)
 .debug_line    0x0000000000001a62      0x900 ../../bgdrtm/bgdrtm.a(interpreter.o)
 .debug_line    0x0000000000002362      0x50e ../../bgdrtm/bgdrtm.a(files.o)
 .debug_line    0x0000000000002870      0x19c ../../bgdrtm/bgdrtm.a(xctype.o)
 .debug_line    0x0000000000002a0c      0x12f ../../bgdrtm/bgdrtm.a(mod_say.o)
 .debug_line    0x0000000000002b3b      0x152 ../../bgdrtm/bgdrtm.a(mod_string.o)
 .debug_line    0x0000000000002c8d      0x13a ../../bgdrtm/bgdrtm.a(mod_math.o)
 .debug_line    0x0000000000002dc7      0x10e ../../bgdrtm/bgdrtm.a(mod_time.o)
 .debug_line    0x0000000000002ed5      0x1f5 ../../bgdrtm/bgdrtm.a(mod_file.o)
 .debug_line    0x00000000000030ca      0x39a ../../bgdrtm/bgdrtm.a(mod_sound.o)
 .debug_line    0x0000000000003464      0x120 ../../bgdrtm/bgdrtm.a(libsdlhandler.o)
 .debug_line    0x0000000000003584      0x142 ../../bgdrtm/bgdrtm.a(libjoy.o)
 .debug_line    0x00000000000036c6      0x110 ../../bgdrtm/bgdrtm.a(mod_joy.o)
 .debug_line    0x00000000000037d6      0x2f6 ../../bgdrtm/bgdrtm.a(mod_proc.o)
 .debug_line    0x0000000000003acc      0x260 ../../bgdrtm/bgdrtm.a(mod_sort.o)
 .debug_line    0x0000000000003d2c       0xd9 ../../bgdrtm/bgdrtm.a(mod_timers.o)
 .debug_line    0x0000000000003e05      0x22c ../../bgdrtm/bgdrtm.a(mod_regex.o)
 .debug_line    0x0000000000004031      0x9f2 ../../bgdrtm/bgdrtm.a(regex.o)
 .debug_line    0x0000000000004a23      0x230 ../../bgdrtm/bgdrtm.a(g_conversion.o)
 .debug_line    0x0000000000004c53       0x90 ../../bgdrtm/bgdrtm.a(libgrbase.o)
 .debug_line    0x0000000000004ce3      0x235 ../../bgdrtm/bgdrtm.a(varspace_file.o)
 .debug_line    0x0000000000004f18      0x1e5 ../../bgdrtm/bgdrtm.a(g_bitmap.o)
 .debug_line    0x00000000000050fd      0x170 ../../bgdrtm/bgdrtm.a(g_grlib.o)
 .debug_line    0x000000000000526d      0x27a ../../bgdrtm/bgdrtm.a(g_pal.o)

.debug_frame    0x0000000000000000     0x2cdc
 *(.debug_frame)
 .debug_frame   0x0000000000000000       0x38 main.o
 .debug_frame   0x0000000000000038      0x110 ../../bgdrtm/bgdrtm.a(dcbr.o)
 .debug_frame   0x0000000000000148      0x170 ../../bgdrtm/bgdrtm.a(sysprocs.o)
 .debug_frame   0x00000000000002b8      0x2ec ../../bgdrtm/bgdrtm.a(strings.o)
 .debug_frame   0x00000000000005a4       0xec ../../bgdrtm/bgdrtm.a(dirs.o)
 .debug_frame   0x0000000000000690       0x94 ../../bgdrtm/bgdrtm.a(copy.o)
 .debug_frame   0x0000000000000724       0x64 ../../bgdrtm/bgdrtm.a(misc.o)
 .debug_frame   0x0000000000000788      0x224 ../../bgdrtm/bgdrtm.a(instance.o)
 .debug_frame   0x00000000000009ac       0x4c ../../bgdrtm/bgdrtm.a(interpreter.o)
 .debug_frame   0x00000000000009f8      0x4b4 ../../bgdrtm/bgdrtm.a(files.o)
 .debug_frame   0x0000000000000eac       0x4c ../../bgdrtm/bgdrtm.a(xctype.o)
 .debug_frame   0x0000000000000ef8       0x44 ../../bgdrtm/bgdrtm.a(mod_say.o)
 .debug_frame   0x0000000000000f3c      0x224 ../../bgdrtm/bgdrtm.a(mod_string.o)
 .debug_frame   0x0000000000001160      0x1c4 ../../bgdrtm/bgdrtm.a(mod_math.o)
 .debug_frame   0x0000000000001324       0x8c ../../bgdrtm/bgdrtm.a(mod_time.o)
 .debug_frame   0x00000000000013b0      0x1ec ../../bgdrtm/bgdrtm.a(mod_file.o)
 .debug_frame   0x000000000000159c      0x5bc ../../bgdrtm/bgdrtm.a(mod_sound.o)
 .debug_frame   0x0000000000001b58       0x5c ../../bgdrtm/bgdrtm.a(libsdlhandler.o)
 .debug_frame   0x0000000000001bb4      0x210 ../../bgdrtm/bgdrtm.a(libjoy.o)
 .debug_frame   0x0000000000001dc4      0x1e0 ../../bgdrtm/bgdrtm.a(mod_joy.o)
 .debug_frame   0x0000000000001fa4      0x134 ../../bgdrtm/bgdrtm.a(mod_proc.o)
 .debug_frame   0x00000000000020d8      0x1fc ../../bgdrtm/bgdrtm.a(mod_sort.o)
 .debug_frame   0x00000000000022d4       0x34 ../../bgdrtm/bgdrtm.a(mod_timers.o)
 .debug_frame   0x0000000000002308       0x88 ../../bgdrtm/bgdrtm.a(mod_regex.o)
 .debug_frame   0x0000000000002390      0x2cc ../../bgdrtm/bgdrtm.a(regex.o)
 .debug_frame   0x000000000000265c       0xf0 ../../bgdrtm/bgdrtm.a(g_conversion.o)
 .debug_frame   0x000000000000274c       0x2c ../../bgdrtm/bgdrtm.a(libgrbase.o)
 .debug_frame   0x0000000000002778       0xa8 ../../bgdrtm/bgdrtm.a(varspace_file.o)
 .debug_frame   0x0000000000002820      0x11c ../../bgdrtm/bgdrtm.a(g_bitmap.o)
 .debug_frame   0x000000000000293c       0xfc ../../bgdrtm/bgdrtm.a(g_grlib.o)
 .debug_frame   0x0000000000002a38      0x2a4 ../../bgdrtm/bgdrtm.a(g_pal.o)

.debug_str      0x0000000000000000     0x5070
 *(.debug_str)
 .debug_str     0x0000000000000000      0x6d8 main.o
                                        0x7d0 (size before relaxing)
 .debug_str     0x00000000000006d8      0x222 ../../bgdrtm/bgdrtm.a(dcbr.o)
                                        0x982 (size before relaxing)
 .debug_str     0x00000000000008fa      0x84f ../../bgdrtm/bgdrtm.a(sysprocs.o)
                                       0x1139 (size before relaxing)
 .debug_str     0x0000000000001149      0x295 ../../bgdrtm/bgdrtm.a(strings.o)
                                        0x5a7 (size before relaxing)
 .debug_str     0x00000000000013de      0x313 ../../bgdrtm/bgdrtm.a(dirs.o)
                                        0x3e2 (size before relaxing)
 .debug_str     0x00000000000016f1       0xa5 ../../bgdrtm/bgdrtm.a(copy.o)
                                        0x82f (size before relaxing)
 .debug_str     0x0000000000001796       0x6a ../../bgdrtm/bgdrtm.a(misc.o)
                                        0x15f (size before relaxing)
 .debug_str     0x0000000000001800      0x30f ../../bgdrtm/bgdrtm.a(instance.o)
                                        0x62b (size before relaxing)
 .debug_str     0x0000000000001b0f       0xeb ../../bgdrtm/bgdrtm.a(interpreter.o)
                                        0x94c (size before relaxing)
 .debug_str     0x0000000000001bfa      0x360 ../../bgdrtm/bgdrtm.a(files.o)
                                        0x645 (size before relaxing)
 .debug_str     0x0000000000001f5a       0xa9 ../../bgdrtm/bgdrtm.a(xctype.o)
                                        0x33e (size before relaxing)
 .debug_str     0x0000000000002003       0x71 ../../bgdrtm/bgdrtm.a(mod_say.o)
                                        0x422 (size before relaxing)
 .debug_str     0x0000000000002074      0x191 ../../bgdrtm/bgdrtm.a(mod_string.o)
                                        0x407 (size before relaxing)
 .debug_str     0x0000000000002205      0x10d ../../bgdrtm/bgdrtm.a(mod_math.o)
                                        0x38d (size before relaxing)
 .debug_str     0x0000000000002312       0x86 ../../bgdrtm/bgdrtm.a(mod_time.o)
                                        0x364 (size before relaxing)
 .debug_str     0x0000000000002398      0x13d ../../bgdrtm/bgdrtm.a(mod_file.o)
                                        0x54e (size before relaxing)
 .debug_str     0x00000000000024d5      0x59a ../../bgdrtm/bgdrtm.a(mod_sound.o)
                                        0xbc6 (size before relaxing)
 .debug_str     0x0000000000002a6f      0xd68 ../../bgdrtm/bgdrtm.a(libsdlhandler.o)
                                       0x107f (size before relaxing)
 .debug_str     0x00000000000037d7      0x1e6 ../../bgdrtm/bgdrtm.a(libjoy.o)
                                        0x48d (size before relaxing)
 .debug_str     0x00000000000039bd      0x182 ../../bgdrtm/bgdrtm.a(mod_joy.o)
                                        0x3de (size before relaxing)
 .debug_str     0x0000000000003b3f      0x153 ../../bgdrtm/bgdrtm.a(mod_proc.o)
                                        0x59d (size before relaxing)
 .debug_str     0x0000000000003c92      0x191 ../../bgdrtm/bgdrtm.a(mod_sort.o)
                                        0x803 (size before relaxing)
 .debug_str     0x0000000000003e23       0x61 ../../bgdrtm/bgdrtm.a(mod_timers.o)
                                        0x357 (size before relaxing)
 .debug_str     0x0000000000003e84      0x1d2 ../../bgdrtm/bgdrtm.a(mod_regex.o)
                                        0x4d1 (size before relaxing)
 .debug_str     0x0000000000004056      0x8ff ../../bgdrtm/bgdrtm.a(regex.o)
                                        0xc04 (size before relaxing)
 .debug_str     0x0000000000004955      0x23f ../../bgdrtm/bgdrtm.a(g_conversion.o)
                                        0x3f5 (size before relaxing)
 .debug_str     0x0000000000004b94       0x90 ../../bgdrtm/bgdrtm.a(libgrbase.o)
                                        0x2bf (size before relaxing)
 .debug_str     0x0000000000004c24       0x83 ../../bgdrtm/bgdrtm.a(varspace_file.o)
                                        0x6b0 (size before relaxing)
 .debug_str     0x0000000000004ca7      0x11a ../../bgdrtm/bgdrtm.a(g_bitmap.o)
                                        0x359 (size before relaxing)
 .debug_str     0x0000000000004dc1       0xdd ../../bgdrtm/bgdrtm.a(g_grlib.o)
                                        0x336 (size before relaxing)
 .debug_str     0x0000000000004e9e      0x1d2 ../../bgdrtm/bgdrtm.a(g_pal.o)
                                        0x461 (size before relaxing)

.debug_loc      0x0000000000000000     0x5c76
 *(.debug_loc)
 .debug_loc     0x0000000000000000       0x2c main.o
 .debug_loc     0x000000000000002c      0x1b8 ../../bgdrtm/bgdrtm.a(dcbr.o)
 .debug_loc     0x00000000000001e4      0x268 ../../bgdrtm/bgdrtm.a(sysprocs.o)
 .debug_loc     0x000000000000044c      0x4fc ../../bgdrtm/bgdrtm.a(strings.o)
 .debug_loc     0x0000000000000948      0x18c ../../bgdrtm/bgdrtm.a(dirs.o)
 .debug_loc     0x0000000000000ad4       0xdc ../../bgdrtm/bgdrtm.a(copy.o)
 .debug_loc     0x0000000000000bb0       0x84 ../../bgdrtm/bgdrtm.a(misc.o)
 .debug_loc     0x0000000000000c34      0x3c8 ../../bgdrtm/bgdrtm.a(instance.o)
 .debug_loc     0x0000000000000ffc       0x58 ../../bgdrtm/bgdrtm.a(interpreter.o)
 .debug_loc     0x0000000000001054     0x1705 ../../bgdrtm/bgdrtm.a(files.o)
 .debug_loc     0x0000000000002759      0x371 ../../bgdrtm/bgdrtm.a(xctype.o)
 .debug_loc     0x0000000000002aca       0x58 ../../bgdrtm/bgdrtm.a(mod_say.o)
 .debug_loc     0x0000000000002b22      0x3c8 ../../bgdrtm/bgdrtm.a(mod_string.o)
 .debug_loc     0x0000000000002eea      0x318 ../../bgdrtm/bgdrtm.a(mod_math.o)
 .debug_loc     0x0000000000003202       0xdc ../../bgdrtm/bgdrtm.a(mod_time.o)
 .debug_loc     0x00000000000032de      0x344 ../../bgdrtm/bgdrtm.a(mod_file.o)
 .debug_loc     0x0000000000003622      0xa50 ../../bgdrtm/bgdrtm.a(mod_sound.o)
 .debug_loc     0x0000000000004072       0x84 ../../bgdrtm/bgdrtm.a(libsdlhandler.o)
 .debug_loc     0x00000000000040f6      0x39c ../../bgdrtm/bgdrtm.a(libjoy.o)
 .debug_loc     0x0000000000004492      0x344 ../../bgdrtm/bgdrtm.a(mod_joy.o)
 .debug_loc     0x00000000000047d6      0x210 ../../bgdrtm/bgdrtm.a(mod_proc.o)
 .debug_loc     0x00000000000049e6      0x344 ../../bgdrtm/bgdrtm.a(mod_sort.o)
 .debug_loc     0x0000000000004d2a       0x2c ../../bgdrtm/bgdrtm.a(mod_timers.o)
 .debug_loc     0x0000000000004d56       0xb0 ../../bgdrtm/bgdrtm.a(mod_regex.o)
 .debug_loc     0x0000000000004e06      0x478 ../../bgdrtm/bgdrtm.a(regex.o)
 .debug_loc     0x000000000000527e      0x160 ../../bgdrtm/bgdrtm.a(g_conversion.o)
 .debug_loc     0x00000000000053de       0x2c ../../bgdrtm/bgdrtm.a(libgrbase.o)
 .debug_loc     0x000000000000540a      0x108 ../../bgdrtm/bgdrtm.a(varspace_file.o)
 .debug_loc     0x0000000000005512      0x1b8 ../../bgdrtm/bgdrtm.a(g_bitmap.o)
 .debug_loc     0x00000000000056ca      0x18c ../../bgdrtm/bgdrtm.a(g_grlib.o)
 .debug_loc     0x0000000000005856      0x420 ../../bgdrtm/bgdrtm.a(g_pal.o)

.debug_macinfo
 *(.debug_macinfo)

.debug_weaknames
 *(.debug_weaknames)

.debug_funcnames
 *(.debug_funcnames)

.debug_typenames
 *(.debug_typenames)

.debug_varnames
 *(.debug_varnames)

.debug_pubtypes
 *(.debug_pubtypes)

.debug_ranges   0x0000000000000000      0x268
 *(.debug_ranges)
 .debug_ranges  0x0000000000000000       0x18 main.o
 .debug_ranges  0x0000000000000018       0x30 ../../bgdrtm/bgdrtm.a(sysprocs.o)
 .debug_ranges  0x0000000000000048       0x18 ../../bgdrtm/bgdrtm.a(interpreter.o)
 .debug_ranges  0x0000000000000060       0x60 ../../bgdrtm/bgdrtm.a(files.o)
 .debug_ranges  0x00000000000000c0       0xf8 ../../bgdrtm/bgdrtm.a(xctype.o)
 .debug_ranges  0x00000000000001b8       0x98 ../../bgdrtm/bgdrtm.a(regex.o)
 .debug_ranges  0x0000000000000250       0x18 ../../bgdrtm/bgdrtm.a(g_bitmap.o)

.gnu.attributes
 *(.gnu.attributes)

/DISCARD/
 *(.note.GNU-stack)
 *(.gnu_debuglink)
 *(.gnu.lto_*)
OUTPUT(/home/joseba/cvs/bennugd/console/core/bgdi/bgdi.elf elf32-i386)
