Archive member included because of file (symbol)

/opt/devkitpro//libogc/lib/wii/libfat.a(libfat.o)
                              main.o (fatInitDefault)
/opt/devkitpro//libogc/lib/wii/libfat.a(partition.o)
                              /opt/devkitpro//libogc/lib/wii/libfat.a(libfat.o) (_FAT_partition_constructor)
/opt/devkitpro//libogc/lib/wii/libfat.a(cache.o)
                              /opt/devkitpro//libogc/lib/wii/libfat.a(partition.o) (_FAT_cache_constructor)
/opt/devkitpro//libogc/lib/wii/libfat.a(directory.o)
                              /opt/devkitpro//libogc/lib/wii/libfat.a(libfat.o) (_FAT_directory_getVolumeLabel)
/opt/devkitpro//libogc/lib/wii/libfat.a(disc.o)
                              /opt/devkitpro//libogc/lib/wii/libfat.a(libfat.o) (_FAT_disc_interfaces)
/opt/devkitpro//libogc/lib/wii/libfat.a(fatdir.o)
                              /opt/devkitpro//libogc/lib/wii/libfat.a(libfat.o) (_FAT_stat_r)
/opt/devkitpro//libogc/lib/wii/libfat.a(fatfile.o)
                              /opt/devkitpro//libogc/lib/wii/libfat.a(libfat.o) (_FAT_open_r)
/opt/devkitpro//libogc/lib/wii/libfat.a(file_allocation_table.o)
                              /opt/devkitpro//libogc/lib/wii/libfat.a(directory.o) (_FAT_fat_nextCluster)
/opt/devkitpro//libogc/lib/wii/libfat.a(filetime.o)
                              /opt/devkitpro//libogc/lib/wii/libfat.a(fatdir.o) (_FAT_filetime_getTimeFromRTC)
/opt/devkitpro//portlibs/ppc/lib/libz.a(gzclose.o)
                              ../../common/files.o (gzclose)
/opt/devkitpro//portlibs/ppc/lib/libz.a(gzlib.o)
                              ../../common/files.o (gzopen)
/opt/devkitpro//portlibs/ppc/lib/libz.a(gzread.o)
                              ../../common/files.o (gzread)
/opt/devkitpro//portlibs/ppc/lib/libz.a(gzwrite.o)
                              ../../common/files.o (gzwrite)
/opt/devkitpro//portlibs/ppc/lib/libz.a(inflate.o)
                              /opt/devkitpro//portlibs/ppc/lib/libz.a(gzread.o) (inflateReset)
/opt/devkitpro//portlibs/ppc/lib/libz.a(inftrees.o)
                              /opt/devkitpro//portlibs/ppc/lib/libz.a(inflate.o) (inflate_table)
/opt/devkitpro//portlibs/ppc/lib/libz.a(zutil.o)
                              /opt/devkitpro//portlibs/ppc/lib/libz.a(inflate.o) (zcalloc)
/opt/devkitpro//portlibs/ppc/lib/libz.a(adler32.o)
                              /opt/devkitpro//portlibs/ppc/lib/libz.a(inflate.o) (adler32)
/opt/devkitpro//portlibs/ppc/lib/libz.a(crc32.o)
                              /opt/devkitpro//portlibs/ppc/lib/libz.a(gzread.o) (crc32)
/opt/devkitpro//portlibs/ppc/lib/libz.a(deflate.o)
                              /opt/devkitpro//portlibs/ppc/lib/libz.a(gzwrite.o) (deflateReset)
/opt/devkitpro//portlibs/ppc/lib/libz.a(inffast.o)
                              /opt/devkitpro//portlibs/ppc/lib/libz.a(inflate.o) (inflate_fast)
/opt/devkitpro//portlibs/ppc/lib/libz.a(trees.o)
                              /opt/devkitpro//portlibs/ppc/lib/libz.a(deflate.o) (_tr_init)
/opt/devkitpro//libogc/lib/wii/libwiiuse.a(wpad.o)
                              main.o (WPAD_Init)
/opt/devkitpro//libogc/lib/wii/libwiiuse.a(motion_plus.o)
                              /opt/devkitpro//libogc/lib/wii/libwiiuse.a(wpad.o) (wiiuse_set_motion_plus)
/opt/devkitpro//libogc/lib/wii/libwiiuse.a(dynamics.o)
                              /opt/devkitpro//libogc/lib/wii/libwiiuse.a(wpad.o) (calculate_gforce)
/opt/devkitpro//libogc/lib/wii/libwiiuse.a(io.o)
                              /opt/devkitpro//libogc/lib/wii/libwiiuse.a(motion_plus.o) (wiiuse_disable_expansion)
/opt/devkitpro//libogc/lib/wii/libwiiuse.a(io_wii.o)
                              /opt/devkitpro//libogc/lib/wii/libwiiuse.a(wpad.o) (__wiiuse_sensorbar_enable)
/opt/devkitpro//libogc/lib/wii/libwiiuse.a(ir.o)
                              /opt/devkitpro//libogc/lib/wii/libwiiuse.a(motion_plus.o) (wiiuse_set_ir_mode)
/opt/devkitpro//libogc/lib/wii/libwiiuse.a(nunchuk.o)
                              /opt/devkitpro//libogc/lib/wii/libwiiuse.a(io.o) (nunchuk_handshake)
/opt/devkitpro//libogc/lib/wii/libwiiuse.a(wiiboard.o)
                              /opt/devkitpro//libogc/lib/wii/libwiiuse.a(io.o) (wii_board_handshake)
/opt/devkitpro//libogc/lib/wii/libwiiuse.a(wiiuse.o)
                              /opt/devkitpro//libogc/lib/wii/libwiiuse.a(wpad.o) (wiiuse_init)
/opt/devkitpro//libogc/lib/wii/libwiiuse.a(speaker.o)
                              /opt/devkitpro//libogc/lib/wii/libwiiuse.a(wpad.o) (wencdata)
/opt/devkitpro//libogc/lib/wii/libwiiuse.a(classic.o)
                              /opt/devkitpro//libogc/lib/wii/libwiiuse.a(io.o) (classic_ctrl_handshake)
/opt/devkitpro//libogc/lib/wii/libwiiuse.a(events.o)
                              /opt/devkitpro//libogc/lib/wii/libwiiuse.a(io_wii.o) (parse_event)
/opt/devkitpro//libogc/lib/wii/libwiiuse.a(guitar_hero_3.o)
                              /opt/devkitpro//libogc/lib/wii/libwiiuse.a(io.o) (guitar_hero_3_handshake)
[...]
Memory Configuration

Name             Origin             Length             Attributes
*default*        0x00000000         0xffffffff

Linker script and memory map

                0x00003400                . = 0x3400

.stub
 *(.stub)
                0x80004000                . = 0x80004000

.init           0x80004000      0x194
 *crt0.o(*.init)
 .init          0x80004000      0x170 /opt/devkitpro//libogc/lib/wii/libogc.a(ogc_crt0.o)
                0x80004000                _start
                0x80004140                _memset
 *(.init)
 .init          0x80004170        0xc /opt/devkitpro/devkitPPC/lib/gcc/powerpc-eabi/4.6.3/ecrti.o
                0x80004170                __init
 .init          0x8000417c        0x4 /opt/devkitpro/devkitPPC/lib/gcc/powerpc-eabi/4.6.3/crtbegin.o
 .init          0x80004180        0x4 /opt/devkitpro/devkitPPC/lib/gcc/powerpc-eabi/4.6.3/crtend.o
 .init          0x80004184       0x10 /opt/devkitpro/devkitPPC/lib/gcc/powerpc-eabi/4.6.3/ecrtn.o

.rela.dyn       0x80004194        0x0
 .rela.iplt     0x00000000        0x0 /opt/devkitpro/devkitPPC/lib/gcc/powerpc-eabi/4.6.3/crtbegin.o

.plt
 *(.plt)

.interp
 *(.interp)

.hash
 *(.hash)

.dynsym
 *(.dynsym)

.dynstr
 *(.dynstr)

.gnu.version
 *(.gnu.version)

.gnu.version_d
 *(.gnu.version_d)

.gnu.version_r
 *(.gnu.version_r)

.rel.init
 *(.rel.init)

.rela.init      0x80004194        0x0
 *(.rela.init)
 .rela.init     0x00000000        0x0 /opt/devkitpro/devkitPPC/lib/gcc/powerpc-eabi/4.6.3/crtbegin.o

.rel.text
 *(.rel.text .rel.text.* .rel.gnu.linkonce.t.*)

.rela.text      0x80004194        0x0
 *(.rela.text .rela.text.* .rela.gnu.linkonce.t.*)
 .rela.text     0x00000000        0x0 /opt/devkitpro/devkitPPC/lib/gcc/powerpc-eabi/4.6.3/crtbegin.o
 .rela.text.check_numeric_types
                0x00000000        0x0 /opt/devkitpro/devkitPPC/lib/gcc/powerpc-eabi/4.6.3/crtbegin.o
 .rela.text.check_numeric_or_string_types
                0x00000000        0x0 /opt/devkitpro/devkitPPC/lib/gcc/powerpc-eabi/4.6.3/crtbegin.o
 .rela.text.compile_sublvalue
                0x00000000        0x0 /opt/devkitpro/devkitPPC/lib/gcc/powerpc-eabi/4.6.3/crtbegin.o
 .rela.text.compile_sizeof
                0x00000000        0x0 /opt/devkitpro/devkitPPC/lib/gcc/powerpc-eabi/4.6.3/crtbegin.o
 .rela.text.compile_bestproc
                0x00000000        0x0 /opt/devkitpro/devkitPPC/lib/gcc/powerpc-eabi/4.6.3/crtbegin.o
 .rela.text.compile_paramlist
                0x00000000        0x0 /opt/devkitpro/devkitPPC/lib/gcc/powerpc-eabi/4.6.3/crtbegin.o
 .rela.text.compile_cast
                0x00000000        0x0 /opt/devkitpro/devkitPPC/lib/gcc/powerpc-eabi/4.6.3/crtbegin.o
 .rela.text.compile_value
                0x00000000        0x0 /opt/devkitpro/devkitPPC/lib/gcc/powerpc-eabi/4.6.3/crtbegin.o
 .rela.text.compile_factor
                0x00000000        0x0 /opt/devkitpro/devkitPPC/lib/gcc/powerpc-eabi/4.6.3/crtbegin.o
 .rela.text.compile_operand
                0x00000000        0x0 /opt/devkitpro/devkitPPC/lib/gcc/powerpc-eabi/4.6.3/crtbegin.o
 .rela.text.compile_operation
                0x00000000        0x0 /opt/devkitpro/devkitPPC/lib/gcc/powerpc-eabi/4.6.3/crtbegin.o
 .rela.text.compile_rotation
                0x00000000        0x0 /opt/devkitpro/devkitPPC/lib/gcc/powerpc-eabi/4.6.3/crtbegin.o
 .rela.text.compile_comparison_1
                0x00000000        0x0 /opt/devkitpro/devkitPPC/lib/gcc/powerpc-eabi/4.6.3/crtbegin.o
 .rela.text.compile_comparison_2
                0x00000000        0x0 /opt/devkitpro/devkitPPC/lib/gcc/powerpc-eabi/4.6.3/crtbegin.o
 .rela.text.compile_bitwise_and
                0x00000000        0x0 /opt/devkitpro/devkitPPC/lib/gcc/powerpc-eabi/4.6.3/crtbegin.o
 .rela.text.compile_bitwise_xor
                0x00000000        0x0 /opt/devkitpro/devkitPPC/lib/gcc/powerpc-eabi/4.6.3/crtbegin.o
 .rela.text.compile_bitwise_or
                0x00000000        0x0 /opt/devkitpro/devkitPPC/lib/gcc/powerpc-eabi/4.6.3/crtbegin.o
 .rela.text.compile_logical_and
                0x00000000        0x0 /opt/devkitpro/devkitPPC/lib/gcc/powerpc-eabi/4.6.3/crtbegin.o
 .rela.text.compile_logical_xor
                0x00000000        0x0 /opt/devkitpro/devkitPPC/lib/gcc/powerpc-eabi/4.6.3/crtbegin.o
 .rela.text.compile_logical_or
                0x00000000        0x0 /opt/devkitpro/devkitPPC/lib/gcc/powerpc-eabi/4.6.3/crtbegin.o
 .rela.text.compile_ternarycond
                0x00000000        0x0 /opt/devkitpro/devkitPPC/lib/gcc/powerpc-eabi/4.6.3/crtbegin.o
 .rela.text.compile_subexpresion
                0x00000000        0x0 /opt/devkitpro/devkitPPC/lib/gcc/powerpc-eabi/4.6.3/crtbegin.o
 .rela.text.compile_expresion
                0x00000000        0x0 /opt/devkitpro/devkitPPC/lib/gcc/powerpc-eabi/4.6.3/crtbegin.o
 .rela.text.convert_result_type
                0x00000000        0x0 /opt/devkitpro/devkitPPC/lib/gcc/powerpc-eabi/4.6.3/crtbegin.o
 .rela.text.compile_sentence_end
                0x00000000        0x0 /opt/devkitpro/devkitPPC/lib/gcc/powerpc-eabi/4.6.3/crtbegin.o
 .rela.text.compile_block
                0x00000000        0x0 /opt/devkitpro/devkitPPC/lib/gcc/powerpc-eabi/4.6.3/crtbegin.o
 .rela.text.compile_array_data
                0x00000000        0x0 /opt/devkitpro/devkitPPC/lib/gcc/powerpc-eabi/4.6.3/crtbegin.o
 .rela.text.compile_struct_data
                0x00000000        0x0 /opt/devkitpro/devkitPPC/lib/gcc/powerpc-eabi/4.6.3/crtbegin.o
 .rela.text.compile_varspace
                0x00000000        0x0 /opt/devkitpro/devkitPPC/lib/gcc/powerpc-eabi/4.6.3/crtbegin.o
 .rela.text.fake_dl_init
                0x00000000        0x0 /opt/devkitpro/devkitPPC/lib/gcc/powerpc-eabi/4.6.3/crtbegin.o
 .rela.text.dlibopen
                0x00000000        0x0 /opt/devkitpro/devkitPPC/lib/gcc/powerpc-eabi/4.6.3/crtbegin.o
 .rela.text.compile_init
                0x00000000        0x0 /opt/devkitpro/devkitPPC/lib/gcc/powerpc-eabi/4.6.3/crtbegin.o
 .rela.text.compile_error
                0x00000000        0x0 /opt/devkitpro/devkitPPC/lib/gcc/powerpc-eabi/4.6.3/crtbegin.o
 .rela.text.compile_warning
                0x00000000        0x0 /opt/devkitpro/devkitPPC/lib/gcc/powerpc-eabi/4.6.3/crtbegin.o
 .rela.text.import_exists
                0x00000000        0x0 /opt/devkitpro/devkitPPC/lib/gcc/powerpc-eabi/4.6.3/crtbegin.o
 .rela.text.compile_type
                0x00000000        0x0 /opt/devkitpro/devkitPPC/lib/gcc/powerpc-eabi/4.6.3/crtbegin.o
 .rela.text.import_module
                0x00000000        0x0 /opt/devkitpro/devkitPPC/lib/gcc/powerpc-eabi/4.6.3/crtbegin.o
 .rela.text.compile_import
                0x00000000        0x0 /opt/devkitpro/devkitPPC/lib/gcc/powerpc-eabi/4.6.3/crtbegin.o
 .rela.text.compile_constants
                0x00000000        0x0 /opt/devkitpro/devkitPPC/lib/gcc/powerpc-eabi/4.6.3/crtbegin.o
 .rela.text.compile_process
                0x00000000        0x0 /opt/devkitpro/devkitPPC/lib/gcc/powerpc-eabi/4.6.3/crtbegin.o
 .rela.text.compile_program
                0x00000000        0x0 /opt/devkitpro/devkitPPC/lib/gcc/powerpc-eabi/4.6.3/crtbegin.o
 .rela.text.codeblock_postprocess
                0x00000000        0x0 /opt/devkitpro/devkitPPC/lib/gcc/powerpc-eabi/4.6.3/crtbegin.o
 .rela.text.codeblock_init
                0x00000000        0x0 /opt/devkitpro/devkitPPC/lib/gcc/powerpc-eabi/4.6.3/crtbegin.o
 .rela.text.codeblock_alloc
                0x00000000        0x0 /opt/devkitpro/devkitPPC/lib/gcc/powerpc-eabi/4.6.3/crtbegin.o
 .rela.text.codeblock_loop_alloc
                0x00000000        0x0 /opt/devkitpro/devkitPPC/lib/gcc/powerpc-eabi/4.6.3/crtbegin.o
 .rela.text.codeblock_label_alloc
                0x00000000        0x0 /opt/devkitpro/devkitPPC/lib/gcc/powerpc-eabi/4.6.3/crtbegin.o
 .rela.text.codeblock_label_add
                0x00000000        0x0 /opt/devkitpro/devkitPPC/lib/gcc/powerpc-eabi/4.6.3/crtbegin.o
 .rela.text.codeblock_add
                0x00000000        0x0 /opt/devkitpro/devkitPPC/lib/gcc/powerpc-eabi/4.6.3/crtbegin.o
 .rela.text.constants_alloc
                0x00000000        0x0 /opt/devkitpro/devkitPPC/lib/gcc/powerpc-eabi/4.6.3/crtbegin.o
 .rela.text.constants_add
                0x00000000        0x0 /opt/devkitpro/devkitPPC/lib/gcc/powerpc-eabi/4.6.3/crtbegin.o
 .rela.text.dcb_varspace
                0x00000000        0x0 /opt/devkitpro/devkitPPC/lib/gcc/powerpc-eabi/4.6.3/crtbegin.o
 .rela.text.dcb_save
                0x00000000        0x0 /opt/devkitpro/devkitPPC/lib/gcc/powerpc-eabi/4.6.3/crtbegin.o
 .rela.text.codeblock_adjust
                0x00000000        0x0 /opt/devkitpro/devkitPPC/lib/gcc/powerpc-eabi/4.6.3/crtbegin.o
 .rela.text.dcb_load_lib
                0x00000000        0x0 /opt/devkitpro/devkitPPC/lib/gcc/powerpc-eabi/4.6.3/crtbegin.o
 .rela.text.err_buildErrorTable
                0x00000000        0x0 /opt/devkitpro/devkitPPC/lib/gcc/powerpc-eabi/4.6.3/crtbegin.o
 .rela.text.err_addError
                0x00000000        0x0 /opt/devkitpro/devkitPPC/lib/gcc/powerpc-eabi/4.6.3/crtbegin.o
 .rela.text.err_delError
                0x00000000        0x0 /opt/devkitpro/devkitPPC/lib/gcc/powerpc-eabi/4.6.3/crtbegin.o
 .rela.text.err_destroyErrorTable
                0x00000000        0x0 /opt/devkitpro/devkitPPC/lib/gcc/powerpc-eabi/4.6.3/crtbegin.o
 .rela.text.err_getErrorByCode
                0x00000000        0x0 /opt/devkitpro/devkitPPC/lib/gcc/powerpc-eabi/4.6.3/crtbegin.o
 .rela.text.identifier_add_as
                0x00000000        0x0 /opt/devkitpro/devkitPPC/lib/gcc/powerpc-eabi/4.6.3/crtbegin.o
 .rela.text.identifier_is_basic_type
                0x00000000        0x0 /opt/devkitpro/devkitPPC/lib/gcc/powerpc-eabi/4.6.3/crtbegin.o
 .rela.text.main
                0x00000000        0x0 /opt/devkitpro/devkitPPC/lib/gcc/powerpc-eabi/4.6.3/crtbegin.o
 .rela.text.core_init
                0x00000000        0x0 /opt/devkitpro/devkitPPC/lib/gcc/powerpc-eabi/4.6.3/crtbegin.o
 .rela.text.procdef_new
                0x00000000        0x0 /opt/devkitpro/devkitPPC/lib/gcc/powerpc-eabi/4.6.3/crtbegin.o
 .rela.text.string_alloc
                0x00000000        0x0 /opt/devkitpro/devkitPPC/lib/gcc/powerpc-eabi/4.6.3/crtbegin.o
 .rela.text.string_new
                0x00000000        0x0 /opt/devkitpro/devkitPPC/lib/gcc/powerpc-eabi/4.6.3/crtbegin.o
 .rela.text.string_compile
                0x00000000        0x0 /opt/devkitpro/devkitPPC/lib/gcc/powerpc-eabi/4.6.3/crtbegin.o
 .rela.text.load_file
                0x00000000        0x0 /opt/devkitpro/devkitPPC/lib/gcc/powerpc-eabi/4.6.3/crtbegin.o
 .rela.text.include_file
                0x00000000        0x0 /opt/devkitpro/devkitPPC/lib/gcc/powerpc-eabi/4.6.3/crtbegin.o
 .rela.text.preprocessor_jumpto
                0x00000000        0x0 /opt/devkitpro/devkitPPC/lib/gcc/powerpc-eabi/4.6.3/crtbegin.o
 .rela.text.preprocessor_expand
                0x00000000        0x0 /opt/devkitpro/devkitPPC/lib/gcc/powerpc-eabi/4.6.3/crtbegin.o
 .rela.text.preprocessor
                0x00000000        0x0 /opt/devkitpro/devkitPPC/lib/gcc/powerpc-eabi/4.6.3/crtbegin.o
 .rela.text.token_init
                0x00000000        0x0 /opt/devkitpro/devkitPPC/lib/gcc/powerpc-eabi/4.6.3/crtbegin.o
 .rela.text.token_dump
                0x00000000        0x0 /opt/devkitpro/devkitPPC/lib/gcc/powerpc-eabi/4.6.3/crtbegin.o
 .rela.text.token_next
                0x00000000        0x0 /opt/devkitpro/devkitPPC/lib/gcc/powerpc-eabi/4.6.3/crtbegin.o
 .rela.text.token_back
                0x00000000        0x0 /opt/devkitpro/devkitPPC/lib/gcc/powerpc-eabi/4.6.3/crtbegin.o
 .rela.text.token_pos
                0x00000000        0x0 /opt/devkitpro/devkitPPC/lib/gcc/powerpc-eabi/4.6.3/crtbegin.o
 .rela.text.token_set_pos
                0x00000000        0x0 /opt/devkitpro/devkitPPC/lib/gcc/powerpc-eabi/4.6.3/crtbegin.o
 .rela.text.mnemonic_dump
                0x00000000        0x0 /opt/devkitpro/devkitPPC/lib/gcc/powerpc-eabi/4.6.3/crtbegin.o
 .rela.text.set_c_range
                0x00000000        0x0 /opt/devkitpro/devkitPPC/lib/gcc/powerpc-eabi/4.6.3/crtbegin.o
 .rela.text.set_c_from
                0x00000000        0x0 /opt/devkitpro/devkitPPC/lib/gcc/powerpc-eabi/4.6.3/crtbegin.o
 .rela.text.set_c_as
                0x00000000        0x0 /opt/devkitpro/devkitPPC/lib/gcc/powerpc-eabi/4.6.3/crtbegin.o
 .rela.text.set_c_upper
                0x00000000        0x0 /opt/devkitpro/devkitPPC/lib/gcc/powerpc-eabi/4.6.3/crtbegin.o
 .rela.text.set_c_lower
                0x00000000        0x0 /opt/devkitpro/devkitPPC/lib/gcc/powerpc-eabi/4.6.3/crtbegin.o
 .rela.text.init_c_type
                0x00000000        0x0 /opt/devkitpro/devkitPPC/lib/gcc/powerpc-eabi/4.6.3/crtbegin.o
 .rela.text.fatUnmount
                0x00000000        0x0 /opt/devkitpro/devkitPPC/lib/gcc/powerpc-eabi/4.6.3/crtbegin.o
 .rela.text.fatInit
                0x00000000        0x0 /opt/devkitpro/devkitPPC/lib/gcc/powerpc-eabi/4.6.3/crtbegin.o
 .rela.text.fatGetVolumeLabel
                0x00000000        0x0 /opt/devkitpro/devkitPPC/lib/gcc/powerpc-eabi/4.6.3/crtbegin.o
 .rela.text._FAT_directory_entryGetAlias
                0x00000000        0x0 /opt/devkitpro/devkitPPC/lib/gcc/powerpc-eabi/4.6.3/crtbegin.o
 .rela.text.get_io_wiisd
                0x00000000        0x0 /opt/devkitpro/devkitPPC/lib/gcc/powerpc-eabi/4.6.3/crtbegin.o
 .rela.text.get_io_usbstorage
                0x00000000        0x0 /opt/devkitpro/devkitPPC/lib/gcc/powerpc-eabi/4.6.3/crtbegin.o
 .rela.text.get_io_gcsda
                0x00000000        0x0 /opt/devkitpro/devkitPPC/lib/gcc/powerpc-eabi/4.6.3/crtbegin.o
 .rela.text.get_io_gcsdb
                0x00000000        0x0 /opt/devkitpro/devkitPPC/lib/gcc/powerpc-eabi/4.6.3/crtbegin.o
 .rela.text.wiiuse_handshake_expansion
                0x00000000        0x0 /opt/devkitpro/devkitPPC/lib/gcc/powerpc-eabi/4.6.3/crtbegin.o
 .rela.text.wiiuse_handshake
                0x00000000        0x0 /opt/devkitpro/devkitPPC/lib/gcc/powerpc-eabi/4.6.3/crtbegin.o
 .rela.text.wiiuse_init_cmd_queue
                0x00000000        0x0 /opt/devkitpro/devkitPPC/lib/gcc/powerpc-eabi/4.6.3/crtbegin.o
 .rela.text.wiiuse_init
                0x00000000        0x0 /opt/devkitpro/devkitPPC/lib/gcc/powerpc-eabi/4.6.3/crtbegin.o
 .rela.text.bt_alarmhandler
                0x00000000        0x0 /opt/devkitpro/devkitPPC/lib/gcc/powerpc-eabi/4.6.3/crtbegin.o
 .rela.text.__console_init
                0x00000000        0x0 /opt/devkitpro/devkitPPC/lib/gcc/powerpc-eabi/4.6.3/crtbegin.o
 .rela.text.__console_init_ex
                0x00000000        0x0 /opt/devkitpro/devkitPPC/lib/gcc/powerpc-eabi/4.6.3/crtbegin.o
 .rela.text.CON_EnableGecko
                0x00000000        0x0 /opt/devkitpro/devkitPPC/lib/gcc/powerpc-eabi/4.6.3/crtbegin.o
 .rela.text.__lwp_thread_calcheir
                0x00000000        0x0 /opt/devkitpro/devkitPPC/lib/gcc/powerpc-eabi/4.6.3/crtbegin.o
 .rela.text.__lwp_wd_insert_ticks.constprop.4
                0x00000000        0x0 /opt/devkitpro/devkitPPC/lib/gcc/powerpc-eabi/4.6.3/crtbegin.o
 .rela.text.__lwp_rotate_readyqueue
                0x00000000        0x0 /opt/devkitpro/devkitPPC/lib/gcc/powerpc-eabi/4.6.3/crtbegin.o
 .rela.text.__lwp_thread_setpriority
                0x00000000        0x0 /opt/devkitpro/devkitPPC/lib/gcc/powerpc-eabi/4.6.3/crtbegin.o
 .rela.text.__lwp_thread_close
                0x00000000        0x0 /opt/devkitpro/devkitPPC/lib/gcc/powerpc-eabi/4.6.3/crtbegin.o
 .rela.text.__lwp_thread_closeall
                0x00000000        0x0 /opt/devkitpro/devkitPPC/lib/gcc/powerpc-eabi/4.6.3/crtbegin.o
 .rela.text.__lwp_thread_startmultitasking
                0x00000000        0x0 /opt/devkitpro/devkitPPC/lib/gcc/powerpc-eabi/4.6.3/crtbegin.o
 .rela.text.__lwp_thread_stopmultitasking
                0x00000000        0x0 /opt/devkitpro/devkitPPC/lib/gcc/powerpc-eabi/4.6.3/crtbegin.o
 .rela.text.__lwp_thread_coreinit
                0x00000000        0x0 /opt/devkitpro/devkitPPC/lib/gcc/powerpc-eabi/4.6.3/crtbegin.o
 .rela.text.__lwp_cntrl_free
                0x00000000        0x0 /opt/devkitpro/devkitPPC/lib/gcc/powerpc-eabi/4.6.3/crtbegin.o
 .rela.text.__lwp_tqueue_open
                0x00000000        0x0 /opt/devkitpro/devkitPPC/lib/gcc/powerpc-eabi/4.6.3/crtbegin.o
 .rela.text.__lwp_cntrl_open
                0x00000000        0x0 /opt/devkitpro/devkitPPC/lib/gcc/powerpc-eabi/4.6.3/crtbegin.o
 .rela.text.__lwp_sysinit
                0x00000000        0x0 /opt/devkitpro/devkitPPC/lib/gcc/powerpc-eabi/4.6.3/crtbegin.o
 .rela.text.__lwp_thread_isalive
                0x00000000        0x0 /opt/devkitpro/devkitPPC/lib/gcc/powerpc-eabi/4.6.3/crtbegin.o
 .rela.text.__lwp_thread_exists
                0x00000000        0x0 /opt/devkitpro/devkitPPC/lib/gcc/powerpc-eabi/4.6.3/crtbegin.o
 .rela.text.__lwp_thread_context
                0x00000000        0x0 /opt/devkitpro/devkitPPC/lib/gcc/powerpc-eabi/4.6.3/crtbegin.o
 .rela.text.LWP_CreateThread
                0x00000000        0x0 /opt/devkitpro/devkitPPC/lib/gcc/powerpc-eabi/4.6.3/crtbegin.o
 .rela.text.LWP_InitQueue
                0x00000000        0x0 /opt/devkitpro/devkitPPC/lib/gcc/powerpc-eabi/4.6.3/crtbegin.o
 .rela.text.LWP_CloseQueue
                0x00000000        0x0 /opt/devkitpro/devkitPPC/lib/gcc/powerpc-eabi/4.6.3/crtbegin.o
 .rela.text.__lwp_stack_allocate
                0x00000000        0x0 /opt/devkitpro/devkitPPC/lib/gcc/powerpc-eabi/4.6.3/crtbegin.o
 .rela.text.__lwp_stack_free
                0x00000000        0x0 /opt/devkitpro/devkitPPC/lib/gcc/powerpc-eabi/4.6.3/crtbegin.o
 .rela.text.__lwp_watchdog_init
                0x00000000        0x0 /opt/devkitpro/devkitPPC/lib/gcc/powerpc-eabi/4.6.3/crtbegin.o
 .rela.text.__lwp_wd_tickle
                0x00000000        0x0 /opt/devkitpro/devkitPPC/lib/gcc/powerpc-eabi/4.6.3/crtbegin.o
 .rela.text.__lwp_wkspace_heapfree
                0x00000000        0x0 /opt/devkitpro/devkitPPC/lib/gcc/powerpc-eabi/4.6.3/crtbegin.o
 .rela.text.__lwp_wkspace_heapused
                0x00000000        0x0 /opt/devkitpro/devkitPPC/lib/gcc/powerpc-eabi/4.6.3/crtbegin.o
 .rela.text.__lwp_wkspace_init
                0x00000000        0x0 /opt/devkitpro/devkitPPC/lib/gcc/powerpc-eabi/4.6.3/crtbegin.o
 .rela.text.__lwp_objmgr_initinfo
                0x00000000        0x0 /opt/devkitpro/devkitPPC/lib/gcc/powerpc-eabi/4.6.3/crtbegin.o
 .rela.text.__irq_init
                0x00000000        0x0 /opt/devkitpro/devkitPPC/lib/gcc/powerpc-eabi/4.6.3/crtbegin.o
 .rela.text.__lwp_mutex_locksupp.constprop.7
                0x00000000        0x0 /opt/devkitpro/devkitPPC/lib/gcc/powerpc-eabi/4.6.3/crtbegin.o
 .rela.text.__lwp_mutex_init
                0x00000000        0x0 /opt/devkitpro/devkitPPC/lib/gcc/powerpc-eabi/4.6.3/crtbegin.o
 .rela.text.LWP_MutexInit
                0x00000000        0x0 /opt/devkitpro/devkitPPC/lib/gcc/powerpc-eabi/4.6.3/crtbegin.o
 .rela.text.LWP_MutexDestroy
                0x00000000        0x0 /opt/devkitpro/devkitPPC/lib/gcc/powerpc-eabi/4.6.3/crtbegin.o
 .rela.text.LWP_MutexUnlock
                0x00000000        0x0 /opt/devkitpro/devkitPPC/lib/gcc/powerpc-eabi/4.6.3/crtbegin.o
 .rela.text.__call_resetfuncs
                0x00000000        0x0 /opt/devkitpro/devkitPPC/lib/gcc/powerpc-eabi/4.6.3/crtbegin.o
 .rela.text.__locksram
                0x00000000        0x0 /opt/devkitpro/devkitPPC/lib/gcc/powerpc-eabi/4.6.3/crtbegin.o
 .rela.text.__lwp_wd_insert_ticks
                0x00000000        0x0 /opt/devkitpro/devkitPPC/lib/gcc/powerpc-eabi/4.6.3/crtbegin.o
 .rela.text.__unlocksram
                0x00000000        0x0 /opt/devkitpro/devkitPPC/lib/gcc/powerpc-eabi/4.6.3/crtbegin.o
 .rela.text.__sram_writecallback
                0x00000000        0x0 /opt/devkitpro/devkitPPC/lib/gcc/powerpc-eabi/4.6.3/crtbegin.o
 .rela.text.__sram_init
                0x00000000        0x0 /opt/devkitpro/devkitPPC/lib/gcc/powerpc-eabi/4.6.3/crtbegin.o
 .rela.text.__SYS_SyncSram
                0x00000000        0x0 /opt/devkitpro/devkitPPC/lib/gcc/powerpc-eabi/4.6.3/crtbegin.o
 .rela.text.SYS_Init
                0x00000000        0x0 /opt/devkitpro/devkitPPC/lib/gcc/powerpc-eabi/4.6.3/crtbegin.o
 .rela.text.SYS_RemoveAlarm
                0x00000000        0x0 /opt/devkitpro/devkitPPC/lib/gcc/powerpc-eabi/4.6.3/crtbegin.o
 .rela.text.SYS_CancelAlarm
                0x00000000        0x0 /opt/devkitpro/devkitPPC/lib/gcc/powerpc-eabi/4.6.3/crtbegin.o
 .rela.text.__lwp_cond_open
                0x00000000        0x0 /opt/devkitpro/devkitPPC/lib/gcc/powerpc-eabi/4.6.3/crtbegin.o
 .rela.text.__lwp_cond_init
                0x00000000        0x0 /opt/devkitpro/devkitPPC/lib/gcc/powerpc-eabi/4.6.3/crtbegin.o
 .rela.text.LWP_CondInit
                0x00000000        0x0 /opt/devkitpro/devkitPPC/lib/gcc/powerpc-eabi/4.6.3/crtbegin.o
 .rela.text.LWP_CondDestroy
                0x00000000        0x0 /opt/devkitpro/devkitPPC/lib/gcc/powerpc-eabi/4.6.3/crtbegin.o
 .rela.text.c_decrementer_handler
                0x00000000        0x0 /opt/devkitpro/devkitPPC/lib/gcc/powerpc-eabi/4.6.3/crtbegin.o
 .rela.text.__lwp_mqbox_free
                0x00000000        0x0 /opt/devkitpro/devkitPPC/lib/gcc/powerpc-eabi/4.6.3/crtbegin.o
 .rela.text.__lwp_mqbox_open
                0x00000000        0x0 /opt/devkitpro/devkitPPC/lib/gcc/powerpc-eabi/4.6.3/crtbegin.o
 .rela.text.__lwp_mqbox_init
                0x00000000        0x0 /opt/devkitpro/devkitPPC/lib/gcc/powerpc-eabi/4.6.3/crtbegin.o
 .rela.text.MQ_Init
                0x00000000        0x0 /opt/devkitpro/devkitPPC/lib/gcc/powerpc-eabi/4.6.3/crtbegin.o
 .rela.text.__ios_ioctlvformat_parse
                0x00000000        0x0 /opt/devkitpro/devkitPPC/lib/gcc/powerpc-eabi/4.6.3/crtbegin.o
 .rela.text.__ioctlvfmtCB
                0x00000000        0x0 /opt/devkitpro/devkitPPC/lib/gcc/powerpc-eabi/4.6.3/crtbegin.o
 .rela.text.IOS_IoctlvFormat
                0x00000000        0x0 /opt/devkitpro/devkitPPC/lib/gcc/powerpc-eabi/4.6.3/crtbegin.o
 .rela.text.IOS_IoctlvFormatAsync
                0x00000000        0x0 /opt/devkitpro/devkitPPC/lib/gcc/powerpc-eabi/4.6.3/crtbegin.o
 .rela.text.nanosleep
                0x00000000        0x0 /opt/devkitpro/devkitPPC/lib/gcc/powerpc-eabi/4.6.3/crtbegin.o
 .rela.text.__libc_delete_hook
                0x00000000        0x0 /opt/devkitpro/devkitPPC/lib/gcc/powerpc-eabi/4.6.3/crtbegin.o
 .rela.text.__libc_init
                0x00000000        0x0 /opt/devkitpro/devkitPPC/lib/gcc/powerpc-eabi/4.6.3/crtbegin.o
 .rela.text.__libc_wrapup
                0x00000000        0x0 /opt/devkitpro/devkitPPC/lib/gcc/powerpc-eabi/4.6.3/crtbegin.o
 .rela.text.__CheckARGV
                0x00000000        0x0 /opt/devkitpro/devkitPPC/lib/gcc/powerpc-eabi/4.6.3/crtbegin.o
 .rela.text.__lwp_priority_init
                0x00000000        0x0 /opt/devkitpro/devkitPPC/lib/gcc/powerpc-eabi/4.6.3/crtbegin.o
 .rela.text.__lwp_wd_remove_ticks
                0x00000000        0x0 /opt/devkitpro/devkitPPC/lib/gcc/powerpc-eabi/4.6.3/crtbegin.o
 .rela.text.__lwp_threadqueue_enqueue
                0x00000000        0x0 /opt/devkitpro/devkitPPC/lib/gcc/powerpc-eabi/4.6.3/crtbegin.o
 .rela.text.__lwpmq_initialize
                0x00000000        0x0 /opt/devkitpro/devkitPPC/lib/gcc/powerpc-eabi/4.6.3/crtbegin.o
 .rela.text.__lwpmq_close
                0x00000000        0x0 /opt/devkitpro/devkitPPC/lib/gcc/powerpc-eabi/4.6.3/crtbegin.o
 .rela.text.__systemcall_init
                0x00000000        0x0 /opt/devkitpro/devkitPPC/lib/gcc/powerpc-eabi/4.6.3/crtbegin.o
 .rela.text.__exception_init
                0x00000000        0x0 /opt/devkitpro/devkitPPC/lib/gcc/powerpc-eabi/4.6.3/crtbegin.o
 .rela.text.__exception_close
                0x00000000        0x0 /opt/devkitpro/devkitPPC/lib/gcc/powerpc-eabi/4.6.3/crtbegin.o
 .rela.text.__exception_sethandler
                0x00000000        0x0 /opt/devkitpro/devkitPPC/lib/gcc/powerpc-eabi/4.6.3/crtbegin.o
 .rela.text.__lwp_sema_open
                0x00000000        0x0 /opt/devkitpro/devkitPPC/lib/gcc/powerpc-eabi/4.6.3/crtbegin.o
 .rela.text.__lwp_sema_init
                0x00000000        0x0 /opt/devkitpro/devkitPPC/lib/gcc/powerpc-eabi/4.6.3/crtbegin.o
 .rela.text.LWP_SemInit
                0x00000000        0x0 /opt/devkitpro/devkitPPC/lib/gcc/powerpc-eabi/4.6.3/crtbegin.o
 .rela.text.LWP_SemDestroy
                0x00000000        0x0 /opt/devkitpro/devkitPPC/lib/gcc/powerpc-eabi/4.6.3/crtbegin.o
 .rela.text.__GX_FifoLink
                0x00000000        0x0 /opt/devkitpro/devkitPPC/lib/gcc/powerpc-eabi/4.6.3/crtbegin.o
 .rela.text.__GX_WriteFifoIntEnable
                0x00000000        0x0 /opt/devkitpro/devkitPPC/lib/gcc/powerpc-eabi/4.6.3/crtbegin.o
 .rela.text.__GX_FifoReadEnable
                0x00000000        0x0 /opt/devkitpro/devkitPPC/lib/gcc/powerpc-eabi/4.6.3/crtbegin.o
 .rela.text.__GX_FifoReadDisable
                0x00000000        0x0 /opt/devkitpro/devkitPPC/lib/gcc/powerpc-eabi/4.6.3/crtbegin.o
 .rela.text.__GX_InitRevBits
                0x00000000        0x0 /opt/devkitpro/devkitPPC/lib/gcc/powerpc-eabi/4.6.3/crtbegin.o
 .rela.text.__GXDefTexRegionCallback
                0x00000000        0x0 /opt/devkitpro/devkitPPC/lib/gcc/powerpc-eabi/4.6.3/crtbegin.o
 .rela.text.__GXDefTlutRegionCallback
                0x00000000        0x0 /opt/devkitpro/devkitPPC/lib/gcc/powerpc-eabi/4.6.3/crtbegin.o
 .rela.text.__GX_FlushTextureState
                0x00000000        0x0 /opt/devkitpro/devkitPPC/lib/gcc/powerpc-eabi/4.6.3/crtbegin.o
 .rela.text.__SetSURegs
                0x00000000        0x0 /opt/devkitpro/devkitPPC/lib/gcc/powerpc-eabi/4.6.3/crtbegin.o
 .rela.text.__SETVCDFMT
                0x00000000        0x0 /opt/devkitpro/devkitPPC/lib/gcc/powerpc-eabi/4.6.3/crtbegin.o
 .rela.text.__GX_SetMatrixIndex
                0x00000000        0x0 /opt/devkitpro/devkitPPC/lib/gcc/powerpc-eabi/4.6.3/crtbegin.o
 .rela.text.__GX_SetDirtyState
                0x00000000        0x0 /opt/devkitpro/devkitPPC/lib/gcc/powerpc-eabi/4.6.3/crtbegin.o
 .rela.text.__SETVCDATTR
                0x00000000        0x0 /opt/devkitpro/devkitPPC/lib/gcc/powerpc-eabi/4.6.3/crtbegin.o
 .rela.text.__GX_WriteFifoIntReset.constprop.6
                0x00000000        0x0 /opt/devkitpro/devkitPPC/lib/gcc/powerpc-eabi/4.6.3/crtbegin.o
 .rela.text.__GXCPInterruptHandler
                0x00000000        0x0 /opt/devkitpro/devkitPPC/lib/gcc/powerpc-eabi/4.6.3/crtbegin.o
 .rela.text.GX_Flush
                0x00000000        0x0 /opt/devkitpro/devkitPPC/lib/gcc/powerpc-eabi/4.6.3/crtbegin.o
 .rela.text.GX_EnableBreakPt
                0x00000000        0x0 /opt/devkitpro/devkitPPC/lib/gcc/powerpc-eabi/4.6.3/crtbegin.o
 .rela.text.GX_DisableBreakPt
                0x00000000        0x0 /opt/devkitpro/devkitPPC/lib/gcc/powerpc-eabi/4.6.3/crtbegin.o
 .rela.text.GX_AbortFrame
                0x00000000        0x0 /opt/devkitpro/devkitPPC/lib/gcc/powerpc-eabi/4.6.3/crtbegin.o
 .rela.text.GX_PixModeSync
                0x00000000        0x0 /opt/devkitpro/devkitPPC/lib/gcc/powerpc-eabi/4.6.3/crtbegin.o
 .rela.text.GX_SetMisc
                0x00000000        0x0 /opt/devkitpro/devkitPPC/lib/gcc/powerpc-eabi/4.6.3/crtbegin.o
 .rela.text.GX_SetCopyClamp
                0x00000000        0x0 /opt/devkitpro/devkitPPC/lib/gcc/powerpc-eabi/4.6.3/crtbegin.o
 .rela.text.GX_SetDispCopyGamma
                0x00000000        0x0 /opt/devkitpro/devkitPPC/lib/gcc/powerpc-eabi/4.6.3/crtbegin.o
 .rela.text.GX_SetDispCopyFrame2Field
                0x00000000        0x0 /opt/devkitpro/devkitPPC/lib/gcc/powerpc-eabi/4.6.3/crtbegin.o
 .rela.text.GX_SetDispCopyYScale
                0x00000000        0x0 /opt/devkitpro/devkitPPC/lib/gcc/powerpc-eabi/4.6.3/crtbegin.o
 .rela.text.GX_SetDispCopyDst
                0x00000000        0x0 /opt/devkitpro/devkitPPC/lib/gcc/powerpc-eabi/4.6.3/crtbegin.o
 .rela.text.GX_SetDispCopySrc
                0x00000000        0x0 /opt/devkitpro/devkitPPC/lib/gcc/powerpc-eabi/4.6.3/crtbegin.o
 .rela.text.GX_CopyDisp
                0x00000000        0x0 /opt/devkitpro/devkitPPC/lib/gcc/powerpc-eabi/4.6.3/crtbegin.o
 .rela.text.GX_CopyTex
                0x00000000        0x0 /opt/devkitpro/devkitPPC/lib/gcc/powerpc-eabi/4.6.3/crtbegin.o
 .rela.text.GX_SetTexCopySrc
                0x00000000        0x0 /opt/devkitpro/devkitPPC/lib/gcc/powerpc-eabi/4.6.3/crtbegin.o
 .rela.text.GX_SetTexCopyDst
                0x00000000        0x0 /opt/devkitpro/devkitPPC/lib/gcc/powerpc-eabi/4.6.3/crtbegin.o
 .rela.text.GX_BeginDispList
                0x00000000        0x0 /opt/devkitpro/devkitPPC/lib/gcc/powerpc-eabi/4.6.3/crtbegin.o
 .rela.text.GX_EndDispList
                0x00000000        0x0 /opt/devkitpro/devkitPPC/lib/gcc/powerpc-eabi/4.6.3/crtbegin.o
 .rela.text.GX_CallDispList
                0x00000000        0x0 /opt/devkitpro/devkitPPC/lib/gcc/powerpc-eabi/4.6.3/crtbegin.o
 .rela.text.GX_SetChanCtrl
                0x00000000        0x0 /opt/devkitpro/devkitPPC/lib/gcc/powerpc-eabi/4.6.3/crtbegin.o
 .rela.text.GX_SetChanAmbColor
                0x00000000        0x0 /opt/devkitpro/devkitPPC/lib/gcc/powerpc-eabi/4.6.3/crtbegin.o
 .rela.text.GX_SetChanMatColor
                0x00000000        0x0 /opt/devkitpro/devkitPPC/lib/gcc/powerpc-eabi/4.6.3/crtbegin.o
 .rela.text.GX_SetVtxDesc
                0x00000000        0x0 /opt/devkitpro/devkitPPC/lib/gcc/powerpc-eabi/4.6.3/crtbegin.o
 .rela.text.GX_SetVtxDescv
                0x00000000        0x0 /opt/devkitpro/devkitPPC/lib/gcc/powerpc-eabi/4.6.3/crtbegin.o
 .rela.text.GX_GetVtxDescv
                0x00000000        0x0 /opt/devkitpro/devkitPPC/lib/gcc/powerpc-eabi/4.6.3/crtbegin.o
 .rela.text.GX_SetVtxAttrFmt
                0x00000000        0x0 /opt/devkitpro/devkitPPC/lib/gcc/powerpc-eabi/4.6.3/crtbegin.o
 .rela.text.GX_SetVtxAttrFmtv
                0x00000000        0x0 /opt/devkitpro/devkitPPC/lib/gcc/powerpc-eabi/4.6.3/crtbegin.o
 .rela.text.GX_Begin
                0x00000000        0x0 /opt/devkitpro/devkitPPC/lib/gcc/powerpc-eabi/4.6.3/crtbegin.o
 .rela.text.GX_SetTexCoordGen2
                0x00000000        0x0 /opt/devkitpro/devkitPPC/lib/gcc/powerpc-eabi/4.6.3/crtbegin.o
 .rela.text.GX_SetCurrentMtx
                0x00000000        0x0 /opt/devkitpro/devkitPPC/lib/gcc/powerpc-eabi/4.6.3/crtbegin.o
 .rela.text.GX_SetNumTexGens
                0x00000000        0x0 /opt/devkitpro/devkitPPC/lib/gcc/powerpc-eabi/4.6.3/crtbegin.o
 .rela.text.GX_SetZMode
                0x00000000        0x0 /opt/devkitpro/devkitPPC/lib/gcc/powerpc-eabi/4.6.3/crtbegin.o
 .rela.text.GX_LoadTexObjPreloaded
                0x00000000        0x0 /opt/devkitpro/devkitPPC/lib/gcc/powerpc-eabi/4.6.3/crtbegin.o
 .rela.text.GX_SetTexCoordScaleManually
                0x00000000        0x0 /opt/devkitpro/devkitPPC/lib/gcc/powerpc-eabi/4.6.3/crtbegin.o
 .rela.text.GX_SetTexCoordCylWrap
                0x00000000        0x0 /opt/devkitpro/devkitPPC/lib/gcc/powerpc-eabi/4.6.3/crtbegin.o
 .rela.text.GX_SetTexCoordBias
                0x00000000        0x0 /opt/devkitpro/devkitPPC/lib/gcc/powerpc-eabi/4.6.3/crtbegin.o
 .rela.text.GX_SetBlendMode
                0x00000000        0x0 /opt/devkitpro/devkitPPC/lib/gcc/powerpc-eabi/4.6.3/crtbegin.o
 .rela.text.GX_ClearVtxDesc
                0x00000000        0x0 /opt/devkitpro/devkitPPC/lib/gcc/powerpc-eabi/4.6.3/crtbegin.o
 .rela.text.GX_SetLineWidth
                0x00000000        0x0 /opt/devkitpro/devkitPPC/lib/gcc/powerpc-eabi/4.6.3/crtbegin.o
 .rela.text.GX_SetPointSize
                0x00000000        0x0 /opt/devkitpro/devkitPPC/lib/gcc/powerpc-eabi/4.6.3/crtbegin.o
 .rela.text.GX_SetTevColorIn
                0x00000000        0x0 /opt/devkitpro/devkitPPC/lib/gcc/powerpc-eabi/4.6.3/crtbegin.o
 .rela.text.GX_SetTevAlphaIn
                0x00000000        0x0 /opt/devkitpro/devkitPPC/lib/gcc/powerpc-eabi/4.6.3/crtbegin.o
 .rela.text.GX_SetTevColorOp
                0x00000000        0x0 /opt/devkitpro/devkitPPC/lib/gcc/powerpc-eabi/4.6.3/crtbegin.o
 .rela.text.GX_SetTevAlphaOp
                0x00000000        0x0 /opt/devkitpro/devkitPPC/lib/gcc/powerpc-eabi/4.6.3/crtbegin.o
 .rela.text.GX_SetCullMode
                0x00000000        0x0 /opt/devkitpro/devkitPPC/lib/gcc/powerpc-eabi/4.6.3/crtbegin.o
 .rela.text.GX_SetCoPlanar
                0x00000000        0x0 /opt/devkitpro/devkitPPC/lib/gcc/powerpc-eabi/4.6.3/crtbegin.o
 .rela.text.GX_EnableTexOffsets
                0x00000000        0x0 /opt/devkitpro/devkitPPC/lib/gcc/powerpc-eabi/4.6.3/crtbegin.o
 .rela.text.GX_SetScissor
                0x00000000        0x0 /opt/devkitpro/devkitPPC/lib/gcc/powerpc-eabi/4.6.3/crtbegin.o
 .rela.text.GX_SetNumChans
                0x00000000        0x0 /opt/devkitpro/devkitPPC/lib/gcc/powerpc-eabi/4.6.3/crtbegin.o
 .rela.text.GX_SetTevOrder
                0x00000000        0x0 /opt/devkitpro/devkitPPC/lib/gcc/powerpc-eabi/4.6.3/crtbegin.o
 .rela.text.GX_SetNumTevStages
                0x00000000        0x0 /opt/devkitpro/devkitPPC/lib/gcc/powerpc-eabi/4.6.3/crtbegin.o
 .rela.text.GX_SetTevKColorSel
                0x00000000        0x0 /opt/devkitpro/devkitPPC/lib/gcc/powerpc-eabi/4.6.3/crtbegin.o
 .rela.text.GX_SetTevKAlphaSel
                0x00000000        0x0 /opt/devkitpro/devkitPPC/lib/gcc/powerpc-eabi/4.6.3/crtbegin.o
 .rela.text.GX_SetTevSwapMode
                0x00000000        0x0 /opt/devkitpro/devkitPPC/lib/gcc/powerpc-eabi/4.6.3/crtbegin.o
 .rela.text.GX_SetTevSwapModeTable
                0x00000000        0x0 /opt/devkitpro/devkitPPC/lib/gcc/powerpc-eabi/4.6.3/crtbegin.o
 .rela.text.GX_SetNumIndStages
                0x00000000        0x0 /opt/devkitpro/devkitPPC/lib/gcc/powerpc-eabi/4.6.3/crtbegin.o
 .rela.text.GX_SetIndTexCoordScale
                0x00000000        0x0 /opt/devkitpro/devkitPPC/lib/gcc/powerpc-eabi/4.6.3/crtbegin.o
 .rela.text.GX_SetColorUpdate
                0x00000000        0x0 /opt/devkitpro/devkitPPC/lib/gcc/powerpc-eabi/4.6.3/crtbegin.o
 .rela.text.GX_SetAlphaUpdate
                0x00000000        0x0 /opt/devkitpro/devkitPPC/lib/gcc/powerpc-eabi/4.6.3/crtbegin.o
 .rela.text.GX_SetZCompLoc
                0x00000000        0x0 /opt/devkitpro/devkitPPC/lib/gcc/powerpc-eabi/4.6.3/crtbegin.o
 .rela.text.GX_SetPixelFmt
                0x00000000        0x0 /opt/devkitpro/devkitPPC/lib/gcc/powerpc-eabi/4.6.3/crtbegin.o
 .rela.text.GX_SetDither
                0x00000000        0x0 /opt/devkitpro/devkitPPC/lib/gcc/powerpc-eabi/4.6.3/crtbegin.o
 .rela.text.GX_SetDstAlpha
                0x00000000        0x0 /opt/devkitpro/devkitPPC/lib/gcc/powerpc-eabi/4.6.3/crtbegin.o
 .rela.text.GX_SetFieldMode
                0x00000000        0x0 /opt/devkitpro/devkitPPC/lib/gcc/powerpc-eabi/4.6.3/crtbegin.o
 .rela.text.GX_SetIndTexOrder
                0x00000000        0x0 /opt/devkitpro/devkitPPC/lib/gcc/powerpc-eabi/4.6.3/crtbegin.o
 .rela.text.GX_SetGPMetric
                0x00000000        0x0 /opt/devkitpro/devkitPPC/lib/gcc/powerpc-eabi/4.6.3/crtbegin.o
 .rela.text.GX_Init
                0x00000000        0x0 /opt/devkitpro/devkitPPC/lib/gcc/powerpc-eabi/4.6.3/crtbegin.o
 .rela.text.GX_ReadGPMetric
                0x00000000        0x0 /opt/devkitpro/devkitPPC/lib/gcc/powerpc-eabi/4.6.3/crtbegin.o
 .rela.text.kprintf
                0x00000000        0x0 /opt/devkitpro/devkitPPC/lib/gcc/powerpc-eabi/4.6.3/crtbegin.o
 .rela.text.__card_readcid
                0x00000000        0x0 /opt/devkitpro/devkitPPC/lib/gcc/powerpc-eabi/4.6.3/crtbegin.o
 .rela.text.__card_readcsd
                0x00000000        0x0 /opt/devkitpro/devkitPPC/lib/gcc/powerpc-eabi/4.6.3/crtbegin.o
 .rela.text.__card_sd_status
                0x00000000        0x0 /opt/devkitpro/devkitPPC/lib/gcc/powerpc-eabi/4.6.3/crtbegin.o
 .rela.text.sdgecko_initIO
                0x00000000        0x0 /opt/devkitpro/devkitPPC/lib/gcc/powerpc-eabi/4.6.3/crtbegin.o
 .rela.text.atangent
                0x00000000        0x0 /opt/devkitpro/devkitPPC/lib/gcc/powerpc-eabi/4.6.3/crtbegin.o
 .rela.text.atangentf
                0x00000000        0x0 /opt/devkitpro/devkitPPC/lib/gcc/powerpc-eabi/4.6.3/crtbegin.o
 .rela.text.sinef
                0x00000000        0x0 /opt/devkitpro/devkitPPC/lib/gcc/powerpc-eabi/4.6.3/crtbegin.o
 .rela.text.sqrtf
                0x00000000        0x0 /opt/devkitpro/devkitPPC/lib/gcc/powerpc-eabi/4.6.3/crtbegin.o
 .rela.text.__assert_func
                0x00000000        0x0 /opt/devkitpro/devkitPPC/lib/gcc/powerpc-eabi/4.6.3/crtbegin.o
 .rela.text.calloc
                0x00000000        0x0 /opt/devkitpro/devkitPPC/lib/gcc/powerpc-eabi/4.6.3/crtbegin.o
 .rela.text.__errno
                0x00000000        0x0 /opt/devkitpro/devkitPPC/lib/gcc/powerpc-eabi/4.6.3/crtbegin.o
 .rela.text.exit
                0x00000000        0x0 /opt/devkitpro/devkitPPC/lib/gcc/powerpc-eabi/4.6.3/crtbegin.o
 .rela.text.fclose
                0x00000000        0x0 /opt/devkitpro/devkitPPC/lib/gcc/powerpc-eabi/4.6.3/crtbegin.o
 .rela.text.fflush
                0x00000000        0x0 /opt/devkitpro/devkitPPC/lib/gcc/powerpc-eabi/4.6.3/crtbegin.o
 .rela.text.fgets
                0x00000000        0x0 /opt/devkitpro/devkitPPC/lib/gcc/powerpc-eabi/4.6.3/crtbegin.o
 .rela.text.std.isra.0
                0x00000000        0x0 /opt/devkitpro/devkitPPC/lib/gcc/powerpc-eabi/4.6.3/crtbegin.o
 .rela.text._cleanup
                0x00000000        0x0 /opt/devkitpro/devkitPPC/lib/gcc/powerpc-eabi/4.6.3/crtbegin.o
 .rela.text.__sfp
                0x00000000        0x0 /opt/devkitpro/devkitPPC/lib/gcc/powerpc-eabi/4.6.3/crtbegin.o
 .rela.text.__fp_lock_all
                0x00000000        0x0 /opt/devkitpro/devkitPPC/lib/gcc/powerpc-eabi/4.6.3/crtbegin.o
 .rela.text.__fp_unlock_all
                0x00000000        0x0 /opt/devkitpro/devkitPPC/lib/gcc/powerpc-eabi/4.6.3/crtbegin.o
 .rela.text.fiprintf
                0x00000000        0x0 /opt/devkitpro/devkitPPC/lib/gcc/powerpc-eabi/4.6.3/crtbegin.o
 .rela.text._fopen_r
                0x00000000        0x0 /opt/devkitpro/devkitPPC/lib/gcc/powerpc-eabi/4.6.3/crtbegin.o
 .rela.text.fopen
                0x00000000        0x0 /opt/devkitpro/devkitPPC/lib/gcc/powerpc-eabi/4.6.3/crtbegin.o
 .rela.text.fprintf
                0x00000000        0x0 /opt/devkitpro/devkitPPC/lib/gcc/powerpc-eabi/4.6.3/crtbegin.o
 .rela.text.fputs
                0x00000000        0x0 /opt/devkitpro/devkitPPC/lib/gcc/powerpc-eabi/4.6.3/crtbegin.o
 .rela.text.fread
                0x00000000        0x0 /opt/devkitpro/devkitPPC/lib/gcc/powerpc-eabi/4.6.3/crtbegin.o
 .rela.text._malloc_trim_r
                0x00000000        0x0 /opt/devkitpro/devkitPPC/lib/gcc/powerpc-eabi/4.6.3/crtbegin.o
 .rela.text._free_r
                0x00000000        0x0 /opt/devkitpro/devkitPPC/lib/gcc/powerpc-eabi/4.6.3/crtbegin.o
 .rela.text._fseek_r
                0x00000000        0x0 /opt/devkitpro/devkitPPC/lib/gcc/powerpc-eabi/4.6.3/crtbegin.o
 .rela.text.fseek
                0x00000000        0x0 /opt/devkitpro/devkitPPC/lib/gcc/powerpc-eabi/4.6.3/crtbegin.o
 .rela.text.ftell
                0x00000000        0x0 /opt/devkitpro/devkitPPC/lib/gcc/powerpc-eabi/4.6.3/crtbegin.o
 .rela.text.fwrite
                0x00000000        0x0 /opt/devkitpro/devkitPPC/lib/gcc/powerpc-eabi/4.6.3/crtbegin.o
 .rela.text._findenv
                0x00000000        0x0 /opt/devkitpro/devkitPPC/lib/gcc/powerpc-eabi/4.6.3/crtbegin.o
 .rela.text.getenv
                0x00000000        0x0 /opt/devkitpro/devkitPPC/lib/gcc/powerpc-eabi/4.6.3/crtbegin.o
 .rela.text._findenv_r
                0x00000000        0x0 /opt/devkitpro/devkitPPC/lib/gcc/powerpc-eabi/4.6.3/crtbegin.o
 .rela.text.loadlocale
                0x00000000        0x0 /opt/devkitpro/devkitPPC/lib/gcc/powerpc-eabi/4.6.3/crtbegin.o
 .rela.text.__smakebuf_r
                0x00000000        0x0 /opt/devkitpro/devkitPPC/lib/gcc/powerpc-eabi/4.6.3/crtbegin.o
 .rela.text._mbrtowc_r
                0x00000000        0x0 /opt/devkitpro/devkitPPC/lib/gcc/powerpc-eabi/4.6.3/crtbegin.o
 .rela.text.mbrtowc
                0x00000000        0x0 /opt/devkitpro/devkitPPC/lib/gcc/powerpc-eabi/4.6.3/crtbegin.o
 .rela.text.mktime
                0x00000000        0x0 /opt/devkitpro/devkitPPC/lib/gcc/powerpc-eabi/4.6.3/crtbegin.o
 .rela.text._mktm_r
                0x00000000        0x0 /opt/devkitpro/devkitPPC/lib/gcc/powerpc-eabi/4.6.3/crtbegin.o
 .rela.text.strftime
                0x00000000        0x0 /opt/devkitpro/devkitPPC/lib/gcc/powerpc-eabi/4.6.3/crtbegin.o
 .rela.text._strtod_r
                0x00000000        0x0 /opt/devkitpro/devkitPPC/lib/gcc/powerpc-eabi/4.6.3/crtbegin.o
 .rela.text._wcrtomb_r
                0x00000000        0x0 /opt/devkitpro/devkitPPC/lib/gcc/powerpc-eabi/4.6.3/crtbegin.o
 .rela.text.wcrtomb
                0x00000000        0x0 /opt/devkitpro/devkitPPC/lib/gcc/powerpc-eabi/4.6.3/crtbegin.o
 .rela.text.wctob
                0x00000000        0x0 /opt/devkitpro/devkitPPC/lib/gcc/powerpc-eabi/4.6.3/crtbegin.o
 .rela.text.__call_exitprocs
                0x00000000        0x0 /opt/devkitpro/devkitPPC/lib/gcc/powerpc-eabi/4.6.3/crtbegin.o
 .rela.text._dtoa_r
                0x00000000        0x0 /opt/devkitpro/devkitPPC/lib/gcc/powerpc-eabi/4.6.3/crtbegin.o
 .rela.text.__hexdig_init
                0x00000000        0x0 /opt/devkitpro/devkitPPC/lib/gcc/powerpc-eabi/4.6.3/crtbegin.o
 .rela.text.__gethex
                0x00000000        0x0 /opt/devkitpro/devkitPPC/lib/gcc/powerpc-eabi/4.6.3/crtbegin.o
 .rela.text.__hexnan
                0x00000000        0x0 /opt/devkitpro/devkitPPC/lib/gcc/powerpc-eabi/4.6.3/crtbegin.o

.rel.fini
 *(.rel.fini)

.rela.fini
 *(.rela.fini)

.rel.rodata
 *(.rel.rodata .rel.rodata.* .rel.gnu.linkonce.r.*)

.rela.rodata    0x80004194        0x0
 *(.rela.rodata .rela.rodata.* .rela.gnu.linkonce.r.*)
 .rela.rodata   0x00000000        0x0 /opt/devkitpro/devkitPPC/lib/gcc/powerpc-eabi/4.6.3/crtbegin.o
 .rela.rodata.dotab_fat
                0x00000000        0x0 /opt/devkitpro/devkitPPC/lib/gcc/powerpc-eabi/4.6.3/crtbegin.o

.rel.data
 *(.rel.data .rel.data.* .rel.gnu.linkonce.d.*)

.rela.data
 *(.rela.data .rela.data.* .rela.gnu.linkonce.d.*)

.rel.tdata
 *(.rel.tdata .rel.tdata.* .rel.gnu.linkonce.td.*)

.rela.tdata
 *(.rela.tdata .rela.tdata.* .rela.gnu.linkonce.td.*)

.rel.tbss
 *(.rel.tbss .rel.tbss.* .rel.gnu.linkonce.tb.*)

.rela.tbss
 *(.rela.tbss .rela.tbss.* .rela.gnu.linkonce.tb.*)

.rel.ctors
 *(.rel.ctors)

.rela.ctors
 *(.rela.ctors)

.rel.dtors
 *(.rel.dtors)

.rela.dtors
 *(.rela.dtors)

.rel.got
 *(.rel.got)

.rela.got
 *(.rela.got)

.rela.got1
 *(.rela.got1)

.rela.got2      0x80004194        0x0
 *(.rela.got2)
 .rela.got2     0x00000000        0x0 /opt/devkitpro/devkitPPC/lib/gcc/powerpc-eabi/4.6.3/crtbegin.o

.rel.sdata
 *(.rel.sdata .rel.sdata.* .rel.gnu.linkonce.s.*)

.rela.sdata
 *(.rela.sdata .rela.sdata.* .rela.gnu.linkonce.s.*)

.rel.sbss
 *(.rel.sbss .rel.sbss.* .rel.gnu.linkonce.sb.*)

.rela.sbss
 *(.rela.sbss .rela.sbss.* .rel.gnu.linkonce.sb.*)

.rel.sdata2
 *(.rel.sdata2 .rel.sdata2.* .rel.gnu.linkonce.s2.*)

.rela.sdata2
 *(.rela.sdata2 .rela.sdata2.* .rela.gnu.linkonce.s2.*)

.rel.sbss2
 *(.rel.sbss2 .rel.sbss2.* .rel.gnu.linkonce.sb2.*)

.rela.sbss2
 *(.rela.sbss2 .rela.sbss2.* .rela.gnu.linkonce.sb2.*)

.rel.bss
 *(.rel.bss .rel.bss.* .rel.gnu.linkonce.b.*)

.rela.bss
 *(.rela.bss .rela.bss.* .rela.gnu.linkonce.b.*)

.rel.plt
 *(.rel.plt)

.rela.plt
 *(.rela.plt)

.text           0x800041a0    0x92c20
 *(.text)
 .text          0x800041a0      0x168 /opt/devkitpro/devkitPPC/lib/gcc/powerpc-eabi/4.6.3/crtbegin.o
 .text          0x80004308       0x44 /opt/devkitpro/devkitPPC/lib/gcc/powerpc-eabi/4.6.3/../../../../powerpc-eabi/lib/crtmain.o
                0x8000430c                __crtmain
 .text          0x8000434c       0x5c /opt/devkitpro//portlibs/ppc/lib/libz.a(gzclose.o)
                0x8000434c                gzclose
 .text          0x800043a8      0xb7c /opt/devkitpro//portlibs/ppc/lib/libz.a(gzlib.o)
                0x80004698                gzopen
                0x800046a4                gzopen64
                0x800046b0                gzdopen
                0x80004744                gzbuffer
                0x80004788                gzrewind
                0x80004850                gzseek64
                0x80004b24                gzseek
                0x80004b28                gztell64
                0x80004b88                gztell
                0x80004be8                gzoffset64
                0x80004c88                gzoffset
                0x80004d28                gzeof
                0x80004d68                gzerror
                0x80004db0                gzclearerr
                0x80004ddc                gz_error
 .text          0x80004f24     0x1d90 /opt/devkitpro//portlibs/ppc/lib/libz.a(gzread.o)
                0x80006060                gzread
                0x8000637c                gzgetc
                0x800066d4                gzungetc
                0x80006924                gzgets
                0x80006b90                gzdirect
                0x80006c10                gzclose_r
 .text          0x80006cb4      0xe48 /opt/devkitpro//portlibs/ppc/lib/libz.a(gzwrite.o)
                0x800073b8                gzwrite
                0x80007464                gzputc
                0x800075a4                gzputs
                0x80007690                gzprintf
                0x8000787c                gzflush
                0x80007914                gzsetparams
                0x80007a20                gzclose_w
 .text          0x80007afc     0x2a78 /opt/devkitpro//portlibs/ppc/lib/libz.a(inflate.o)
                0x80007cec                inflateReset
                0x80007d74                inflateReset2
                0x80007edc                inflateInit2_
                0x80008020                inflateInit_
                0x80008164                inflatePrime
                0x800081dc                inflate
                0x80009ec0                inflateEnd
                0x80009f44                inflateSetDictionary
                0x8000a06c                inflateGetHeader
                0x8000a0a4                inflateSync
                0x8000a2f4                inflateSyncPoint
                0x8000a32c                inflateCopy
                0x8000a4ec                inflateUndermine
                0x8000a514                inflateMark
 .text          0x8000a574      0x868 /opt/devkitpro//portlibs/ppc/lib/libz.a(inftrees.o)
                0x8000a574                inflate_table
 .text          0x8000addc       0x74 /opt/devkitpro//portlibs/ppc/lib/libz.a(zutil.o)
                0x8000addc                zlibVersion
                0x8000ade8                zlibCompileFlags
                0x8000adf0                zError
                0x8000ae08                zcalloc
                0x8000ae2c                zcfree
 .text          0x8000ae50      0x564 /opt/devkitpro//portlibs/ppc/lib/libz.a(adler32.o)
                0x8000ae50                adler32
                0x8000b1dc                adler32_combine
                0x8000b2c8                adler32_combine64
 .text          0x8000b3b4      0x63c /opt/devkitpro//portlibs/ppc/lib/libz.a(crc32.o)
                0x8000b5e0                get_crc_table
                0x8000b5ec                crc32
                0x8000b9e8                crc32_combine
                0x8000b9ec                crc32_combine64
 .text          0x8000b9f0     0x3cfc /opt/devkitpro//portlibs/ppc/lib/libz.a(deflate.o)
                0x8000d18c                deflateSetDictionary
                0x8000d2e8                deflateReset
                0x8000d460                deflateSetHeader
                0x8000d490                deflatePrime
                0x8000d4c8                deflateParams
                0x8000dfe0                deflateTune
                0x8000e010                deflateBound
                0x8000e13c                deflate
                0x8000edc4                deflateEnd
                0x8000ef18                deflateInit2_
                0x8000f28c                deflateInit_
                0x8000f500                deflateCopy
 .text          0x8000f6ec      0x99c /opt/devkitpro//portlibs/ppc/lib/libz.a(inffast.o)
                0x8000f6ec                inflate_fast
 .text          0x80010088     0x21e0 /opt/devkitpro//portlibs/ppc/lib/libz.a(trees.o)
                0x80011470                _tr_init
                0x8001153c                _tr_stored_block
                0x800116ac                _tr_align
                0x80011988                _tr_flush_block
                0x8001218c                _tr_tally
 *fill*         0x80012268       0x18 00000000
 .text          0x80012280      0x44c /opt/devkitpro//libogc/lib/wii/libogc.a(lwp_handler.o)
                0x80012280                _cpu_context_save_fp
                0x800123c0                _cpu_context_restore_fp
                0x80012500                _cpu_context_switch
                0x800125e0                _cpu_context_save
                0x80012660                _cpu_context_restore
 .text          0x800126cc      0x4a0 /opt/devkitpro//libogc/lib/wii/libogc.a(system_asm.o)
                0x800126cc                __realmode
                0x800126e4                __configBATS
                0x80012814                __InitFPRS
                0x80012940                __InitPS
                0x8001299c                __InitCache
                0x800129f4                __InitSystem
                0x80012a7c                __flush_cache
                0x80012ab0                __reset
                0x80012b20                __InitBATS
                0x80012b3c                SYS_SwitchFiber
 .text          0x80012b6c      0x1ac /opt/devkitpro//libogc/lib/wii/libogc.a(irq_handler.o)
                0x80012b6c                irq_exceptionhandler
 .text          0x80012d18      0x4f4 /opt/devkitpro//libogc/lib/wii/libogc.a(cache_asm.o)
                0x80012d18                DCFlashInvalidate
                0x80012d2c                DCEnable
                0x80012d40                DCDisable
                0x80012d54                DCFreeze
                0x80012d68                DCUnfreeze
                0x80012d7c                DCTouchLoad
                0x80012d84                DCBlockZero
                0x80012d8c                DCBlockStore
                0x80012d94                DCBlockFlush
                0x80012d9c                DCBlockInvalidate
                0x80012da4                DCInvalidateRange
                0x80012dd4                DCFlushRange
                0x80012e08                DCStoreRange
                0x80012e3c                DCFlushRangeNoSync
                0x80012e6c                DCStoreRangeNoSync
                0x80012e9c                DCZeroRange
                0x80012ecc                DCTouchRange
                0x80012efc                ICInvalidateRange
                0x80012f34                ICFlashInvalidate
                0x80012f48                ICEnable
                0x80012f5c                ICDisable
                0x80012f70                ICFreeze
                0x80012f84                ICUnfreeze
                0x80012f98                ICBlockInvalidate
                0x80012fa0                ICSync
                0x80012fa8                L2Init
                0x80012ff0                L2Enable
                0x8001300c                L2Disable
                0x80013024                L2GlobalInvalidate
                0x8001307c                __LCEnable
                0x80013148                LCDisable
                0x80013170                LCAllocOneTag
                0x80013184                LCAllocTags
                0x800131c4                LCLoadBlocks
                0x800131e8                LCStoreBlocks
 .text          0x8001320c      0x1ac /opt/devkitpro//libogc/lib/wii/libogc.a(decrementer_handler.o)
                0x8001320c                dec_exceptionhandler
 .text          0x800133b8      0x35c /opt/devkitpro//libogc/lib/wii/libogc.a(exception_handler.o)
                0x800133b8                exceptionhandler_start
                0x80013434                exceptionhandler_patch
                0x80013468                exceptionhandler_end
                0x8001346c                default_exceptionhandler
                0x8001359c                fpu_exceptionhandler
                0x800136e4                systemcallhandler_start
                0x80013710                systemcallhandler_end
 .text          0x80013714       0x40 /opt/devkitpro/devkitPPC/lib/gcc/powerpc-eabi/4.6.3/libgcc.a(_ashldi3.o)
                0x80013714                __ashldi3
 .text          0x80013754      0x448 /opt/devkitpro/devkitPPC/lib/gcc/powerpc-eabi/4.6.3/libgcc.a(_divdi3.o)
                0x80013754                __divdi3
 .text          0x80013b9c      0x430 /opt/devkitpro/devkitPPC/lib/gcc/powerpc-eabi/4.6.3/libgcc.a(_moddi3.o)
                0x80013b9c                __moddi3
 .text          0x80013fcc      0x400 /opt/devkitpro/devkitPPC/lib/gcc/powerpc-eabi/4.6.3/libgcc.a(_udivdi3.o)
                0x80013fcc                __udivdi3
 .text          0x800143cc      0x3d4 /opt/devkitpro/devkitPPC/lib/gcc/powerpc-eabi/4.6.3/libgcc.a(_umoddi3.o)
                0x800143cc                __umoddi3
 .text          0x800147a0       0x48 /opt/devkitpro/devkitPPC/lib/gcc/powerpc-eabi/4.6.3/libgcc.a(eabi.o)
                0x800147a0                __eabi
 .text          0x800147e8       0x4c /opt/devkitpro/devkitPPC/lib/gcc/powerpc-eabi/4.6.3/libgcc.a(crtsavgpr.o)
                0x800147e8                _savegpr_14
                0x800147ec                _savegpr_15
                0x800147f0                _savegpr_16
                0x800147f4                _savegpr_17
                0x800147f8                _savegpr_18
                0x800147fc                _savegpr_19
                0x80014800                _savegpr_20
                0x80014804                _savegpr_21
                0x80014808                _savegpr_22
                0x8001480c                _savegpr_23
                0x80014810                _savegpr_24
                0x80014814                _savegpr_25
                0x80014818                _savegpr_26
                0x8001481c                _savegpr_27
                0x80014820                _savegpr_28
                0x80014824                _savegpr_29
                0x80014828                _savegpr_30
                0x8001482c                _savegpr_31
 .text          0x80014834       0x58 /opt/devkitpro/devkitPPC/lib/gcc/powerpc-eabi/4.6.3/libgcc.a(crtresxgpr.o)
                0x80014834                _restgpr_14_x
                0x80014838                _restgpr_15_x
                0x8001483c                _restgpr_16_x
                0x80014840                _restgpr_17_x
                0x80014844                _restgpr_18_x
                0x80014848                _restgpr_19_x
                0x8001484c                _restgpr_20_x
                0x80014850                _restgpr_21_x
                0x80014854                _restgpr_22_x
                0x80014858                _restgpr_23_x
                0x8001485c                _restgpr_24_x
                0x80014860                _restgpr_25_x
                0x80014864                _restgpr_26_x
                0x80014868                _restgpr_27_x
                0x8001486c                _restgpr_28_x
                0x80014870                _restgpr_29_x
                0x80014874                _restgpr_30_x
                0x80014878                _restgpr_31_x
 .text          0x8001488c       0x28 /opt/devkitpro/devkitPPC/lib/gcc/powerpc-eabi/4.6.3/../../../../powerpc-eabi/lib/libsysbase.a(abort.o)
                0x8001488c                abort
 .text          0x800148b4      0x2ec /opt/devkitpro/devkitPPC/lib/gcc/powerpc-eabi/4.6.3/../../../../powerpc-eabi/lib/libsysbase.a(iosupport.o)
                0x800148b4                setDefaultDevice
                0x800148cc                FindDevice
                0x800149f0                RemoveDevice
                0x80014a40                AddDevice
                0x80014b5c                GetDeviceOpTab
 .text          0x80014ba0       0x28 /opt/devkitpro/devkitPPC/lib/gcc/powerpc-eabi/4.6.3/../../../../powerpc-eabi/lib/libsysbase.a(_exit.o)
                0x80014ba0                _exit
 .text          0x80014bc8      0x4cc /opt/devkitpro/devkitPPC/lib/gcc/powerpc-eabi/4.6.3/../../../../powerpc-eabi/lib/libsysbase.a(chdir.o)
                0x80014bc8                _concatenate_path
                0x80014e18                chdir
                0x80014fb0                getcwd
 .text          0x80015094       0x90 /opt/devkitpro/devkitPPC/lib/gcc/powerpc-eabi/4.6.3/../../../../powerpc-eabi/lib/libsysbase.a(build_argv.o)
                0x80015094                build_argv
 .text          0x80015124      0x168 /opt/devkitpro/devkitPPC/lib/gcc/powerpc-eabi/4.6.3/../../../../powerpc-eabi/lib/libsysbase.a(syscall_support.o)
                0x80015124                __libc_lock_init
                0x80015164                __libc_lock_close
                0x800151a4                __libc_lock_release
                0x800151e4                __libc_lock_acquire
                0x80015224                __malloc_lock
                0x80015258                __malloc_unlock
 .text          0x8001528c       0x98 /opt/devkitpro/devkitPPC/lib/gcc/powerpc-eabi/4.6.3/../../../../powerpc-eabi/lib/libsysbase.a(close.o)
                0x8001528c                _close_r
 .text          0x80015324       0xc8 /opt/devkitpro/devkitPPC/lib/gcc/powerpc-eabi/4.6.3/../../../../powerpc-eabi/lib/libsysbase.a(fstat.o)
                0x80015324                _fstat_r
 .text          0x800153ec        0x8 /opt/devkitpro/devkitPPC/lib/gcc/powerpc-eabi/4.6.3/../../../../powerpc-eabi/lib/libsysbase.a(isatty.o)
                0x800153ec                _isatty_r
 .text          0x800153f4       0xcc /opt/devkitpro/devkitPPC/lib/gcc/powerpc-eabi/4.6.3/../../../../powerpc-eabi/lib/libsysbase.a(lseek.o)
                0x800153f4                _lseek_r
 .text          0x800154c0      0x14c /opt/devkitpro/devkitPPC/lib/gcc/powerpc-eabi/4.6.3/../../../../powerpc-eabi/lib/libsysbase.a(open.o)
                0x800154c0                _open_r
 .text          0x8001560c       0xac /opt/devkitpro/devkitPPC/lib/gcc/powerpc-eabi/4.6.3/../../../../powerpc-eabi/lib/libsysbase.a(read.o)
                0x8001560c                _read_r
 .text          0x800156b8       0x50 /opt/devkitpro/devkitPPC/lib/gcc/powerpc-eabi/4.6.3/../../../../powerpc-eabi/lib/libsysbase.a(sbrk.o)
                0x800156b8                _sbrk_r
 .text          0x80015708       0x90 /opt/devkitpro/devkitPPC/lib/gcc/powerpc-eabi/4.6.3/../../../../powerpc-eabi/lib/libsysbase.a(stat.o)
                0x80015708                _stat_r
 .text          0x80015798       0xac /opt/devkitpro/devkitPPC/lib/gcc/powerpc-eabi/4.6.3/../../../../powerpc-eabi/lib/libsysbase.a(write.o)
                0x80015798                _write_r
 .text          0x80015844       0x6c /opt/devkitpro/devkitPPC/lib/gcc/powerpc-eabi/4.6.3/../../../../powerpc-eabi/lib/libsysbase.a(flock.o)
                0x80015844                __flockfile
                0x8001588c                __funlockfile
 .text          0x800158b0      0x174 /opt/devkitpro/devkitPPC/lib/gcc/powerpc-eabi/4.6.3/../../../../powerpc-eabi/lib/libsysbase.a(handle_manager.o)
                0x800158b0                __release_handle
                0x8001590c                __alloc_handle
                0x80015a00                __get_handle
 .text          0x80015a24       0x6c /opt/devkitpro/devkitPPC/lib/gcc/powerpc-eabi/4.6.3/crtend.o
 *(.text.*)
 .text.check_integer_type
                0x80015a90      0x12c c_code.o
 .text.check_integer_types
                0x80015bbc      0x1bc c_code.o
 .text.check_numeric_types
                0x80015d78      0x4c4 c_code.o
 .text.check_numeric_or_string_types
                0x8001623c      0x420 c_code.o
 .text.mntype   0x8001665c      0x144 c_code.o
                0x8001665c                mntype
 .text.compile_sublvalue
                0x800167a0      0x808 c_code.o
                0x800167a0                compile_sublvalue
 .text.compile_sizeof
                0x80016fa8     0x10a4 c_code.o
                0x80016fa8                compile_sizeof
 .text.strdelchars
                0x8001804c       0x9c c_code.o
 .text.compile_bestproc
                0x800180e8      0xe98 c_code.o
                0x800180e8                compile_bestproc
 .text.compile_paramlist
                0x80018f80      0x23c c_code.o
                0x80018f80                compile_paramlist
 .text.compile_cast
                0x800191bc     0x1028 c_code.o
                0x800191bc                compile_cast
 .text.compile_value
                0x8001a1e4     0x1020 c_code.o
                0x8001a1e4                compile_value
 .text.compile_factor
                0x8001b204     0x1340 c_code.o
                0x8001b204                compile_factor
 .text.compile_operand
                0x8001c544      0x68c c_code.o
                0x8001c544                compile_operand
 .text.compile_operation
                0x8001cbd0      0xaac c_code.o
                0x8001cbd0                compile_operation
 .text.compile_rotation
                0x8001d67c      0x324 c_code.o
                0x8001d67c                compile_rotation
 .text.compile_comparison_1
                0x8001d9a0      0x750 c_code.o
                0x8001d9a0                compile_comparison_1
 .text.compile_comparison_2
                0x8001e0f0      0x508 c_code.o
                0x8001e0f0                compile_comparison_2
 .text.compile_bitwise_and
                0x8001e5f8      0x278 c_code.o
                0x8001e5f8                compile_bitwise_and
 .text.compile_bitwise_xor
                0x8001e870      0x254 c_code.o
                0x8001e870                compile_bitwise_xor
 .text.compile_bitwise_or
                0x8001eac4      0x254 c_code.o
                0x8001eac4                compile_bitwise_or
 .text.compile_logical_and
                0x8001ed18      0x2e8 c_code.o
                0x8001ed18                compile_logical_and
 .text.compile_logical_xor
                0x8001f000      0x284 c_code.o
                0x8001f000                compile_logical_xor
 .text.compile_logical_or
                0x8001f284      0x388 c_code.o
                0x8001f284                compile_logical_or
 .text.compile_ternarycond
                0x8001f60c      0x6f0 c_code.o
                0x8001f60c                compile_ternarycond
 .text.compile_subexpresion
                0x8001fcfc     0x1bac c_code.o
                0x8001fcfc                compile_subexpresion
 .text.compile_expresion
                0x800218a8      0x420 c_code.o
                0x800218a8                compile_expresion
 .text.convert_result_type
                0x80021cc8      0x9a0 c_code.o
                0x80021cc8                convert_result_type
 .text.compile_sentence_end
                0x80022668       0xb4 c_code.o
                0x80022668                compile_sentence_end
 .text.compile_block
                0x8002271c     0x3808 c_code.o
                0x8002271c                compile_block
 .text.compile_array_data
                0x80025f24      0x6e4 c_data.o
                0x80025f24                compile_array_data
 .text.compile_struct_data
                0x80026608      0x7d4 c_data.o
                0x80026608                compile_struct_data
 .text.set_type
                0x80026ddc       0x4c c_data.o
 .text.compile_varspace
                0x80026e28     0x20d0 c_data.o
                0x80026e28                compile_varspace
 .text.codeblock_dump
                0x80028ef8      0x298 c_debug.o
                0x80028ef8                codeblock_dump
 .text.fake_dl_init
                0x80029190     0x40a8 c_main.o
                0x80029190                fake_dl_init
 .text.dlibopen
                0x8002d238      0x12c c_main.o
 .text.dlibaddr
                0x8002d364      0x318 c_main.o
 .text.compile_init
                0x8002d67c      0xd84 c_main.o
                0x8002d67c                compile_init
 .text.compile_error
                0x8002e400      0x2b8 c_main.o
                0x8002e400                compile_error
 .text.compile_warning
                0x8002e6b8      0x2f0 c_main.o
                0x8002e6b8                compile_warning
 .text.trim     0x8002e9a8      0x198 c_main.o
 .text.import_exists
                0x8002eb40       0xb0 c_main.o
 .text.compile_type
                0x8002ebf0      0x144 c_main.o
                0x8002ebf0                compile_type
 .text.import_module
                0x8002ed34      0x758 c_main.o
 .text.import_files
                0x8002f48c      0x140 c_main.o
                0x8002f48c                import_files
 .text.import_mod
                0x8002f5cc       0x88 c_main.o
                0x8002f5cc                import_mod
 .text.compile_import
                0x8002f654       0x8c c_main.o
                0x8002f654                compile_import
 .text.compile_constants
                0x8002f6e0      0x354 c_main.o
                0x8002f6e0                compile_constants
 .text.compile_process
                0x8002fa34     0x215c c_main.o
                0x8002fa34                compile_process
 .text.compile_program
                0x80031b90      0x788 c_main.o
                0x80031b90                compile_program
 .text.codeblock_postprocess
                0x80032318      0x5dc codeblock.o
                0x80032318                codeblock_postprocess
 .text.codeblock_init
                0x800328f4      0x1d8 codeblock.o
                0x800328f4                codeblock_init
 .text.codeblock_alloc
                0x80032acc       0xe8 codeblock.o
                0x80032acc                codeblock_alloc
 .text.codeblock_loop_alloc
                0x80032bb4       0xe8 codeblock.o
 .text.codeblock_label_alloc
                0x80032c9c      0x120 codeblock.o
 .text.codeblock_loop_add
                0x80032dbc       0x48 codeblock.o
                0x80032dbc                codeblock_loop_add
 .text.codeblock_loop_start
                0x80032e04       0xc4 codeblock.o
                0x80032e04                codeblock_loop_start
 .text.codeblock_loop_end
                0x80032ec8       0xc8 codeblock.o
                0x80032ec8                codeblock_loop_end
 .text.codeblock_label_add
                0x80032f90      0x158 codeblock.o
                0x80032f90                codeblock_label_add
 .text.codeblock_label_set
                0x800330e8       0x4c codeblock.o
                0x800330e8                codeblock_label_set
 .text.codeblock_label_get
                0x80033134       0x48 codeblock.o
                0x80033134                codeblock_label_get
 .text.codeblock_label_get_id_by_name
                0x8003317c       0xbc codeblock.o
                0x8003317c                codeblock_label_get_id_by_name
 .text.codeblock_stepback
                0x80033238      0x108 codeblock.o
                0x80033238                codeblock_stepback
 .text.codeblock_pos
                0x80033340       0x80 codeblock.o
                0x80033340                codeblock_pos
 .text.codeblock_setpos
                0x800333c0       0x58 codeblock.o
                0x800333c0                codeblock_setpos
 .text.codeblock_add_block
                0x80033418      0x19c codeblock.o
                0x80033418                codeblock_add_block
 .text.codeblock_add
                0x800335b4      0x89c codeblock.o
                0x800335b4                codeblock_add
 .text.constants_init
                0x80033e50       0x6c constants.o
                0x80033e50                constants_init
 .text.constants_alloc
                0x80033ebc       0xe4 constants.o
                0x80033ebc                constants_alloc
 .text.constants_search
                0x80033fa0       0xa0 constants.o
                0x80033fa0                constants_search
 .text.constants_add
                0x80034040      0x298 constants.o
                0x80034040                constants_add
 .text.DO_Swap32
                0x800342d8       0x98 dcbw.o
 .text.dcb_add_file
                0x80034370      0x3c8 dcbw.o
                0x80034370                dcb_add_file
 .text.dcb_varspace
                0x80034738      0x248 dcbw.o
 .text.dcb_settype
                0x80034980      0x108 dcbw.o
                0x80034980                dcb_settype
 .text.dcb_prepare_type
                0x80034a88      0x134 dcbw.o
                0x80034a88                dcb_prepare_type
 .text.dcb_save
                0x80034bbc     0x3190 dcbw.o
                0x80034bbc                dcb_save
 .text.dcb_varspaces_load
                0x80037d4c      0x25c dcbw.o
                0x80037d4c                dcb_varspaces_load
 .text.dcb_vars_load
                0x80037fa8      0x72c dcbw.o
                0x80037fa8                dcb_vars_load
 .text.get_new_off
                0x800386d4       0xe0 dcbw.o
                0x800386d4                get_new_off
 .text.codeblock_adjust
                0x800387b4      0x4ac dcbw.o
                0x800387b4                codeblock_adjust
 .text.dcb_load_lib
                0x80038c60     0x23b4 dcbw.o
                0x80038c60                dcb_load_lib
 .text.err_buildErrorTable
                0x8003b014      0x304 error.o
                0x8003b014                err_buildErrorTable
 .text.err_addError
                0x8003b318      0x1a4 error.o
                0x8003b318                err_addError
 .text.err_delError
                0x8003b4bc      0x154 error.o
                0x8003b4bc                err_delError
 .text.err_destroyErrorTable
                0x8003b610       0xa4 error.o
                0x8003b610                err_destroyErrorTable
 .text.identifier_hash_value
                0x8003b6b4       0x88 identifier.o
                0x8003b6b4                identifier_hash_value
 .text.identifier_first
                0x8003b73c       0x8c identifier.o
                0x8003b73c                identifier_first
 .text.identifier_next
                0x8003b7c8       0xe0 identifier.o
                0x8003b7c8                identifier_next
 .text.identifier_init
                0x8003b8a8       0x80 identifier.o
                0x8003b8a8                identifier_init
 .text.identifier_dump
                0x8003b928       0xfc identifier.o
                0x8003b928                identifier_dump
 .text.identifier_add_as
                0x8003ba24      0x1a4 identifier.o
                0x8003ba24                identifier_add_as
 .text.identifier_add
                0x8003bbc8       0x78 identifier.o
                0x8003bbc8                identifier_add
 .text.identifier_search
                0x8003bc40      0x118 identifier.o
                0x8003bc40                identifier_search
 .text.identifier_line
                0x8003bd58       0xb4 identifier.o
                0x8003bd58                identifier_line
 .text.identifier_file
                0x8003be0c       0xb4 identifier.o
                0x8003be0c                identifier_file
 .text.identifier_name
                0x8003bec0       0xb4 identifier.o
                0x8003bec0                identifier_name
 .text.identifier_search_or_add
                0x8003bf74       0x60 identifier.o
                0x8003bf74                identifier_search_or_add
 .text.identifier_next_code
                0x8003bfd4       0x2c identifier.o
                0x8003bfd4                identifier_next_code
 .text.identifier_is_basic_type
                0x8003c000      0x120 identifier.o
                0x8003c000                identifier_is_basic_type
 .text.identifier_is_type
                0x8003c120       0x68 identifier.o
                0x8003c120                identifier_is_type
 .text.main     0x8003c188     0x1ae4 main.o
                0x8003c188                main
 .text.core_init
                0x8003dc6c      0x1b0 main_core.o
                0x8003dc6c                core_init
 .text.procdef_getid
                0x8003de1c       0x48 procedure.o
                0x8003de1c                procdef_getid
 .text.procdef_new
                0x8003de64      0x30c procedure.o
                0x8003de64                procdef_new
 .text.procdef_search
                0x8003e170       0xb0 procedure.o
                0x8003e170                procdef_search
 .text.procdef_search_by_codeblock
                0x8003e220       0xac procedure.o
                0x8003e220                procdef_search_by_codeblock
 .text.procdef_get
                0x8003e2cc       0x64 procedure.o
                0x8003e2cc                procdef_get
 .text.program_postprocess
                0x8003e330       0x88 procedure.o
                0x8003e330                program_postprocess
 .text.program_dumpprocesses
                0x8003e3b8       0x84 procedure.o
                0x8003e3b8                program_dumpprocesses
 .text.procdef_dump
                0x8003e43c      0x114 procedure.o
                0x8003e43c                procdef_dump
 .text.segment_register
                0x8003e550      0x12c segment.o
 .text.segment_new
                0x8003e67c      0x164 segment.o
                0x8003e67c                segment_new
 .text.segment_alloc
                0x8003e7e0       0xac segment.o
                0x8003e7e0                segment_alloc
 .text.segment_add_as
                0x8003e88c       0xe4 segment.o
                0x8003e88c                segment_add_as
 .text.segment_add_from
                0x8003e970       0xf8 segment.o
                0x8003e970                segment_add_from
 .text.segment_add_byte
                0x8003ea68       0xb8 segment.o
                0x8003ea68                segment_add_byte
 .text.segment_add_word
                0x8003eb20       0xc0 segment.o
                0x8003eb20                segment_add_word
 .text.segment_add_dword
                0x8003ebe0       0xbc segment.o
                0x8003ebe0                segment_add_dword
 .text.segment_copy
                0x8003ec9c       0xd0 segment.o
                0x8003ec9c                segment_copy
 .text.segment_by_name
                0x8003ed6c       0xa8 segment.o
                0x8003ed6c                segment_by_name
 .text.segment_name
                0x8003ee14      0x18c segment.o
                0x8003ee14                segment_name
 .text.string_init
                0x8003efa0       0xdc strings.o
                0x8003efa0                string_init
 .text.string_alloc
                0x8003f07c       0xe0 strings.o
                0x8003f07c                string_alloc
 .text.string_dump
                0x8003f15c       0xc8 strings.o
                0x8003f15c                string_dump
 .text.string_new
                0x8003f224      0x264 strings.o
                0x8003f224                string_new
 .text.check_for_valid_pathname
                0x8003f488       0xec strings.o
                0x8003f488                check_for_valid_pathname
 .text.string_compile
                0x8003f574      0x604 strings.o
                0x8003f574                string_compile
 .text.string_get
                0x8003fb78       0xa8 strings.o
                0x8003fb78                string_get
 .text.sysproc_init
                0x8003fc20       0x1c sysstub.o
                0x8003fc20                sysproc_init
 .text.sysproc_add
                0x8003fc3c      0x298 sysstub.o
                0x8003fc3c                sysproc_add
 .text.sysproc_get
                0x8003fed4      0x280 sysstub.o
                0x8003fed4                sysproc_get
 .text.sysproc_getall
                0x80040154       0xe0 sysstub.o
                0x80040154                sysproc_getall
 .text.sysproc_name
                0x80040234       0x80 sysstub.o
                0x80040234                sysproc_name
 .text.load_file
                0x800402b4      0x2c4 token.o
                0x800402b4                load_file
 .text.include_file
                0x80040578     0x2760 token.o
                0x80040578                include_file
 .text.find_define
                0x80042cd8       0x8c token.o
                0x80042cd8                find_define
 .text.add_simple_define
                0x80042d64      0x198 token.o
                0x80042d64                add_simple_define
 .text.preprocessor_jumpto
                0x80042efc     0x2190 token.o
                0x80042efc                preprocessor_jumpto
 .text.preprocessor_expand
                0x8004508c     0x2494 token.o
                0x8004508c                preprocessor_expand
 .text.preprocessor
                0x80047520     0x9e68 token.o
                0x80047520                preprocessor
 .text.token_init
                0x80051388      0x2d0 token.o
                0x80051388                token_init
 .text.token_endfile
                0x80051658      0x1a4 token.o
 .text.token_dump
                0x800517fc      0x280 token.o
                0x800517fc                token_dump
 .text.token_next
                0x80051a7c     0x36e0 token.o
                0x80051a7c                token_next
 .text.token_back
                0x8005515c      0x1a0 token.o
                0x8005515c                token_back
 .text.token_pos
                0x800552fc      0x160 token.o
                0x800552fc                token_pos
 .text.token_set_pos
                0x8005545c      0x130 token.o
                0x8005545c                token_set_pos
 .text.typedef_new
                0x8005558c       0xa8 typedef.o
                0x8005558c                typedef_new
 .text.typedef_reduce
                0x80055634       0x98 typedef.o
                0x80055634                typedef_reduce
 .text.typedef_enlarge
                0x800556cc       0x98 typedef.o
                0x800556cc                typedef_enlarge
 .text.typedef_pointer
                0x80055764       0x90 typedef.o
                0x80055764                typedef_pointer
 .text.typedef_describe
                0x800557f4      0x3bc typedef.o
                0x800557f4                typedef_describe
 .text.typedef_subsize
                0x80055bb0      0x11c typedef.o
                0x80055bb0                typedef_subsize
 .text.typedef_size
                0x80055ccc       0x64 typedef.o
                0x80055ccc                typedef_size
 .text.typedef_by_name
                0x80055d30       0xa0 typedef.o
                0x80055d30                typedef_by_name
 .text.typedef_name
                0x80055dd0      0x1a4 typedef.o
                0x80055dd0                typedef_name
 .text.typedef_tcount
                0x80055f74       0x9c typedef.o
                0x80055f74                typedef_tcount
 .text.typedef_is_equal
                0x80056010      0x25c typedef.o
                0x80056010                typedef_is_equal
 .text.varspace_dump
                0x8005626c      0x34c varspace.o
                0x8005626c                varspace_dump
 .text.varspace_new
                0x800565b8       0x6c varspace.o
                0x800565b8                varspace_new
 .text.varspace_init
                0x80056624       0xd4 varspace.o
                0x80056624                varspace_init
 .text.varspace_varstring
                0x800566f8      0x108 varspace.o
                0x800566f8                varspace_varstring
 .text.varspace_alloc
                0x80056800       0xb0 varspace.o
                0x80056800                varspace_alloc
 .text.varspace_add
                0x800568b0      0x108 varspace.o
                0x800568b0                varspace_add
 .text.varspace_search
                0x800569b8       0xa4 varspace.o
                0x800569b8                varspace_search
 .text.mnemonic_dump
                0x80056a5c      0x490 ../../common/debug.o
                0x80056a5c                mnemonic_dump
 .text.file_read
                0x80056eec      0x244 ../../common/files.o
                0x80056eec                file_read
 .text.file_qgets
                0x80057130      0x340 ../../common/files.o
                0x80057130                file_qgets
 .text.file_gets
                0x80057470      0x278 ../../common/files.o
                0x80057470                file_gets
 .text.file_writeSint32
                0x800576e8       0x94 ../../common/files.o
                0x800576e8                file_writeSint32
 .text.file_writeUint32
                0x8005777c       0x48 ../../common/files.o
                0x8005777c                file_writeUint32
 .text.file_writeSint32A
                0x800577c4       0x98 ../../common/files.o
                0x800577c4                file_writeSint32A
 .text.file_writeUint32A
                0x8005785c       0x50 ../../common/files.o
                0x8005785c                file_writeUint32A
 .text.file_readSint32
                0x800578ac       0x94 ../../common/files.o
                0x800578ac                file_readSint32
 .text.file_readUint32
                0x80057940       0x48 ../../common/files.o
                0x80057940                file_readUint32
 .text.file_readSint32A
                0x80057988       0x98 ../../common/files.o
                0x80057988                file_readSint32A
 .text.file_readUint32A
                0x80057a20       0x50 ../../common/files.o
                0x80057a20                file_readUint32A
 .text.file_write
                0x80057a70      0x22c ../../common/files.o
                0x80057a70                file_write
 .text.file_size
                0x80057c9c      0x10c ../../common/files.o
                0x80057c9c                file_size
 .text.file_pos
                0x80057da8       0xd4 ../../common/files.o
                0x80057da8                file_pos
 .text.file_seek
                0x80057e7c      0x2bc ../../common/files.o
                0x80057e7c                file_seek
 .text.open_raw
                0x80058138      0x18c ../../common/files.o
 .text.file_open
                0x800582c4      0x50c ../../common/files.o
                0x800582c4                file_open
 .text.file_close
                0x800587d0       0xe0 ../../common/files.o
                0x800587d0                file_close
 .text.file_addp
                0x800588b0      0x1cc ../../common/files.o
                0x800588b0                file_addp
 .text.file_exists
                0x80058a7c       0x68 ../../common/files.o
                0x80058a7c                file_exists
 .text.file_eof
                0x80058ae4       0xf4 ../../common/files.o
                0x80058ae4                file_eof
 .text.getfullpath
                0x80058bd8       0x8c ../../common/files.o
                0x80058bd8                getfullpath
 .text.whereis  0x80058c64      0x1a4 ../../common/files.o
                0x80058c64                whereis
 .text.convert  0x80058e08       0x60 ../../common/xctype.o
                0x80058e08                convert
 .text.set_c_range
                0x80058e68       0x80 ../../common/xctype.o
 .text.set_c_from
                0x80058ee8      0x130 ../../common/xctype.o
 .text.set_c_as
                0x80059018       0xc4 ../../common/xctype.o
 .text.set_c_upper
                0x800590dc      0x118 ../../common/xctype.o
 .text.set_c_lower
                0x800591f4      0x118 ../../common/xctype.o
 .text.init_c_type
                0x8005930c      0x280 ../../common/xctype.o
                0x8005930c                init_c_type
 .text.realpath
                0x8005958c      0x32c ../../../3rdparty/libc_additions/realpath.o
                0x8005958c                realpath
 .text.basename
                0x800598b8       0x7c ../../../3rdparty/libc_additions/basename.o
                0x800598b8                basename
 .text.fatMount
                0x80059934      0x11c /opt/devkitpro//libogc/lib/wii/libfat.a(libfat.o)
                0x80059934                fatMount
 .text.fatInit  0x80059a50      0x19c /opt/devkitpro//libogc/lib/wii/libfat.a(libfat.o)
                0x80059a50                fatInit
 .text.fatInitDefault
                0x80059bec        0xc /opt/devkitpro//libogc/lib/wii/libfat.a(libfat.o)
                0x80059bec                fatInitDefault
 .text.u8array_to_u16
                0x80059bf8       0x18 /opt/devkitpro//libogc/lib/wii/libfat.a(partition.o)
 .text.u8array_to_u32
                0x80059c10       0x30 /opt/devkitpro//libogc/lib/wii/libfat.a(partition.o)
 .text.u32_to_u8array
                0x80059c40       0x20 /opt/devkitpro//libogc/lib/wii/libfat.a(partition.o)
 .text.FindFirstValidPartition_buf
                0x80059c60      0x1ec /opt/devkitpro//libogc/lib/wii/libfat.a(partition.o)
                0x80059c60                FindFirstValidPartition_buf
 .text._FAT_partition_getPartitionFromPath
                0x80059e4c       0x34 /opt/devkitpro//libogc/lib/wii/libfat.a(partition.o)
                0x80059e4c                _FAT_partition_getPartitionFromPath
 .text._FAT_partition_createFSinfo
                0x80059e80       0xec /opt/devkitpro//libogc/lib/wii/libfat.a(partition.o)
                0x80059e80                _FAT_partition_createFSinfo
 .text._FAT_partition_readFSinfo
                0x80059f6c       0xe0 /opt/devkitpro//libogc/lib/wii/libfat.a(partition.o)
                0x80059f6c                _FAT_partition_readFSinfo
 .text._FAT_partition_constructor_buf
                0x8005a04c      0x384 /opt/devkitpro//libogc/lib/wii/libfat.a(partition.o)
                0x8005a04c                _FAT_partition_constructor_buf
 .text._FAT_partition_constructor
                0x8005a3d0       0x68 /opt/devkitpro//libogc/lib/wii/libfat.a(partition.o)
                0x8005a3d0                _FAT_partition_constructor
 .text._FAT_cache_getPage
                0x8005a438      0x160 /opt/devkitpro//libogc/lib/wii/libfat.a(cache.o)
 .text._FAT_cache_constructor
                0x8005a598       0xd4 /opt/devkitpro//libogc/lib/wii/libfat.a(cache.o)
                0x8005a598                _FAT_cache_constructor
 .text._FAT_cache_readSectors
                0x8005a66c       0xa0 /opt/devkitpro//libogc/lib/wii/libfat.a(cache.o)
                0x8005a66c                _FAT_cache_readSectors
 .text._FAT_cache_readPartialSector
                0x8005a70c       0x80 /opt/devkitpro//libogc/lib/wii/libfat.a(cache.o)
                0x8005a70c                _FAT_cache_readPartialSector
 .text._FAT_cache_readLittleEndianValue
                0x8005a78c       0x98 /opt/devkitpro//libogc/lib/wii/libfat.a(cache.o)
                0x8005a78c                _FAT_cache_readLittleEndianValue
 .text._FAT_cache_writePartialSector
                0x8005a824       0x88 /opt/devkitpro//libogc/lib/wii/libfat.a(cache.o)
                0x8005a824                _FAT_cache_writePartialSector
 .text._FAT_cache_writeLittleEndianValue
                0x8005a8ac       0x84 /opt/devkitpro//libogc/lib/wii/libfat.a(cache.o)
                0x8005a8ac                _FAT_cache_writeLittleEndianValue
 .text._FAT_cache_eraseWritePartialSector
                0x8005a930       0xa0 /opt/devkitpro//libogc/lib/wii/libfat.a(cache.o)
                0x8005a930                _FAT_cache_eraseWritePartialSector
 .text._FAT_cache_writeSectors
                0x8005a9d0       0xa8 /opt/devkitpro//libogc/lib/wii/libfat.a(cache.o)
                0x8005a9d0                _FAT_cache_writeSectors
 .text._FAT_cache_flush
                0x8005aa78       0x8c /opt/devkitpro//libogc/lib/wii/libfat.a(cache.o)
                0x8005aa78                _FAT_cache_flush
 .text.u8array_to_u16
                0x8005ab04       0x18 /opt/devkitpro//libogc/lib/wii/libfat.a(directory.o)
 .text.u16_to_u8array
                0x8005ab1c       0x10 /opt/devkitpro//libogc/lib/wii/libfat.a(directory.o)
 .text._FAT_directory_entryGetAlias
                0x8005ab2c      0x124 /opt/devkitpro//libogc/lib/wii/libfat.a(directory.o)
 .text._FAT_directory_mbsncasecmp
                0x8005ac50       0xec /opt/devkitpro//libogc/lib/wii/libfat.a(directory.o)
 .text._FAT_directory_incrementDirEntryPosition
                0x8005ad3c      0x104 /opt/devkitpro//libogc/lib/wii/libfat.a(directory.o)
 .text._FAT_fat_clusterToSector
                0x8005ae40       0x28 /opt/devkitpro//libogc/lib/wii/libfat.a(directory.o)
 .text._FAT_directory_ucs2tombs.constprop.6
                0x8005ae68       0xf8 /opt/devkitpro//libogc/lib/wii/libfat.a(directory.o)
 .text._FAT_directory_entryGetCluster
                0x8005af60       0x54 /opt/devkitpro//libogc/lib/wii/libfat.a(directory.o)
                0x8005af60                _FAT_directory_entryGetCluster
 .text._FAT_directory_getNextEntry
                0x8005afb4      0x294 /opt/devkitpro//libogc/lib/wii/libfat.a(directory.o)
                0x8005afb4                _FAT_directory_getNextEntry
 .text._FAT_directory_getFirstEntry
                0x8005b248       0x28 /opt/devkitpro//libogc/lib/wii/libfat.a(directory.o)
                0x8005b248                _FAT_directory_getFirstEntry
 .text._FAT_directory_entryExists
                0x8005b270       0xc4 /opt/devkitpro//libogc/lib/wii/libfat.a(directory.o)
 .text._FAT_directory_getRootEntry
                0x8005b334       0xa8 /opt/devkitpro//libogc/lib/wii/libfat.a(directory.o)
                0x8005b334                _FAT_directory_getRootEntry
 .text._FAT_directory_entryFromPosition
                0x8005b3dc      0x19c /opt/devkitpro//libogc/lib/wii/libfat.a(directory.o)
                0x8005b3dc                _FAT_directory_entryFromPosition
 .text._FAT_directory_entryFromPath
                0x8005b578      0x29c /opt/devkitpro//libogc/lib/wii/libfat.a(directory.o)
                0x8005b578                _FAT_directory_entryFromPath
 .text._FAT_directory_removeEntry
                0x8005b814       0xf0 /opt/devkitpro//libogc/lib/wii/libfat.a(directory.o)
                0x8005b814                _FAT_directory_removeEntry
 .text._FAT_directory_addEntry
                0x8005b904      0xa00 /opt/devkitpro//libogc/lib/wii/libfat.a(directory.o)
                0x8005b904                _FAT_directory_addEntry
 .text._FAT_directory_chdir
                0x8005c304       0x60 /opt/devkitpro//libogc/lib/wii/libfat.a(directory.o)
                0x8005c304                _FAT_directory_chdir
 .text._FAT_directory_entryStat
                0x8005c364      0x174 /opt/devkitpro//libogc/lib/wii/libfat.a(directory.o)
                0x8005c364                _FAT_directory_entryStat
 .text.get_io_wiisd
                0x8005c4d8        0xc /opt/devkitpro//libogc/lib/wii/libfat.a(disc.o)
 .text.get_io_usbstorage
                0x8005c4e4        0xc /opt/devkitpro//libogc/lib/wii/libfat.a(disc.o)
 .text.get_io_gcsda
                0x8005c4f0        0xc /opt/devkitpro//libogc/lib/wii/libfat.a(disc.o)
 .text.get_io_gcsdb
                0x8005c4fc        0xc /opt/devkitpro//libogc/lib/wii/libfat.a(disc.o)
 .text.u16_to_u8array
                0x8005c508       0x10 /opt/devkitpro//libogc/lib/wii/libfat.a(fatdir.o)
 .text._FAT_lock.isra.4
                0x8005c518       0x20 /opt/devkitpro//libogc/lib/wii/libfat.a(fatdir.o)
 .text._FAT_unlock.isra.5
                0x8005c538       0x20 /opt/devkitpro//libogc/lib/wii/libfat.a(fatdir.o)
 .text._FAT_stat_r
                0x8005c558       0xc4 /opt/devkitpro//libogc/lib/wii/libfat.a(fatdir.o)
                0x8005c558                _FAT_stat_r
 .text._FAT_link_r
                0x8005c61c       0x10 /opt/devkitpro//libogc/lib/wii/libfat.a(fatdir.o)
                0x8005c61c                _FAT_link_r
 .text._FAT_unlink_r
                0x8005c62c      0x1cc /opt/devkitpro//libogc/lib/wii/libfat.a(fatdir.o)
                0x8005c62c                _FAT_unlink_r
 .text._FAT_chdir_r
                0x8005c7f8       0xa0 /opt/devkitpro//libogc/lib/wii/libfat.a(fatdir.o)
                0x8005c7f8                _FAT_chdir_r
 .text._FAT_rename_r
                0x8005c898      0x238 /opt/devkitpro//libogc/lib/wii/libfat.a(fatdir.o)
                0x8005c898                _FAT_rename_r
 .text._FAT_mkdir_r
                0x8005cad0      0x358 /opt/devkitpro//libogc/lib/wii/libfat.a(fatdir.o)
                0x8005cad0                _FAT_mkdir_r
 .text._FAT_statvfs_r
                0x8005ce28       0xe0 /opt/devkitpro//libogc/lib/wii/libfat.a(fatdir.o)
                0x8005ce28                _FAT_statvfs_r
 .text._FAT_diropen_r
                0x8005cf08      0x10c /opt/devkitpro//libogc/lib/wii/libfat.a(fatdir.o)
                0x8005cf08                _FAT_diropen_r
 .text._FAT_dirreset_r
                0x8005d014       0x74 /opt/devkitpro//libogc/lib/wii/libfat.a(fatdir.o)
                0x8005d014                _FAT_dirreset_r
 .text._FAT_dirnext_r
                0x8005d088       0xc4 /opt/devkitpro//libogc/lib/wii/libfat.a(fatdir.o)
                0x8005d088                _FAT_dirnext_r
 .text._FAT_dirclose_r
                0x8005d14c       0x44 /opt/devkitpro//libogc/lib/wii/libfat.a(fatdir.o)
                0x8005d14c                _FAT_dirclose_r
 .text.u16_to_u8array
                0x8005d190       0x10 /opt/devkitpro//libogc/lib/wii/libfat.a(fatfile.o)
 .text._FAT_fat_clusterToSector
                0x8005d1a0       0x28 /opt/devkitpro//libogc/lib/wii/libfat.a(fatfile.o)
 .text._FAT_lock.isra.4
                0x8005d1c8       0x20 /opt/devkitpro//libogc/lib/wii/libfat.a(fatfile.o)
 .text._FAT_unlock.isra.5
                0x8005d1e8       0x20 /opt/devkitpro//libogc/lib/wii/libfat.a(fatfile.o)
 .text._FAT_check_position_for_next_cluster.isra.6
                0x8005d208       0xf0 /opt/devkitpro//libogc/lib/wii/libfat.a(fatfile.o)
 .text._FAT_file_extend_r
                0x8005d2f8      0x2c0 /opt/devkitpro//libogc/lib/wii/libfat.a(fatfile.o)
 .text._FAT_open_r
                0x8005d5b8      0x3f4 /opt/devkitpro//libogc/lib/wii/libfat.a(fatfile.o)
                0x8005d5b8                _FAT_open_r